[0.026s] Invoking command in '/home/aleksantari/ros2_snake_ws/build/yolo_msgs': CMAKE_PREFIX_PATH=/home/aleksantari/ros2_snake_ws/install/snake_segmentation:/home/aleksantari/ros2_ws/install/my_robot_controller:/opt/ros/humble /usr/bin/cmake /home/aleksantari/ros2_snake_ws/src/yolo_ros/yolo_msgs -DAMENT_CMAKE_SYMLINK_INSTALL=1 -DCMAKE_INSTALL_PREFIX=/home/aleksantari/ros2_snake_ws/install/yolo_msgs
[0.134s] -- The C compiler identification is GNU 11.4.0
[0.226s] -- The CXX compiler identification is GNU 11.4.0
[0.235s] -- Detecting C compiler ABI info
[0.298s] -- Detecting C compiler ABI info - done
[0.303s] -- Check for working C compiler: /usr/bin/cc - skipped
[0.304s] -- Detecting C compile features
[0.304s] -- Detecting C compile features - done
[0.307s] -- Detecting CXX compiler ABI info
[0.359s] -- Detecting CXX compiler ABI info - done
[0.364s] -- Check for working CXX compiler: /usr/bin/c++ - skipped
[0.364s] -- Detecting CXX compile features
[0.365s] -- Detecting CXX compile features - done
[0.368s] -- Found ament_cmake: 1.3.11 (/opt/ros/humble/share/ament_cmake/cmake)
[0.485s] -- Found Python3: /usr/bin/python3 (found version "3.10.12") found components: Interpreter 
[0.531s] -- Override CMake install command with custom implementation using symlinks instead of copying resources
[0.560s] -- Found rosidl_default_generators: 1.2.0 (/opt/ros/humble/share/rosidl_default_generators/cmake)
[0.564s] -- Using all available rosidl_typesupport_c: rosidl_typesupport_fastrtps_c;rosidl_typesupport_introspection_c
[0.571s] -- Found rosidl_adapter: 3.1.6 (/opt/ros/humble/share/rosidl_adapter/cmake)
[0.612s] -- Using all available rosidl_typesupport_cpp: rosidl_typesupport_fastrtps_cpp;rosidl_typesupport_introspection_cpp
[0.653s] -- Found std_msgs: 4.8.0 (/opt/ros/humble/share/std_msgs/cmake)
[0.679s] -- Found geometry_msgs: 4.8.0 (/opt/ros/humble/share/geometry_msgs/cmake)
[0.942s] -- Found ament_cmake_ros: 0.10.0 (/opt/ros/humble/share/ament_cmake_ros/cmake)
[1.115s] -- Using all available rosidl_typesupport_c: rosidl_typesupport_fastrtps_c;rosidl_typesupport_introspection_c
[1.325s] -- Using all available rosidl_typesupport_cpp: rosidl_typesupport_fastrtps_cpp;rosidl_typesupport_introspection_cpp
[1.340s] -- Found PythonInterp: /usr/bin/python3 (found suitable version "3.10.12", minimum required is "3.6") 
[1.343s] -- Found python_cmake_module: 0.10.0 (/opt/ros/humble/share/python_cmake_module/cmake)
[1.361s] -- Found PythonLibs: /usr/lib/aarch64-linux-gnu/libpython3.10.so (found suitable version "3.10.12", minimum required is "3.5") 
[1.361s] -- Using PYTHON_EXECUTABLE: /usr/bin/python3
[1.361s] -- Using PYTHON_INCLUDE_DIRS: /usr/include/python3.10
[1.361s] -- Using PYTHON_LIBRARIES: /usr/lib/aarch64-linux-gnu/libpython3.10.so
[1.372s] -- Found PythonExtra: .so  
[1.420s] -- Configuring done
[1.461s] -- Generating done
[1.470s] -- Build files have been written to: /home/aleksantari/ros2_snake_ws/build/yolo_msgs
[1.474s] Invoked command in '/home/aleksantari/ros2_snake_ws/build/yolo_msgs' returned '0': CMAKE_PREFIX_PATH=/home/aleksantari/ros2_snake_ws/install/snake_segmentation:/home/aleksantari/ros2_ws/install/my_robot_controller:/opt/ros/humble /usr/bin/cmake /home/aleksantari/ros2_snake_ws/src/yolo_ros/yolo_msgs -DAMENT_CMAKE_SYMLINK_INSTALL=1 -DCMAKE_INSTALL_PREFIX=/home/aleksantari/ros2_snake_ws/install/yolo_msgs
[1.477s] Invoking command in '/home/aleksantari/ros2_snake_ws/build/yolo_msgs': CMAKE_PREFIX_PATH=/home/aleksantari/ros2_snake_ws/install/snake_segmentation:/home/aleksantari/ros2_ws/install/my_robot_controller:/opt/ros/humble /usr/bin/cmake --build /home/aleksantari/ros2_snake_ws/build/yolo_msgs -- -j2 -l2
[1.500s] [  1%] [34m[1mGenerating C code for ROS interfaces[0m
[1.506s] [  1%] [34m[1mGenerating C++ code for ROS interfaces[0m
[2.344s] [  1%] Built target yolo_msgs__cpp
[2.355s] [  1%] Built target ament_cmake_python_symlink_yolo_msgs
[2.360s] [  3%] [34m[1mGenerating C++ type support dispatch for ROS interfaces[0m
[2.360s] [  3%] [32mBuilding C object CMakeFiles/yolo_msgs__rosidl_generator_c.dir/rosidl_generator_c/yolo_msgs/msg/detail/point2_d__functions.c.o[0m
[2.402s] [  3%] [32mBuilding C object CMakeFiles/yolo_msgs__rosidl_generator_c.dir/rosidl_generator_c/yolo_msgs/msg/detail/vector2__functions.c.o[0m
[2.430s] [  4%] [32mBuilding C object CMakeFiles/yolo_msgs__rosidl_generator_c.dir/rosidl_generator_c/yolo_msgs/msg/detail/pose2_d__functions.c.o[0m
[2.462s] [  5%] [32mBuilding C object CMakeFiles/yolo_msgs__rosidl_generator_c.dir/rosidl_generator_c/yolo_msgs/msg/detail/bounding_box2_d__functions.c.o[0m
[2.490s] [  6%] [32mBuilding C object CMakeFiles/yolo_msgs__rosidl_generator_c.dir/rosidl_generator_c/yolo_msgs/msg/detail/bounding_box3_d__functions.c.o[0m
[2.526s] [  7%] [32mBuilding C object CMakeFiles/yolo_msgs__rosidl_generator_c.dir/rosidl_generator_c/yolo_msgs/msg/detail/mask__functions.c.o[0m
[2.557s] [  7%] [32mBuilding C object CMakeFiles/yolo_msgs__rosidl_generator_c.dir/rosidl_generator_c/yolo_msgs/msg/detail/key_point2_d__functions.c.o[0m
[2.582s] [  8%] [32mBuilding C object CMakeFiles/yolo_msgs__rosidl_generator_c.dir/rosidl_generator_c/yolo_msgs/msg/detail/key_point2_d_array__functions.c.o[0m
[2.608s] [  9%] [32mBuilding C object CMakeFiles/yolo_msgs__rosidl_generator_c.dir/rosidl_generator_c/yolo_msgs/msg/detail/key_point3_d__functions.c.o[0m
[2.634s] [ 10%] [32mBuilding C object CMakeFiles/yolo_msgs__rosidl_generator_c.dir/rosidl_generator_c/yolo_msgs/msg/detail/key_point3_d_array__functions.c.o[0m
[2.667s] [ 11%] [32mBuilding C object CMakeFiles/yolo_msgs__rosidl_generator_c.dir/rosidl_generator_c/yolo_msgs/msg/detail/detection__functions.c.o[0m
[2.703s] [ 11%] [32mBuilding C object CMakeFiles/yolo_msgs__rosidl_generator_c.dir/rosidl_generator_c/yolo_msgs/msg/detail/detection_array__functions.c.o[0m
[2.742s] [ 12%] [32mBuilding C object CMakeFiles/yolo_msgs__rosidl_generator_c.dir/rosidl_generator_c/yolo_msgs/srv/detail/set_classes__functions.c.o[0m
[2.774s] [ 13%] [32m[1mLinking C shared library libyolo_msgs__rosidl_generator_c.so[0m
[2.796s] [ 13%] Built target yolo_msgs__rosidl_generator_c
[2.801s] [ 14%] [34m[1mGenerating C++ type support for eProsima Fast-RTPS[0m
[2.841s] [ 15%] [32mBuilding CXX object CMakeFiles/yolo_msgs__rosidl_typesupport_cpp.dir/rosidl_typesupport_cpp/yolo_msgs/msg/point2_d__type_support.cpp.o[0m
[3.025s] [ 16%] [32mBuilding CXX object CMakeFiles/yolo_msgs__rosidl_typesupport_cpp.dir/rosidl_typesupport_cpp/yolo_msgs/msg/vector2__type_support.cpp.o[0m
[3.167s] [ 16%] [32mBuilding CXX object CMakeFiles/yolo_msgs__rosidl_typesupport_cpp.dir/rosidl_typesupport_cpp/yolo_msgs/msg/pose2_d__type_support.cpp.o[0m
[3.306s] [ 17%] [32mBuilding CXX object CMakeFiles/yolo_msgs__rosidl_typesupport_cpp.dir/rosidl_typesupport_cpp/yolo_msgs/msg/bounding_box2_d__type_support.cpp.o[0m
[3.448s] [ 19%] [32mBuilding CXX object CMakeFiles/yolo_msgs__rosidl_typesupport_fastrtps_cpp.dir/rosidl_typesupport_fastrtps_cpp/yolo_msgs/msg/detail/dds_fastrtps/point2_d__type_support.cpp.o[0m
[3.448s] [ 19%] [32mBuilding CXX object CMakeFiles/yolo_msgs__rosidl_typesupport_cpp.dir/rosidl_typesupport_cpp/yolo_msgs/msg/bounding_box3_d__type_support.cpp.o[0m
[3.595s] [ 20%] [32mBuilding CXX object CMakeFiles/yolo_msgs__rosidl_typesupport_cpp.dir/rosidl_typesupport_cpp/yolo_msgs/msg/mask__type_support.cpp.o[0m
[3.678s] [ 21%] [32mBuilding CXX object CMakeFiles/yolo_msgs__rosidl_typesupport_fastrtps_cpp.dir/rosidl_typesupport_fastrtps_cpp/yolo_msgs/msg/detail/dds_fastrtps/vector2__type_support.cpp.o[0m
[3.734s] [ 22%] [32mBuilding CXX object CMakeFiles/yolo_msgs__rosidl_typesupport_cpp.dir/rosidl_typesupport_cpp/yolo_msgs/msg/key_point2_d__type_support.cpp.o[0m
[3.883s] [ 22%] [32mBuilding CXX object CMakeFiles/yolo_msgs__rosidl_typesupport_cpp.dir/rosidl_typesupport_cpp/yolo_msgs/msg/key_point2_d_array__type_support.cpp.o[0m
[3.903s] [ 23%] [32mBuilding CXX object CMakeFiles/yolo_msgs__rosidl_typesupport_fastrtps_cpp.dir/rosidl_typesupport_fastrtps_cpp/yolo_msgs/msg/detail/dds_fastrtps/pose2_d__type_support.cpp.o[0m
[4.023s] [ 24%] [32mBuilding CXX object CMakeFiles/yolo_msgs__rosidl_typesupport_cpp.dir/rosidl_typesupport_cpp/yolo_msgs/msg/key_point3_d__type_support.cpp.o[0m
[4.108s] [ 24%] [32mBuilding CXX object CMakeFiles/yolo_msgs__rosidl_typesupport_fastrtps_cpp.dir/rosidl_typesupport_fastrtps_cpp/yolo_msgs/msg/detail/dds_fastrtps/bounding_box2_d__type_support.cpp.o[0m
[4.164s] [ 25%] [32mBuilding CXX object CMakeFiles/yolo_msgs__rosidl_typesupport_cpp.dir/rosidl_typesupport_cpp/yolo_msgs/msg/key_point3_d_array__type_support.cpp.o[0m
[4.299s] [ 26%] [32mBuilding CXX object CMakeFiles/yolo_msgs__rosidl_typesupport_cpp.dir/rosidl_typesupport_cpp/yolo_msgs/msg/detection__type_support.cpp.o[0m
[4.317s] [ 27%] [32mBuilding CXX object CMakeFiles/yolo_msgs__rosidl_typesupport_fastrtps_cpp.dir/rosidl_typesupport_fastrtps_cpp/yolo_msgs/msg/detail/dds_fastrtps/bounding_box3_d__type_support.cpp.o[0m
[4.443s] [ 28%] [32mBuilding CXX object CMakeFiles/yolo_msgs__rosidl_typesupport_cpp.dir/rosidl_typesupport_cpp/yolo_msgs/msg/detection_array__type_support.cpp.o[0m
[4.536s] [ 29%] [32mBuilding CXX object CMakeFiles/yolo_msgs__rosidl_typesupport_fastrtps_cpp.dir/rosidl_typesupport_fastrtps_cpp/yolo_msgs/msg/detail/dds_fastrtps/mask__type_support.cpp.o[0m
[4.595s] [ 29%] [32mBuilding CXX object CMakeFiles/yolo_msgs__rosidl_typesupport_cpp.dir/rosidl_typesupport_cpp/yolo_msgs/srv/set_classes__type_support.cpp.o[0m
[4.732s] [ 30%] [32m[1mLinking CXX shared library libyolo_msgs__rosidl_typesupport_cpp.so[0m
[4.764s] [ 30%] Built target yolo_msgs__rosidl_typesupport_cpp
[4.768s] [ 31%] [32mBuilding CXX object CMakeFiles/yolo_msgs__rosidl_typesupport_fastrtps_cpp.dir/rosidl_typesupport_fastrtps_cpp/yolo_msgs/msg/detail/dds_fastrtps/key_point2_d__type_support.cpp.o[0m
[4.768s] [ 31%] [34m[1mGenerating C++ introspection for ROS interfaces[0m
[4.971s] [ 32%] [32mBuilding CXX object CMakeFiles/yolo_msgs__rosidl_typesupport_fastrtps_cpp.dir/rosidl_typesupport_fastrtps_cpp/yolo_msgs/msg/detail/dds_fastrtps/key_point2_d_array__type_support.cpp.o[0m
[5.204s] [ 32%] [32mBuilding CXX object CMakeFiles/yolo_msgs__rosidl_typesupport_fastrtps_cpp.dir/rosidl_typesupport_fastrtps_cpp/yolo_msgs/msg/detail/dds_fastrtps/key_point3_d__type_support.cpp.o[0m
[5.351s] [ 33%] [32mBuilding CXX object CMakeFiles/yolo_msgs__rosidl_typesupport_introspection_cpp.dir/rosidl_typesupport_introspection_cpp/yolo_msgs/msg/detail/point2_d__type_support.cpp.o[0m
[5.415s] [ 34%] [32mBuilding CXX object CMakeFiles/yolo_msgs__rosidl_typesupport_fastrtps_cpp.dir/rosidl_typesupport_fastrtps_cpp/yolo_msgs/msg/detail/dds_fastrtps/key_point3_d_array__type_support.cpp.o[0m
[5.544s] [ 35%] [32mBuilding CXX object CMakeFiles/yolo_msgs__rosidl_typesupport_introspection_cpp.dir/rosidl_typesupport_introspection_cpp/yolo_msgs/msg/detail/vector2__type_support.cpp.o[0m
[5.645s] [ 36%] [32mBuilding CXX object CMakeFiles/yolo_msgs__rosidl_typesupport_fastrtps_cpp.dir/rosidl_typesupport_fastrtps_cpp/yolo_msgs/msg/detail/dds_fastrtps/detection__type_support.cpp.o[0m
[5.746s] [ 37%] [32mBuilding CXX object CMakeFiles/yolo_msgs__rosidl_typesupport_introspection_cpp.dir/rosidl_typesupport_introspection_cpp/yolo_msgs/msg/detail/pose2_d__type_support.cpp.o[0m
[5.873s] [ 38%] [32mBuilding CXX object CMakeFiles/yolo_msgs__rosidl_typesupport_fastrtps_cpp.dir/rosidl_typesupport_fastrtps_cpp/yolo_msgs/msg/detail/dds_fastrtps/detection_array__type_support.cpp.o[0m
[5.935s] [ 39%] [32mBuilding CXX object CMakeFiles/yolo_msgs__rosidl_typesupport_introspection_cpp.dir/rosidl_typesupport_introspection_cpp/yolo_msgs/msg/detail/bounding_box2_d__type_support.cpp.o[0m
[6.155s] [ 39%] [32mBuilding CXX object CMakeFiles/yolo_msgs__rosidl_typesupport_introspection_cpp.dir/rosidl_typesupport_introspection_cpp/yolo_msgs/msg/detail/bounding_box3_d__type_support.cpp.o[0m
[6.162s] [ 40%] [32mBuilding CXX object CMakeFiles/yolo_msgs__rosidl_typesupport_fastrtps_cpp.dir/rosidl_typesupport_fastrtps_cpp/yolo_msgs/srv/detail/dds_fastrtps/set_classes__type_support.cpp.o[0m
[6.361s] [ 41%] [32mBuilding CXX object CMakeFiles/yolo_msgs__rosidl_typesupport_introspection_cpp.dir/rosidl_typesupport_introspection_cpp/yolo_msgs/msg/detail/mask__type_support.cpp.o[0m
[6.416s] [ 41%] [32m[1mLinking CXX shared library libyolo_msgs__rosidl_typesupport_fastrtps_cpp.so[0m
[6.471s] [ 41%] Built target yolo_msgs__rosidl_typesupport_fastrtps_cpp
[6.574s] [ 42%] [32mBuilding CXX object CMakeFiles/yolo_msgs__rosidl_typesupport_introspection_cpp.dir/rosidl_typesupport_introspection_cpp/yolo_msgs/msg/detail/key_point2_d__type_support.cpp.o[0m
[6.606s] running egg_info
[6.607s] creating yolo_msgs.egg-info
[6.607s] writing yolo_msgs.egg-info/PKG-INFO
[6.607s] writing dependency_links to yolo_msgs.egg-info/dependency_links.txt
[6.607s] writing top-level names to yolo_msgs.egg-info/top_level.txt
[6.608s] writing manifest file 'yolo_msgs.egg-info/SOURCES.txt'
[6.609s] reading manifest file 'yolo_msgs.egg-info/SOURCES.txt'
[6.609s] writing manifest file 'yolo_msgs.egg-info/SOURCES.txt'
[6.626s] [ 42%] Built target ament_cmake_python_build_yolo_msgs_egg
[6.632s] [ 43%] [34m[1mGenerating C type support for eProsima Fast-RTPS[0m
[6.779s] [ 44%] [32mBuilding CXX object CMakeFiles/yolo_msgs__rosidl_typesupport_introspection_cpp.dir/rosidl_typesupport_introspection_cpp/yolo_msgs/msg/detail/key_point2_d_array__type_support.cpp.o[0m
[7.004s] [ 45%] [32mBuilding CXX object CMakeFiles/yolo_msgs__rosidl_typesupport_introspection_cpp.dir/rosidl_typesupport_introspection_cpp/yolo_msgs/msg/detail/key_point3_d__type_support.cpp.o[0m
[7.202s] [ 45%] [32mBuilding CXX object CMakeFiles/yolo_msgs__rosidl_typesupport_introspection_cpp.dir/rosidl_typesupport_introspection_cpp/yolo_msgs/msg/detail/key_point3_d_array__type_support.cpp.o[0m
[7.291s] [ 46%] [32mBuilding CXX object CMakeFiles/yolo_msgs__rosidl_typesupport_fastrtps_c.dir/rosidl_typesupport_fastrtps_c/yolo_msgs/msg/detail/point2_d__type_support_c.cpp.o[0m
[7.420s] [ 47%] [32mBuilding CXX object CMakeFiles/yolo_msgs__rosidl_typesupport_introspection_cpp.dir/rosidl_typesupport_introspection_cpp/yolo_msgs/msg/detail/detection__type_support.cpp.o[0m
[7.471s] [ 47%] [32mBuilding CXX object CMakeFiles/yolo_msgs__rosidl_typesupport_fastrtps_c.dir/rosidl_typesupport_fastrtps_c/yolo_msgs/msg/detail/vector2__type_support_c.cpp.o[0m
[7.643s] [ 48%] [32mBuilding CXX object CMakeFiles/yolo_msgs__rosidl_typesupport_introspection_cpp.dir/rosidl_typesupport_introspection_cpp/yolo_msgs/msg/detail/detection_array__type_support.cpp.o[0m
[7.646s] [ 49%] [32mBuilding CXX object CMakeFiles/yolo_msgs__rosidl_typesupport_fastrtps_c.dir/rosidl_typesupport_fastrtps_c/yolo_msgs/msg/detail/pose2_d__type_support_c.cpp.o[0m
[7.823s] [ 50%] [32mBuilding CXX object CMakeFiles/yolo_msgs__rosidl_typesupport_fastrtps_c.dir/rosidl_typesupport_fastrtps_c/yolo_msgs/msg/detail/bounding_box2_d__type_support_c.cpp.o[0m
[7.935s] [ 51%] [32mBuilding CXX object CMakeFiles/yolo_msgs__rosidl_typesupport_introspection_cpp.dir/rosidl_typesupport_introspection_cpp/yolo_msgs/srv/detail/set_classes__type_support.cpp.o[0m
[7.997s] [ 52%] [32mBuilding CXX object CMakeFiles/yolo_msgs__rosidl_typesupport_fastrtps_c.dir/rosidl_typesupport_fastrtps_c/yolo_msgs/msg/detail/bounding_box3_d__type_support_c.cpp.o[0m
[8.163s] [ 53%] [32m[1mLinking CXX shared library libyolo_msgs__rosidl_typesupport_introspection_cpp.so[0m
[8.186s] [ 54%] [32mBuilding CXX object CMakeFiles/yolo_msgs__rosidl_typesupport_fastrtps_c.dir/rosidl_typesupport_fastrtps_c/yolo_msgs/msg/detail/mask__type_support_c.cpp.o[0m
[8.212s] [ 54%] Built target yolo_msgs__rosidl_typesupport_introspection_cpp
[8.217s] [ 55%] [34m[1mGenerating C introspection for ROS interfaces[0m
[8.360s] [ 55%] [32mBuilding CXX object CMakeFiles/yolo_msgs__rosidl_typesupport_fastrtps_c.dir/rosidl_typesupport_fastrtps_c/yolo_msgs/msg/detail/key_point2_d__type_support_c.cpp.o[0m
[8.528s] [ 56%] [32mBuilding CXX object CMakeFiles/yolo_msgs__rosidl_typesupport_fastrtps_c.dir/rosidl_typesupport_fastrtps_c/yolo_msgs/msg/detail/key_point2_d_array__type_support_c.cpp.o[0m
[8.709s] [ 57%] [32mBuilding CXX object CMakeFiles/yolo_msgs__rosidl_typesupport_fastrtps_c.dir/rosidl_typesupport_fastrtps_c/yolo_msgs/msg/detail/key_point3_d__type_support_c.cpp.o[0m
[8.826s] [ 58%] [32mBuilding C object CMakeFiles/yolo_msgs__rosidl_typesupport_introspection_c.dir/rosidl_typesupport_introspection_c/yolo_msgs/msg/detail/point2_d__type_support.c.o[0m
[8.846s] [ 59%] [32mBuilding C object CMakeFiles/yolo_msgs__rosidl_typesupport_introspection_c.dir/rosidl_typesupport_introspection_c/yolo_msgs/msg/detail/vector2__type_support.c.o[0m
[8.870s] [ 59%] [32mBuilding C object CMakeFiles/yolo_msgs__rosidl_typesupport_introspection_c.dir/rosidl_typesupport_introspection_c/yolo_msgs/msg/detail/pose2_d__type_support.c.o[0m
[8.889s] [ 60%] [32mBuilding C object CMakeFiles/yolo_msgs__rosidl_typesupport_introspection_c.dir/rosidl_typesupport_introspection_c/yolo_msgs/msg/detail/bounding_box2_d__type_support.c.o[0m
[8.892s] [ 61%] [32mBuilding CXX object CMakeFiles/yolo_msgs__rosidl_typesupport_fastrtps_c.dir/rosidl_typesupport_fastrtps_c/yolo_msgs/msg/detail/key_point3_d_array__type_support_c.cpp.o[0m
[8.907s] [ 62%] [32mBuilding C object CMakeFiles/yolo_msgs__rosidl_typesupport_introspection_c.dir/rosidl_typesupport_introspection_c/yolo_msgs/msg/detail/bounding_box3_d__type_support.c.o[0m
[8.929s] [ 63%] [32mBuilding C object CMakeFiles/yolo_msgs__rosidl_typesupport_introspection_c.dir/rosidl_typesupport_introspection_c/yolo_msgs/msg/detail/mask__type_support.c.o[0m
[8.955s] [ 64%] [32mBuilding C object CMakeFiles/yolo_msgs__rosidl_typesupport_introspection_c.dir/rosidl_typesupport_introspection_c/yolo_msgs/msg/detail/key_point2_d__type_support.c.o[0m
[8.974s] [ 64%] [32mBuilding C object CMakeFiles/yolo_msgs__rosidl_typesupport_introspection_c.dir/rosidl_typesupport_introspection_c/yolo_msgs/msg/detail/key_point2_d_array__type_support.c.o[0m
[8.994s] [ 65%] [32mBuilding C object CMakeFiles/yolo_msgs__rosidl_typesupport_introspection_c.dir/rosidl_typesupport_introspection_c/yolo_msgs/msg/detail/key_point3_d__type_support.c.o[0m
[9.014s] [ 66%] [32mBuilding C object CMakeFiles/yolo_msgs__rosidl_typesupport_introspection_c.dir/rosidl_typesupport_introspection_c/yolo_msgs/msg/detail/key_point3_d_array__type_support.c.o[0m
[9.034s] [ 67%] [32mBuilding C object CMakeFiles/yolo_msgs__rosidl_typesupport_introspection_c.dir/rosidl_typesupport_introspection_c/yolo_msgs/msg/detail/detection__type_support.c.o[0m
[9.059s] [ 68%] [32mBuilding C object CMakeFiles/yolo_msgs__rosidl_typesupport_introspection_c.dir/rosidl_typesupport_introspection_c/yolo_msgs/msg/detail/detection_array__type_support.c.o[0m
[9.079s] [ 69%] [32mBuilding CXX object CMakeFiles/yolo_msgs__rosidl_typesupport_fastrtps_c.dir/rosidl_typesupport_fastrtps_c/yolo_msgs/msg/detail/detection__type_support_c.cpp.o[0m
[9.084s] [ 69%] [32mBuilding C object CMakeFiles/yolo_msgs__rosidl_typesupport_introspection_c.dir/rosidl_typesupport_introspection_c/yolo_msgs/srv/detail/set_classes__type_support.c.o[0m
[9.106s] [ 70%] [32m[1mLinking C shared library libyolo_msgs__rosidl_typesupport_introspection_c.so[0m
[9.127s] [ 70%] Built target yolo_msgs__rosidl_typesupport_introspection_c
[9.132s] [ 71%] [34m[1mGenerating C type support dispatch for ROS interfaces[0m
[9.267s] [ 71%] [32mBuilding CXX object CMakeFiles/yolo_msgs__rosidl_typesupport_fastrtps_c.dir/rosidl_typesupport_fastrtps_c/yolo_msgs/msg/detail/detection_array__type_support_c.cpp.o[0m
[9.445s] [ 72%] [32mBuilding CXX object CMakeFiles/yolo_msgs__rosidl_typesupport_fastrtps_c.dir/rosidl_typesupport_fastrtps_c/yolo_msgs/srv/detail/set_classes__type_support_c.cpp.o[0m
[9.597s] [ 72%] [32mBuilding CXX object CMakeFiles/yolo_msgs__rosidl_typesupport_c.dir/rosidl_typesupport_c/yolo_msgs/msg/point2_d__type_support.cpp.o[0m
[9.614s] [ 73%] [32mBuilding CXX object CMakeFiles/yolo_msgs__rosidl_typesupport_c.dir/rosidl_typesupport_c/yolo_msgs/msg/vector2__type_support.cpp.o[0m
[9.628s] [ 74%] [32m[1mLinking CXX shared library libyolo_msgs__rosidl_typesupport_fastrtps_c.so[0m
[9.630s] [ 75%] [32mBuilding CXX object CMakeFiles/yolo_msgs__rosidl_typesupport_c.dir/rosidl_typesupport_c/yolo_msgs/msg/pose2_d__type_support.cpp.o[0m
[9.652s] [ 76%] [32mBuilding CXX object CMakeFiles/yolo_msgs__rosidl_typesupport_c.dir/rosidl_typesupport_c/yolo_msgs/msg/bounding_box2_d__type_support.cpp.o[0m
[9.669s] [ 77%] [32mBuilding CXX object CMakeFiles/yolo_msgs__rosidl_typesupport_c.dir/rosidl_typesupport_c/yolo_msgs/msg/bounding_box3_d__type_support.cpp.o[0m
[9.676s] [ 77%] Built target yolo_msgs__rosidl_typesupport_fastrtps_c
[9.680s] [ 77%] [32mBuilding CXX object CMakeFiles/yolo_msgs__rosidl_typesupport_c.dir/rosidl_typesupport_c/yolo_msgs/msg/mask__type_support.cpp.o[0m
[9.687s] [ 78%] [32mBuilding CXX object CMakeFiles/yolo_msgs__rosidl_typesupport_c.dir/rosidl_typesupport_c/yolo_msgs/msg/key_point2_d__type_support.cpp.o[0m
[9.698s] [ 79%] [32mBuilding CXX object CMakeFiles/yolo_msgs__rosidl_typesupport_c.dir/rosidl_typesupport_c/yolo_msgs/msg/key_point2_d_array__type_support.cpp.o[0m
[9.704s] [ 80%] [32mBuilding CXX object CMakeFiles/yolo_msgs__rosidl_typesupport_c.dir/rosidl_typesupport_c/yolo_msgs/msg/key_point3_d__type_support.cpp.o[0m
[9.715s] [ 81%] [32mBuilding CXX object CMakeFiles/yolo_msgs__rosidl_typesupport_c.dir/rosidl_typesupport_c/yolo_msgs/msg/key_point3_d_array__type_support.cpp.o[0m
[9.721s] [ 81%] [32mBuilding CXX object CMakeFiles/yolo_msgs__rosidl_typesupport_c.dir/rosidl_typesupport_c/yolo_msgs/msg/detection__type_support.cpp.o[0m
[9.733s] [ 82%] [32mBuilding CXX object CMakeFiles/yolo_msgs__rosidl_typesupport_c.dir/rosidl_typesupport_c/yolo_msgs/msg/detection_array__type_support.cpp.o[0m
[9.739s] [ 83%] [32mBuilding CXX object CMakeFiles/yolo_msgs__rosidl_typesupport_c.dir/rosidl_typesupport_c/yolo_msgs/srv/set_classes__type_support.cpp.o[0m
[9.762s] [ 84%] [32m[1mLinking CXX shared library libyolo_msgs__rosidl_typesupport_c.so[0m
[9.784s] [ 84%] Built target yolo_msgs__rosidl_typesupport_c
[9.793s] [ 84%] Built target yolo_msgs
[9.802s] [ 85%] [34m[1mGenerating Python code for ROS interfaces[0m
[10.870s] [ 85%] Built target yolo_msgs__py
[10.879s] [ 86%] [32mBuilding C object CMakeFiles/yolo_msgs__rosidl_generator_py.dir/rosidl_generator_py/yolo_msgs/msg/_point2_d_s.c.o[0m
[10.880s] [ 86%] [32mBuilding C object CMakeFiles/yolo_msgs__rosidl_generator_py.dir/rosidl_generator_py/yolo_msgs/msg/_vector2_s.c.o[0m
[10.961s] [ 87%] [32mBuilding C object CMakeFiles/yolo_msgs__rosidl_generator_py.dir/rosidl_generator_py/yolo_msgs/msg/_pose2_d_s.c.o[0m
[10.970s] [ 88%] [32mBuilding C object CMakeFiles/yolo_msgs__rosidl_generator_py.dir/rosidl_generator_py/yolo_msgs/msg/_bounding_box2_d_s.c.o[0m
[11.020s] [ 89%] [32mBuilding C object CMakeFiles/yolo_msgs__rosidl_generator_py.dir/rosidl_generator_py/yolo_msgs/msg/_bounding_box3_d_s.c.o[0m
[11.027s] [ 90%] [32mBuilding C object CMakeFiles/yolo_msgs__rosidl_generator_py.dir/rosidl_generator_py/yolo_msgs/msg/_mask_s.c.o[0m
[11.089s] [ 90%] [32mBuilding C object CMakeFiles/yolo_msgs__rosidl_generator_py.dir/rosidl_generator_py/yolo_msgs/msg/_key_point2_d_s.c.o[0m
[11.108s] [ 91%] [32mBuilding C object CMakeFiles/yolo_msgs__rosidl_generator_py.dir/rosidl_generator_py/yolo_msgs/msg/_key_point2_d_array_s.c.o[0m
[11.154s] [ 92%] [32mBuilding C object CMakeFiles/yolo_msgs__rosidl_generator_py.dir/rosidl_generator_py/yolo_msgs/msg/_key_point3_d_s.c.o[0m
[11.172s] [ 93%] [32mBuilding C object CMakeFiles/yolo_msgs__rosidl_generator_py.dir/rosidl_generator_py/yolo_msgs/msg/_key_point3_d_array_s.c.o[0m
[11.213s] [ 94%] [32mBuilding C object CMakeFiles/yolo_msgs__rosidl_generator_py.dir/rosidl_generator_py/yolo_msgs/msg/_detection_s.c.o[0m
[11.233s] [ 94%] [32mBuilding C object CMakeFiles/yolo_msgs__rosidl_generator_py.dir/rosidl_generator_py/yolo_msgs/msg/_detection_array_s.c.o[0m
[11.283s] [ 95%] [32mBuilding C object CMakeFiles/yolo_msgs__rosidl_generator_py.dir/rosidl_generator_py/yolo_msgs/srv/_set_classes_s.c.o[0m
[11.348s] [ 96%] [32m[1mLinking C shared library rosidl_generator_py/yolo_msgs/libyolo_msgs__rosidl_generator_py.so[0m
[11.380s] [ 96%] Built target yolo_msgs__rosidl_generator_py
[11.390s] [ 98%] [32mBuilding C object CMakeFiles/yolo_msgs__rosidl_typesupport_fastrtps_c__pyext.dir/rosidl_generator_py/yolo_msgs/_yolo_msgs_s.ep.rosidl_typesupport_fastrtps_c.c.o[0m
[11.390s] [ 98%] [32mBuilding C object CMakeFiles/yolo_msgs__rosidl_typesupport_introspection_c__pyext.dir/rosidl_generator_py/yolo_msgs/_yolo_msgs_s.ep.rosidl_typesupport_introspection_c.c.o[0m
[11.473s] [ 99%] [32m[1mLinking C shared library rosidl_generator_py/yolo_msgs/yolo_msgs_s__rosidl_typesupport_introspection_c.cpython-310-aarch64-linux-gnu.so[0m
[11.474s] [ 99%] [32m[1mLinking C shared library rosidl_generator_py/yolo_msgs/yolo_msgs_s__rosidl_typesupport_fastrtps_c.cpython-310-aarch64-linux-gnu.so[0m
[11.494s] [ 99%] Built target yolo_msgs__rosidl_typesupport_introspection_c__pyext
[11.496s] [ 99%] Built target yolo_msgs__rosidl_typesupport_fastrtps_c__pyext
[11.504s] [100%] [32mBuilding C object CMakeFiles/yolo_msgs__rosidl_typesupport_c__pyext.dir/rosidl_generator_py/yolo_msgs/_yolo_msgs_s.ep.rosidl_typesupport_c.c.o[0m
[11.588s] [100%] [32m[1mLinking C shared library rosidl_generator_py/yolo_msgs/yolo_msgs_s__rosidl_typesupport_c.cpython-310-aarch64-linux-gnu.so[0m
[11.610s] [100%] Built target yolo_msgs__rosidl_typesupport_c__pyext
[11.617s] Invoked command in '/home/aleksantari/ros2_snake_ws/build/yolo_msgs' returned '0': CMAKE_PREFIX_PATH=/home/aleksantari/ros2_snake_ws/install/snake_segmentation:/home/aleksantari/ros2_ws/install/my_robot_controller:/opt/ros/humble /usr/bin/cmake --build /home/aleksantari/ros2_snake_ws/build/yolo_msgs -- -j2 -l2
[11.623s] Invoking command in '/home/aleksantari/ros2_snake_ws/build/yolo_msgs': CMAKE_PREFIX_PATH=/home/aleksantari/ros2_snake_ws/install/snake_segmentation:/home/aleksantari/ros2_ws/install/my_robot_controller:/opt/ros/humble /usr/bin/cmake --install /home/aleksantari/ros2_snake_ws/build/yolo_msgs
[11.627s] -- Install configuration: ""
[11.627s] -- Execute custom install script
[11.628s] -- Symlinking: /home/aleksantari/ros2_snake_ws/install/yolo_msgs/share/ament_index/resource_index/rosidl_interfaces/yolo_msgs
[11.633s] -- Symlinking: /home/aleksantari/ros2_snake_ws/install/yolo_msgs/include/yolo_msgs/yolo_msgs/msg/bounding_box2_d.h
[11.638s] -- Symlinking: /home/aleksantari/ros2_snake_ws/install/yolo_msgs/include/yolo_msgs/yolo_msgs/msg/bounding_box3_d.h
[11.643s] -- Symlinking: /home/aleksantari/ros2_snake_ws/install/yolo_msgs/include/yolo_msgs/yolo_msgs/msg/detail/bounding_box2_d__functions.h
[11.647s] -- Symlinking: /home/aleksantari/ros2_snake_ws/install/yolo_msgs/include/yolo_msgs/yolo_msgs/msg/detail/bounding_box2_d__struct.h
[11.652s] -- Symlinking: /home/aleksantari/ros2_snake_ws/install/yolo_msgs/include/yolo_msgs/yolo_msgs/msg/detail/bounding_box2_d__type_support.h
[11.661s] -- Symlinking: /home/aleksantari/ros2_snake_ws/install/yolo_msgs/include/yolo_msgs/yolo_msgs/msg/detail/bounding_box3_d__functions.h
[11.666s] -- Symlinking: /home/aleksantari/ros2_snake_ws/install/yolo_msgs/include/yolo_msgs/yolo_msgs/msg/detail/bounding_box3_d__struct.h
[11.671s] -- Symlinking: /home/aleksantari/ros2_snake_ws/install/yolo_msgs/include/yolo_msgs/yolo_msgs/msg/detail/bounding_box3_d__type_support.h
[11.676s] -- Symlinking: /home/aleksantari/ros2_snake_ws/install/yolo_msgs/include/yolo_msgs/yolo_msgs/msg/detail/detection__functions.h
[11.685s] -- Symlinking: /home/aleksantari/ros2_snake_ws/install/yolo_msgs/include/yolo_msgs/yolo_msgs/msg/detail/detection__struct.h
[11.690s] -- Symlinking: /home/aleksantari/ros2_snake_ws/install/yolo_msgs/include/yolo_msgs/yolo_msgs/msg/detail/detection__type_support.h
[11.694s] -- Symlinking: /home/aleksantari/ros2_snake_ws/install/yolo_msgs/include/yolo_msgs/yolo_msgs/msg/detail/detection_array__functions.h
[11.699s] -- Symlinking: /home/aleksantari/ros2_snake_ws/install/yolo_msgs/include/yolo_msgs/yolo_msgs/msg/detail/detection_array__struct.h
[11.703s] -- Symlinking: /home/aleksantari/ros2_snake_ws/install/yolo_msgs/include/yolo_msgs/yolo_msgs/msg/detail/detection_array__type_support.h
[11.707s] -- Symlinking: /home/aleksantari/ros2_snake_ws/install/yolo_msgs/include/yolo_msgs/yolo_msgs/msg/detail/key_point2_d__functions.h
[11.712s] -- Symlinking: /home/aleksantari/ros2_snake_ws/install/yolo_msgs/include/yolo_msgs/yolo_msgs/msg/detail/key_point2_d__struct.h
[11.717s] -- Symlinking: /home/aleksantari/ros2_snake_ws/install/yolo_msgs/include/yolo_msgs/yolo_msgs/msg/detail/key_point2_d__type_support.h
[11.721s] -- Symlinking: /home/aleksantari/ros2_snake_ws/install/yolo_msgs/include/yolo_msgs/yolo_msgs/msg/detail/key_point2_d_array__functions.h
[11.726s] -- Symlinking: /home/aleksantari/ros2_snake_ws/install/yolo_msgs/include/yolo_msgs/yolo_msgs/msg/detail/key_point2_d_array__struct.h
[11.730s] -- Symlinking: /home/aleksantari/ros2_snake_ws/install/yolo_msgs/include/yolo_msgs/yolo_msgs/msg/detail/key_point2_d_array__type_support.h
[11.733s] -- Symlinking: /home/aleksantari/ros2_snake_ws/install/yolo_msgs/include/yolo_msgs/yolo_msgs/msg/detail/key_point3_d__functions.h
[11.738s] -- Symlinking: /home/aleksantari/ros2_snake_ws/install/yolo_msgs/include/yolo_msgs/yolo_msgs/msg/detail/key_point3_d__struct.h
[11.742s] -- Symlinking: /home/aleksantari/ros2_snake_ws/install/yolo_msgs/include/yolo_msgs/yolo_msgs/msg/detail/key_point3_d__type_support.h
[11.746s] -- Symlinking: /home/aleksantari/ros2_snake_ws/install/yolo_msgs/include/yolo_msgs/yolo_msgs/msg/detail/key_point3_d_array__functions.h
[11.755s] -- Symlinking: /home/aleksantari/ros2_snake_ws/install/yolo_msgs/include/yolo_msgs/yolo_msgs/msg/detail/key_point3_d_array__struct.h
[11.759s] -- Symlinking: /home/aleksantari/ros2_snake_ws/install/yolo_msgs/include/yolo_msgs/yolo_msgs/msg/detail/key_point3_d_array__type_support.h
[11.764s] -- Symlinking: /home/aleksantari/ros2_snake_ws/install/yolo_msgs/include/yolo_msgs/yolo_msgs/msg/detail/mask__functions.h
[11.769s] -- Symlinking: /home/aleksantari/ros2_snake_ws/install/yolo_msgs/include/yolo_msgs/yolo_msgs/msg/detail/mask__struct.h
[11.773s] -- Symlinking: /home/aleksantari/ros2_snake_ws/install/yolo_msgs/include/yolo_msgs/yolo_msgs/msg/detail/mask__type_support.h
[11.778s] -- Symlinking: /home/aleksantari/ros2_snake_ws/install/yolo_msgs/include/yolo_msgs/yolo_msgs/msg/detail/point2_d__functions.h
[11.782s] -- Symlinking: /home/aleksantari/ros2_snake_ws/install/yolo_msgs/include/yolo_msgs/yolo_msgs/msg/detail/point2_d__struct.h
[11.787s] -- Symlinking: /home/aleksantari/ros2_snake_ws/install/yolo_msgs/include/yolo_msgs/yolo_msgs/msg/detail/point2_d__type_support.h
[11.791s] -- Symlinking: /home/aleksantari/ros2_snake_ws/install/yolo_msgs/include/yolo_msgs/yolo_msgs/msg/detail/pose2_d__functions.h
[11.796s] -- Symlinking: /home/aleksantari/ros2_snake_ws/install/yolo_msgs/include/yolo_msgs/yolo_msgs/msg/detail/pose2_d__struct.h
[11.799s] -- Symlinking: /home/aleksantari/ros2_snake_ws/install/yolo_msgs/include/yolo_msgs/yolo_msgs/msg/detail/pose2_d__type_support.h
[11.804s] -- Symlinking: /home/aleksantari/ros2_snake_ws/install/yolo_msgs/include/yolo_msgs/yolo_msgs/msg/detail/vector2__functions.h
[11.809s] -- Symlinking: /home/aleksantari/ros2_snake_ws/install/yolo_msgs/include/yolo_msgs/yolo_msgs/msg/detail/vector2__struct.h
[11.813s] -- Symlinking: /home/aleksantari/ros2_snake_ws/install/yolo_msgs/include/yolo_msgs/yolo_msgs/msg/detail/vector2__type_support.h
[11.817s] -- Symlinking: /home/aleksantari/ros2_snake_ws/install/yolo_msgs/include/yolo_msgs/yolo_msgs/msg/detection.h
[11.821s] -- Symlinking: /home/aleksantari/ros2_snake_ws/install/yolo_msgs/include/yolo_msgs/yolo_msgs/msg/detection_array.h
[11.825s] -- Symlinking: /home/aleksantari/ros2_snake_ws/install/yolo_msgs/include/yolo_msgs/yolo_msgs/msg/key_point2_d.h
[11.829s] -- Symlinking: /home/aleksantari/ros2_snake_ws/install/yolo_msgs/include/yolo_msgs/yolo_msgs/msg/key_point2_d_array.h
[11.833s] -- Symlinking: /home/aleksantari/ros2_snake_ws/install/yolo_msgs/include/yolo_msgs/yolo_msgs/msg/key_point3_d.h
[11.837s] -- Symlinking: /home/aleksantari/ros2_snake_ws/install/yolo_msgs/include/yolo_msgs/yolo_msgs/msg/key_point3_d_array.h
[11.841s] -- Symlinking: /home/aleksantari/ros2_snake_ws/install/yolo_msgs/include/yolo_msgs/yolo_msgs/msg/mask.h
[11.845s] -- Symlinking: /home/aleksantari/ros2_snake_ws/install/yolo_msgs/include/yolo_msgs/yolo_msgs/msg/point2_d.h
[11.850s] -- Symlinking: /home/aleksantari/ros2_snake_ws/install/yolo_msgs/include/yolo_msgs/yolo_msgs/msg/pose2_d.h
[11.860s] -- Symlinking: /home/aleksantari/ros2_snake_ws/install/yolo_msgs/include/yolo_msgs/yolo_msgs/msg/rosidl_generator_c__visibility_control.h
[11.860s] -- Symlinking: /home/aleksantari/ros2_snake_ws/install/yolo_msgs/include/yolo_msgs/yolo_msgs/msg/vector2.h
[11.860s] -- Symlinking: /home/aleksantari/ros2_snake_ws/install/yolo_msgs/include/yolo_msgs/yolo_msgs/srv/detail/set_classes__functions.h
[11.865s] -- Symlinking: /home/aleksantari/ros2_snake_ws/install/yolo_msgs/include/yolo_msgs/yolo_msgs/srv/detail/set_classes__struct.h
[11.869s] -- Symlinking: /home/aleksantari/ros2_snake_ws/install/yolo_msgs/include/yolo_msgs/yolo_msgs/srv/detail/set_classes__type_support.h
[11.873s] -- Symlinking: /home/aleksantari/ros2_snake_ws/install/yolo_msgs/include/yolo_msgs/yolo_msgs/srv/set_classes.h
[11.876s] -- Symlinking: /home/aleksantari/ros2_snake_ws/install/yolo_msgs/share/yolo_msgs/environment/library_path.sh
[11.881s] -- Symlinking: /home/aleksantari/ros2_snake_ws/install/yolo_msgs/share/yolo_msgs/environment/library_path.dsv
[11.885s] -- Symlinking: /home/aleksantari/ros2_snake_ws/install/yolo_msgs/include/yolo_msgs/yolo_msgs/msg/detail/bounding_box2_d__rosidl_typesupport_fastrtps_c.h
[11.889s] -- Symlinking: /home/aleksantari/ros2_snake_ws/install/yolo_msgs/include/yolo_msgs/yolo_msgs/msg/detail/bounding_box3_d__rosidl_typesupport_fastrtps_c.h
[11.893s] -- Symlinking: /home/aleksantari/ros2_snake_ws/install/yolo_msgs/include/yolo_msgs/yolo_msgs/msg/detail/detection__rosidl_typesupport_fastrtps_c.h
[11.896s] -- Symlinking: /home/aleksantari/ros2_snake_ws/install/yolo_msgs/include/yolo_msgs/yolo_msgs/msg/detail/detection_array__rosidl_typesupport_fastrtps_c.h
[11.900s] -- Symlinking: /home/aleksantari/ros2_snake_ws/install/yolo_msgs/include/yolo_msgs/yolo_msgs/msg/detail/key_point2_d__rosidl_typesupport_fastrtps_c.h
[11.904s] -- Symlinking: /home/aleksantari/ros2_snake_ws/install/yolo_msgs/include/yolo_msgs/yolo_msgs/msg/detail/key_point2_d_array__rosidl_typesupport_fastrtps_c.h
[11.907s] -- Symlinking: /home/aleksantari/ros2_snake_ws/install/yolo_msgs/include/yolo_msgs/yolo_msgs/msg/detail/key_point3_d__rosidl_typesupport_fastrtps_c.h
[11.911s] -- Symlinking: /home/aleksantari/ros2_snake_ws/install/yolo_msgs/include/yolo_msgs/yolo_msgs/msg/detail/key_point3_d_array__rosidl_typesupport_fastrtps_c.h
[11.915s] -- Symlinking: /home/aleksantari/ros2_snake_ws/install/yolo_msgs/include/yolo_msgs/yolo_msgs/msg/detail/mask__rosidl_typesupport_fastrtps_c.h
[11.918s] -- Symlinking: /home/aleksantari/ros2_snake_ws/install/yolo_msgs/include/yolo_msgs/yolo_msgs/msg/detail/point2_d__rosidl_typesupport_fastrtps_c.h
[11.921s] -- Symlinking: /home/aleksantari/ros2_snake_ws/install/yolo_msgs/include/yolo_msgs/yolo_msgs/msg/detail/pose2_d__rosidl_typesupport_fastrtps_c.h
[11.925s] -- Symlinking: /home/aleksantari/ros2_snake_ws/install/yolo_msgs/include/yolo_msgs/yolo_msgs/msg/detail/vector2__rosidl_typesupport_fastrtps_c.h
[11.929s] -- Symlinking: /home/aleksantari/ros2_snake_ws/install/yolo_msgs/include/yolo_msgs/yolo_msgs/msg/rosidl_typesupport_fastrtps_c__visibility_control.h
[11.933s] -- Symlinking: /home/aleksantari/ros2_snake_ws/install/yolo_msgs/include/yolo_msgs/yolo_msgs/srv/detail/set_classes__rosidl_typesupport_fastrtps_c.h
[11.937s] -- Symlinking: /home/aleksantari/ros2_snake_ws/install/yolo_msgs/include/yolo_msgs/yolo_msgs/msg/detail/bounding_box2_d__rosidl_typesupport_introspection_c.h
[11.941s] -- Symlinking: /home/aleksantari/ros2_snake_ws/install/yolo_msgs/include/yolo_msgs/yolo_msgs/msg/detail/bounding_box3_d__rosidl_typesupport_introspection_c.h
[11.945s] -- Symlinking: /home/aleksantari/ros2_snake_ws/install/yolo_msgs/include/yolo_msgs/yolo_msgs/msg/detail/detection__rosidl_typesupport_introspection_c.h
[11.950s] -- Symlinking: /home/aleksantari/ros2_snake_ws/install/yolo_msgs/include/yolo_msgs/yolo_msgs/msg/detail/detection_array__rosidl_typesupport_introspection_c.h
[11.956s] -- Symlinking: /home/aleksantari/ros2_snake_ws/install/yolo_msgs/include/yolo_msgs/yolo_msgs/msg/detail/key_point2_d__rosidl_typesupport_introspection_c.h
[11.957s] -- Symlinking: /home/aleksantari/ros2_snake_ws/install/yolo_msgs/include/yolo_msgs/yolo_msgs/msg/detail/key_point2_d_array__rosidl_typesupport_introspection_c.h
[11.961s] -- Symlinking: /home/aleksantari/ros2_snake_ws/install/yolo_msgs/include/yolo_msgs/yolo_msgs/msg/detail/key_point3_d__rosidl_typesupport_introspection_c.h
[11.965s] -- Symlinking: /home/aleksantari/ros2_snake_ws/install/yolo_msgs/include/yolo_msgs/yolo_msgs/msg/detail/key_point3_d_array__rosidl_typesupport_introspection_c.h
[11.969s] -- Symlinking: /home/aleksantari/ros2_snake_ws/install/yolo_msgs/include/yolo_msgs/yolo_msgs/msg/detail/mask__rosidl_typesupport_introspection_c.h
[11.974s] -- Symlinking: /home/aleksantari/ros2_snake_ws/install/yolo_msgs/include/yolo_msgs/yolo_msgs/msg/detail/point2_d__rosidl_typesupport_introspection_c.h
[11.978s] -- Symlinking: /home/aleksantari/ros2_snake_ws/install/yolo_msgs/include/yolo_msgs/yolo_msgs/msg/detail/pose2_d__rosidl_typesupport_introspection_c.h
[11.981s] -- Symlinking: /home/aleksantari/ros2_snake_ws/install/yolo_msgs/include/yolo_msgs/yolo_msgs/msg/detail/vector2__rosidl_typesupport_introspection_c.h
[11.985s] -- Symlinking: /home/aleksantari/ros2_snake_ws/install/yolo_msgs/include/yolo_msgs/yolo_msgs/msg/rosidl_typesupport_introspection_c__visibility_control.h
[11.989s] -- Symlinking: /home/aleksantari/ros2_snake_ws/install/yolo_msgs/include/yolo_msgs/yolo_msgs/srv/detail/set_classes__rosidl_typesupport_introspection_c.h
[11.993s] -- Symlinking: /home/aleksantari/ros2_snake_ws/install/yolo_msgs/include/yolo_msgs/yolo_msgs/msg/bounding_box2_d.hpp
[11.997s] -- Symlinking: /home/aleksantari/ros2_snake_ws/install/yolo_msgs/include/yolo_msgs/yolo_msgs/msg/bounding_box3_d.hpp
[12.000s] -- Symlinking: /home/aleksantari/ros2_snake_ws/install/yolo_msgs/include/yolo_msgs/yolo_msgs/msg/detail/bounding_box2_d__builder.hpp
[12.004s] -- Symlinking: /home/aleksantari/ros2_snake_ws/install/yolo_msgs/include/yolo_msgs/yolo_msgs/msg/detail/bounding_box2_d__struct.hpp
[12.008s] -- Symlinking: /home/aleksantari/ros2_snake_ws/install/yolo_msgs/include/yolo_msgs/yolo_msgs/msg/detail/bounding_box2_d__traits.hpp
[12.012s] -- Symlinking: /home/aleksantari/ros2_snake_ws/install/yolo_msgs/include/yolo_msgs/yolo_msgs/msg/detail/bounding_box2_d__type_support.hpp
[12.016s] -- Symlinking: /home/aleksantari/ros2_snake_ws/install/yolo_msgs/include/yolo_msgs/yolo_msgs/msg/detail/bounding_box3_d__builder.hpp
[12.019s] -- Symlinking: /home/aleksantari/ros2_snake_ws/install/yolo_msgs/include/yolo_msgs/yolo_msgs/msg/detail/bounding_box3_d__struct.hpp
[12.023s] -- Symlinking: /home/aleksantari/ros2_snake_ws/install/yolo_msgs/include/yolo_msgs/yolo_msgs/msg/detail/bounding_box3_d__traits.hpp
[12.026s] -- Symlinking: /home/aleksantari/ros2_snake_ws/install/yolo_msgs/include/yolo_msgs/yolo_msgs/msg/detail/bounding_box3_d__type_support.hpp
[12.031s] -- Symlinking: /home/aleksantari/ros2_snake_ws/install/yolo_msgs/include/yolo_msgs/yolo_msgs/msg/detail/detection__builder.hpp
[12.035s] -- Symlinking: /home/aleksantari/ros2_snake_ws/install/yolo_msgs/include/yolo_msgs/yolo_msgs/msg/detail/detection__struct.hpp
[12.039s] -- Symlinking: /home/aleksantari/ros2_snake_ws/install/yolo_msgs/include/yolo_msgs/yolo_msgs/msg/detail/detection__traits.hpp
[12.043s] -- Symlinking: /home/aleksantari/ros2_snake_ws/install/yolo_msgs/include/yolo_msgs/yolo_msgs/msg/detail/detection__type_support.hpp
[12.046s] -- Symlinking: /home/aleksantari/ros2_snake_ws/install/yolo_msgs/include/yolo_msgs/yolo_msgs/msg/detail/detection_array__builder.hpp
[12.050s] -- Symlinking: /home/aleksantari/ros2_snake_ws/install/yolo_msgs/include/yolo_msgs/yolo_msgs/msg/detail/detection_array__struct.hpp
[12.054s] -- Symlinking: /home/aleksantari/ros2_snake_ws/install/yolo_msgs/include/yolo_msgs/yolo_msgs/msg/detail/detection_array__traits.hpp
[12.060s] -- Symlinking: /home/aleksantari/ros2_snake_ws/install/yolo_msgs/include/yolo_msgs/yolo_msgs/msg/detail/detection_array__type_support.hpp
[12.062s] -- Symlinking: /home/aleksantari/ros2_snake_ws/install/yolo_msgs/include/yolo_msgs/yolo_msgs/msg/detail/key_point2_d__builder.hpp
[12.067s] -- Symlinking: /home/aleksantari/ros2_snake_ws/install/yolo_msgs/include/yolo_msgs/yolo_msgs/msg/detail/key_point2_d__struct.hpp
[12.072s] -- Symlinking: /home/aleksantari/ros2_snake_ws/install/yolo_msgs/include/yolo_msgs/yolo_msgs/msg/detail/key_point2_d__traits.hpp
[12.076s] -- Symlinking: /home/aleksantari/ros2_snake_ws/install/yolo_msgs/include/yolo_msgs/yolo_msgs/msg/detail/key_point2_d__type_support.hpp
[12.080s] -- Symlinking: /home/aleksantari/ros2_snake_ws/install/yolo_msgs/include/yolo_msgs/yolo_msgs/msg/detail/key_point2_d_array__builder.hpp
[12.084s] -- Symlinking: /home/aleksantari/ros2_snake_ws/install/yolo_msgs/include/yolo_msgs/yolo_msgs/msg/detail/key_point2_d_array__struct.hpp
[12.087s] -- Symlinking: /home/aleksantari/ros2_snake_ws/install/yolo_msgs/include/yolo_msgs/yolo_msgs/msg/detail/key_point2_d_array__traits.hpp
[12.091s] -- Symlinking: /home/aleksantari/ros2_snake_ws/install/yolo_msgs/include/yolo_msgs/yolo_msgs/msg/detail/key_point2_d_array__type_support.hpp
[12.095s] -- Symlinking: /home/aleksantari/ros2_snake_ws/install/yolo_msgs/include/yolo_msgs/yolo_msgs/msg/detail/key_point3_d__builder.hpp
[12.098s] -- Symlinking: /home/aleksantari/ros2_snake_ws/install/yolo_msgs/include/yolo_msgs/yolo_msgs/msg/detail/key_point3_d__struct.hpp
[12.102s] -- Symlinking: /home/aleksantari/ros2_snake_ws/install/yolo_msgs/include/yolo_msgs/yolo_msgs/msg/detail/key_point3_d__traits.hpp
[12.106s] -- Symlinking: /home/aleksantari/ros2_snake_ws/install/yolo_msgs/include/yolo_msgs/yolo_msgs/msg/detail/key_point3_d__type_support.hpp
[12.110s] -- Symlinking: /home/aleksantari/ros2_snake_ws/install/yolo_msgs/include/yolo_msgs/yolo_msgs/msg/detail/key_point3_d_array__builder.hpp
[12.113s] -- Symlinking: /home/aleksantari/ros2_snake_ws/install/yolo_msgs/include/yolo_msgs/yolo_msgs/msg/detail/key_point3_d_array__struct.hpp
[12.117s] -- Symlinking: /home/aleksantari/ros2_snake_ws/install/yolo_msgs/include/yolo_msgs/yolo_msgs/msg/detail/key_point3_d_array__traits.hpp
[12.120s] -- Symlinking: /home/aleksantari/ros2_snake_ws/install/yolo_msgs/include/yolo_msgs/yolo_msgs/msg/detail/key_point3_d_array__type_support.hpp
[12.124s] -- Symlinking: /home/aleksantari/ros2_snake_ws/install/yolo_msgs/include/yolo_msgs/yolo_msgs/msg/detail/mask__builder.hpp
[12.128s] -- Symlinking: /home/aleksantari/ros2_snake_ws/install/yolo_msgs/include/yolo_msgs/yolo_msgs/msg/detail/mask__struct.hpp
[12.131s] -- Symlinking: /home/aleksantari/ros2_snake_ws/install/yolo_msgs/include/yolo_msgs/yolo_msgs/msg/detail/mask__traits.hpp
[12.135s] -- Symlinking: /home/aleksantari/ros2_snake_ws/install/yolo_msgs/include/yolo_msgs/yolo_msgs/msg/detail/mask__type_support.hpp
[12.139s] -- Symlinking: /home/aleksantari/ros2_snake_ws/install/yolo_msgs/include/yolo_msgs/yolo_msgs/msg/detail/point2_d__builder.hpp
[12.142s] -- Symlinking: /home/aleksantari/ros2_snake_ws/install/yolo_msgs/include/yolo_msgs/yolo_msgs/msg/detail/point2_d__struct.hpp
[12.146s] -- Symlinking: /home/aleksantari/ros2_snake_ws/install/yolo_msgs/include/yolo_msgs/yolo_msgs/msg/detail/point2_d__traits.hpp
[12.151s] -- Symlinking: /home/aleksantari/ros2_snake_ws/install/yolo_msgs/include/yolo_msgs/yolo_msgs/msg/detail/point2_d__type_support.hpp
[12.154s] -- Symlinking: /home/aleksantari/ros2_snake_ws/install/yolo_msgs/include/yolo_msgs/yolo_msgs/msg/detail/pose2_d__builder.hpp
[12.158s] -- Symlinking: /home/aleksantari/ros2_snake_ws/install/yolo_msgs/include/yolo_msgs/yolo_msgs/msg/detail/pose2_d__struct.hpp
[12.164s] -- Symlinking: /home/aleksantari/ros2_snake_ws/install/yolo_msgs/include/yolo_msgs/yolo_msgs/msg/detail/pose2_d__traits.hpp
[12.168s] -- Symlinking: /home/aleksantari/ros2_snake_ws/install/yolo_msgs/include/yolo_msgs/yolo_msgs/msg/detail/pose2_d__type_support.hpp
[12.171s] -- Symlinking: /home/aleksantari/ros2_snake_ws/install/yolo_msgs/include/yolo_msgs/yolo_msgs/msg/detail/vector2__builder.hpp
[12.176s] -- Symlinking: /home/aleksantari/ros2_snake_ws/install/yolo_msgs/include/yolo_msgs/yolo_msgs/msg/detail/vector2__struct.hpp
[12.180s] -- Symlinking: /home/aleksantari/ros2_snake_ws/install/yolo_msgs/include/yolo_msgs/yolo_msgs/msg/detail/vector2__traits.hpp
[12.184s] -- Symlinking: /home/aleksantari/ros2_snake_ws/install/yolo_msgs/include/yolo_msgs/yolo_msgs/msg/detail/vector2__type_support.hpp
[12.188s] -- Symlinking: /home/aleksantari/ros2_snake_ws/install/yolo_msgs/include/yolo_msgs/yolo_msgs/msg/detection.hpp
[12.191s] -- Symlinking: /home/aleksantari/ros2_snake_ws/install/yolo_msgs/include/yolo_msgs/yolo_msgs/msg/detection_array.hpp
[12.195s] -- Symlinking: /home/aleksantari/ros2_snake_ws/install/yolo_msgs/include/yolo_msgs/yolo_msgs/msg/key_point2_d.hpp
[12.199s] -- Symlinking: /home/aleksantari/ros2_snake_ws/install/yolo_msgs/include/yolo_msgs/yolo_msgs/msg/key_point2_d_array.hpp
[12.202s] -- Symlinking: /home/aleksantari/ros2_snake_ws/install/yolo_msgs/include/yolo_msgs/yolo_msgs/msg/key_point3_d.hpp
[12.206s] -- Symlinking: /home/aleksantari/ros2_snake_ws/install/yolo_msgs/include/yolo_msgs/yolo_msgs/msg/key_point3_d_array.hpp
[12.210s] -- Symlinking: /home/aleksantari/ros2_snake_ws/install/yolo_msgs/include/yolo_msgs/yolo_msgs/msg/mask.hpp
[12.214s] -- Symlinking: /home/aleksantari/ros2_snake_ws/install/yolo_msgs/include/yolo_msgs/yolo_msgs/msg/point2_d.hpp
[12.217s] -- Symlinking: /home/aleksantari/ros2_snake_ws/install/yolo_msgs/include/yolo_msgs/yolo_msgs/msg/pose2_d.hpp
[12.221s] -- Symlinking: /home/aleksantari/ros2_snake_ws/install/yolo_msgs/include/yolo_msgs/yolo_msgs/msg/rosidl_generator_cpp__visibility_control.hpp
[12.225s] -- Symlinking: /home/aleksantari/ros2_snake_ws/install/yolo_msgs/include/yolo_msgs/yolo_msgs/msg/vector2.hpp
[12.228s] -- Symlinking: /home/aleksantari/ros2_snake_ws/install/yolo_msgs/include/yolo_msgs/yolo_msgs/srv/detail/set_classes__builder.hpp
[12.232s] -- Symlinking: /home/aleksantari/ros2_snake_ws/install/yolo_msgs/include/yolo_msgs/yolo_msgs/srv/detail/set_classes__struct.hpp
[12.236s] -- Symlinking: /home/aleksantari/ros2_snake_ws/install/yolo_msgs/include/yolo_msgs/yolo_msgs/srv/detail/set_classes__traits.hpp
[12.239s] -- Symlinking: /home/aleksantari/ros2_snake_ws/install/yolo_msgs/include/yolo_msgs/yolo_msgs/srv/detail/set_classes__type_support.hpp
[12.243s] -- Symlinking: /home/aleksantari/ros2_snake_ws/install/yolo_msgs/include/yolo_msgs/yolo_msgs/srv/set_classes.hpp
[12.247s] -- Symlinking: /home/aleksantari/ros2_snake_ws/install/yolo_msgs/include/yolo_msgs/yolo_msgs/msg/detail/bounding_box2_d__rosidl_typesupport_fastrtps_cpp.hpp
[12.252s] -- Symlinking: /home/aleksantari/ros2_snake_ws/install/yolo_msgs/include/yolo_msgs/yolo_msgs/msg/detail/bounding_box3_d__rosidl_typesupport_fastrtps_cpp.hpp
[12.256s] -- Symlinking: /home/aleksantari/ros2_snake_ws/install/yolo_msgs/include/yolo_msgs/yolo_msgs/msg/detail/detection__rosidl_typesupport_fastrtps_cpp.hpp
[12.261s] -- Symlinking: /home/aleksantari/ros2_snake_ws/install/yolo_msgs/include/yolo_msgs/yolo_msgs/msg/detail/detection_array__rosidl_typesupport_fastrtps_cpp.hpp
[12.266s] -- Symlinking: /home/aleksantari/ros2_snake_ws/install/yolo_msgs/include/yolo_msgs/yolo_msgs/msg/detail/key_point2_d__rosidl_typesupport_fastrtps_cpp.hpp
[12.269s] -- Symlinking: /home/aleksantari/ros2_snake_ws/install/yolo_msgs/include/yolo_msgs/yolo_msgs/msg/detail/key_point2_d_array__rosidl_typesupport_fastrtps_cpp.hpp
[12.273s] -- Symlinking: /home/aleksantari/ros2_snake_ws/install/yolo_msgs/include/yolo_msgs/yolo_msgs/msg/detail/key_point3_d__rosidl_typesupport_fastrtps_cpp.hpp
[12.277s] -- Symlinking: /home/aleksantari/ros2_snake_ws/install/yolo_msgs/include/yolo_msgs/yolo_msgs/msg/detail/key_point3_d_array__rosidl_typesupport_fastrtps_cpp.hpp
[12.282s] -- Symlinking: /home/aleksantari/ros2_snake_ws/install/yolo_msgs/include/yolo_msgs/yolo_msgs/msg/detail/mask__rosidl_typesupport_fastrtps_cpp.hpp
[12.286s] -- Symlinking: /home/aleksantari/ros2_snake_ws/install/yolo_msgs/include/yolo_msgs/yolo_msgs/msg/detail/point2_d__rosidl_typesupport_fastrtps_cpp.hpp
[12.291s] -- Symlinking: /home/aleksantari/ros2_snake_ws/install/yolo_msgs/include/yolo_msgs/yolo_msgs/msg/detail/pose2_d__rosidl_typesupport_fastrtps_cpp.hpp
[12.295s] -- Symlinking: /home/aleksantari/ros2_snake_ws/install/yolo_msgs/include/yolo_msgs/yolo_msgs/msg/detail/vector2__rosidl_typesupport_fastrtps_cpp.hpp
[12.299s] -- Symlinking: /home/aleksantari/ros2_snake_ws/install/yolo_msgs/include/yolo_msgs/yolo_msgs/msg/rosidl_typesupport_fastrtps_cpp__visibility_control.h
[12.303s] -- Symlinking: /home/aleksantari/ros2_snake_ws/install/yolo_msgs/include/yolo_msgs/yolo_msgs/srv/detail/set_classes__rosidl_typesupport_fastrtps_cpp.hpp
[12.308s] -- Symlinking: /home/aleksantari/ros2_snake_ws/install/yolo_msgs/include/yolo_msgs/yolo_msgs/msg/detail/bounding_box2_d__rosidl_typesupport_introspection_cpp.hpp
[12.312s] -- Symlinking: /home/aleksantari/ros2_snake_ws/install/yolo_msgs/include/yolo_msgs/yolo_msgs/msg/detail/bounding_box3_d__rosidl_typesupport_introspection_cpp.hpp
[12.316s] -- Symlinking: /home/aleksantari/ros2_snake_ws/install/yolo_msgs/include/yolo_msgs/yolo_msgs/msg/detail/detection__rosidl_typesupport_introspection_cpp.hpp
[12.320s] -- Symlinking: /home/aleksantari/ros2_snake_ws/install/yolo_msgs/include/yolo_msgs/yolo_msgs/msg/detail/detection_array__rosidl_typesupport_introspection_cpp.hpp
[12.324s] -- Symlinking: /home/aleksantari/ros2_snake_ws/install/yolo_msgs/include/yolo_msgs/yolo_msgs/msg/detail/key_point2_d__rosidl_typesupport_introspection_cpp.hpp
[12.328s] -- Symlinking: /home/aleksantari/ros2_snake_ws/install/yolo_msgs/include/yolo_msgs/yolo_msgs/msg/detail/key_point2_d_array__rosidl_typesupport_introspection_cpp.hpp
[12.331s] -- Symlinking: /home/aleksantari/ros2_snake_ws/install/yolo_msgs/include/yolo_msgs/yolo_msgs/msg/detail/key_point3_d__rosidl_typesupport_introspection_cpp.hpp
[12.335s] -- Symlinking: /home/aleksantari/ros2_snake_ws/install/yolo_msgs/include/yolo_msgs/yolo_msgs/msg/detail/key_point3_d_array__rosidl_typesupport_introspection_cpp.hpp
[12.339s] -- Symlinking: /home/aleksantari/ros2_snake_ws/install/yolo_msgs/include/yolo_msgs/yolo_msgs/msg/detail/mask__rosidl_typesupport_introspection_cpp.hpp
[12.343s] -- Symlinking: /home/aleksantari/ros2_snake_ws/install/yolo_msgs/include/yolo_msgs/yolo_msgs/msg/detail/point2_d__rosidl_typesupport_introspection_cpp.hpp
[12.346s] -- Symlinking: /home/aleksantari/ros2_snake_ws/install/yolo_msgs/include/yolo_msgs/yolo_msgs/msg/detail/pose2_d__rosidl_typesupport_introspection_cpp.hpp
[12.351s] -- Symlinking: /home/aleksantari/ros2_snake_ws/install/yolo_msgs/include/yolo_msgs/yolo_msgs/msg/detail/vector2__rosidl_typesupport_introspection_cpp.hpp
[12.355s] -- Symlinking: /home/aleksantari/ros2_snake_ws/install/yolo_msgs/include/yolo_msgs/yolo_msgs/srv/detail/set_classes__rosidl_typesupport_introspection_cpp.hpp
[12.359s] -- Symlinking: /home/aleksantari/ros2_snake_ws/install/yolo_msgs/share/yolo_msgs/environment/pythonpath.sh
[12.364s] -- Symlinking: /home/aleksantari/ros2_snake_ws/install/yolo_msgs/share/yolo_msgs/environment/pythonpath.dsv
[12.368s] -- Symlinking: /home/aleksantari/ros2_snake_ws/install/yolo_msgs/local/lib/python3.10/dist-packages/yolo_msgs-4.2.0-py3.10.egg-info/PKG-INFO
[12.371s] -- Symlinking: /home/aleksantari/ros2_snake_ws/install/yolo_msgs/local/lib/python3.10/dist-packages/yolo_msgs-4.2.0-py3.10.egg-info/SOURCES.txt
[12.376s] -- Symlinking: /home/aleksantari/ros2_snake_ws/install/yolo_msgs/local/lib/python3.10/dist-packages/yolo_msgs-4.2.0-py3.10.egg-info/dependency_links.txt
[12.380s] -- Symlinking: /home/aleksantari/ros2_snake_ws/install/yolo_msgs/local/lib/python3.10/dist-packages/yolo_msgs-4.2.0-py3.10.egg-info/top_level.txt
[12.384s] -- Symlinking: /home/aleksantari/ros2_snake_ws/install/yolo_msgs/local/lib/python3.10/dist-packages/yolo_msgs/__init__.py
[12.388s] -- Symlinking: /home/aleksantari/ros2_snake_ws/install/yolo_msgs/local/lib/python3.10/dist-packages/yolo_msgs/_yolo_msgs_s.ep.rosidl_typesupport_c.c
[12.392s] -- Symlinking: /home/aleksantari/ros2_snake_ws/install/yolo_msgs/local/lib/python3.10/dist-packages/yolo_msgs/_yolo_msgs_s.ep.rosidl_typesupport_fastrtps_c.c
[12.396s] -- Symlinking: /home/aleksantari/ros2_snake_ws/install/yolo_msgs/local/lib/python3.10/dist-packages/yolo_msgs/_yolo_msgs_s.ep.rosidl_typesupport_introspection_c.c
[12.400s] -- Symlinking: /home/aleksantari/ros2_snake_ws/install/yolo_msgs/local/lib/python3.10/dist-packages/yolo_msgs/libyolo_msgs__rosidl_generator_py.so
[12.403s] -- Symlinking: /home/aleksantari/ros2_snake_ws/install/yolo_msgs/local/lib/python3.10/dist-packages/yolo_msgs/msg/__init__.py
[12.407s] -- Symlinking: /home/aleksantari/ros2_snake_ws/install/yolo_msgs/local/lib/python3.10/dist-packages/yolo_msgs/msg/_bounding_box2_d.py
[12.411s] -- Symlinking: /home/aleksantari/ros2_snake_ws/install/yolo_msgs/local/lib/python3.10/dist-packages/yolo_msgs/msg/_bounding_box2_d_s.c
[12.414s] -- Symlinking: /home/aleksantari/ros2_snake_ws/install/yolo_msgs/local/lib/python3.10/dist-packages/yolo_msgs/msg/_bounding_box3_d.py
[12.418s] -- Symlinking: /home/aleksantari/ros2_snake_ws/install/yolo_msgs/local/lib/python3.10/dist-packages/yolo_msgs/msg/_bounding_box3_d_s.c
[12.422s] -- Symlinking: /home/aleksantari/ros2_snake_ws/install/yolo_msgs/local/lib/python3.10/dist-packages/yolo_msgs/msg/_detection.py
[12.425s] -- Symlinking: /home/aleksantari/ros2_snake_ws/install/yolo_msgs/local/lib/python3.10/dist-packages/yolo_msgs/msg/_detection_array.py
[12.429s] -- Symlinking: /home/aleksantari/ros2_snake_ws/install/yolo_msgs/local/lib/python3.10/dist-packages/yolo_msgs/msg/_detection_array_s.c
[12.432s] -- Symlinking: /home/aleksantari/ros2_snake_ws/install/yolo_msgs/local/lib/python3.10/dist-packages/yolo_msgs/msg/_detection_s.c
[12.435s] -- Symlinking: /home/aleksantari/ros2_snake_ws/install/yolo_msgs/local/lib/python3.10/dist-packages/yolo_msgs/msg/_key_point2_d.py
[12.439s] -- Symlinking: /home/aleksantari/ros2_snake_ws/install/yolo_msgs/local/lib/python3.10/dist-packages/yolo_msgs/msg/_key_point2_d_array.py
[12.444s] -- Symlinking: /home/aleksantari/ros2_snake_ws/install/yolo_msgs/local/lib/python3.10/dist-packages/yolo_msgs/msg/_key_point2_d_array_s.c
[12.448s] -- Symlinking: /home/aleksantari/ros2_snake_ws/install/yolo_msgs/local/lib/python3.10/dist-packages/yolo_msgs/msg/_key_point2_d_s.c
[12.452s] -- Symlinking: /home/aleksantari/ros2_snake_ws/install/yolo_msgs/local/lib/python3.10/dist-packages/yolo_msgs/msg/_key_point3_d.py
[12.459s] -- Symlinking: /home/aleksantari/ros2_snake_ws/install/yolo_msgs/local/lib/python3.10/dist-packages/yolo_msgs/msg/_key_point3_d_array.py
[12.460s] -- Symlinking: /home/aleksantari/ros2_snake_ws/install/yolo_msgs/local/lib/python3.10/dist-packages/yolo_msgs/msg/_key_point3_d_array_s.c
[12.464s] -- Symlinking: /home/aleksantari/ros2_snake_ws/install/yolo_msgs/local/lib/python3.10/dist-packages/yolo_msgs/msg/_key_point3_d_s.c
[12.468s] -- Symlinking: /home/aleksantari/ros2_snake_ws/install/yolo_msgs/local/lib/python3.10/dist-packages/yolo_msgs/msg/_mask.py
[12.472s] -- Symlinking: /home/aleksantari/ros2_snake_ws/install/yolo_msgs/local/lib/python3.10/dist-packages/yolo_msgs/msg/_mask_s.c
[12.476s] -- Symlinking: /home/aleksantari/ros2_snake_ws/install/yolo_msgs/local/lib/python3.10/dist-packages/yolo_msgs/msg/_point2_d.py
[12.480s] -- Symlinking: /home/aleksantari/ros2_snake_ws/install/yolo_msgs/local/lib/python3.10/dist-packages/yolo_msgs/msg/_point2_d_s.c
[12.484s] -- Symlinking: /home/aleksantari/ros2_snake_ws/install/yolo_msgs/local/lib/python3.10/dist-packages/yolo_msgs/msg/_pose2_d.py
[12.488s] -- Symlinking: /home/aleksantari/ros2_snake_ws/install/yolo_msgs/local/lib/python3.10/dist-packages/yolo_msgs/msg/_pose2_d_s.c
[12.492s] -- Symlinking: /home/aleksantari/ros2_snake_ws/install/yolo_msgs/local/lib/python3.10/dist-packages/yolo_msgs/msg/_vector2.py
[12.495s] -- Symlinking: /home/aleksantari/ros2_snake_ws/install/yolo_msgs/local/lib/python3.10/dist-packages/yolo_msgs/msg/_vector2_s.c
[12.499s] -- Symlinking: /home/aleksantari/ros2_snake_ws/install/yolo_msgs/local/lib/python3.10/dist-packages/yolo_msgs/srv/__init__.py
[12.503s] -- Symlinking: /home/aleksantari/ros2_snake_ws/install/yolo_msgs/local/lib/python3.10/dist-packages/yolo_msgs/srv/_set_classes.py
[12.507s] -- Symlinking: /home/aleksantari/ros2_snake_ws/install/yolo_msgs/local/lib/python3.10/dist-packages/yolo_msgs/srv/_set_classes_s.c
[12.510s] -- Symlinking: /home/aleksantari/ros2_snake_ws/install/yolo_msgs/local/lib/python3.10/dist-packages/yolo_msgs/yolo_msgs_s__rosidl_typesupport_c.cpython-310-aarch64-linux-gnu.so
[12.514s] -- Symlinking: /home/aleksantari/ros2_snake_ws/install/yolo_msgs/local/lib/python3.10/dist-packages/yolo_msgs/yolo_msgs_s__rosidl_typesupport_fastrtps_c.cpython-310-aarch64-linux-gnu.so
[12.518s] -- Symlinking: /home/aleksantari/ros2_snake_ws/install/yolo_msgs/local/lib/python3.10/dist-packages/yolo_msgs/yolo_msgs_s__rosidl_typesupport_introspection_c.cpython-310-aarch64-linux-gnu.so
[12.521s] -- Up-to-date symlink: /home/aleksantari/ros2_snake_ws/install/yolo_msgs/local/lib/python3.10/dist-packages/yolo_msgs/yolo_msgs_s__rosidl_typesupport_fastrtps_c.cpython-310-aarch64-linux-gnu.so
[12.521s] -- Up-to-date symlink: /home/aleksantari/ros2_snake_ws/install/yolo_msgs/local/lib/python3.10/dist-packages/yolo_msgs/yolo_msgs_s__rosidl_typesupport_introspection_c.cpython-310-aarch64-linux-gnu.so
[12.522s] -- Up-to-date symlink: /home/aleksantari/ros2_snake_ws/install/yolo_msgs/local/lib/python3.10/dist-packages/yolo_msgs/yolo_msgs_s__rosidl_typesupport_c.cpython-310-aarch64-linux-gnu.so
[12.522s] -- Symlinking: /home/aleksantari/ros2_snake_ws/install/yolo_msgs/share/yolo_msgs/msg/Point2D.idl
[12.526s] -- Symlinking: /home/aleksantari/ros2_snake_ws/install/yolo_msgs/share/yolo_msgs/msg/Vector2.idl
[12.530s] -- Symlinking: /home/aleksantari/ros2_snake_ws/install/yolo_msgs/share/yolo_msgs/msg/Pose2D.idl
[12.533s] -- Symlinking: /home/aleksantari/ros2_snake_ws/install/yolo_msgs/share/yolo_msgs/msg/BoundingBox2D.idl
[12.537s] -- Symlinking: /home/aleksantari/ros2_snake_ws/install/yolo_msgs/share/yolo_msgs/msg/BoundingBox3D.idl
[12.541s] -- Symlinking: /home/aleksantari/ros2_snake_ws/install/yolo_msgs/share/yolo_msgs/msg/Mask.idl
[12.545s] -- Symlinking: /home/aleksantari/ros2_snake_ws/install/yolo_msgs/share/yolo_msgs/msg/KeyPoint2D.idl
[12.549s] -- Symlinking: /home/aleksantari/ros2_snake_ws/install/yolo_msgs/share/yolo_msgs/msg/KeyPoint2DArray.idl
[12.553s] -- Symlinking: /home/aleksantari/ros2_snake_ws/install/yolo_msgs/share/yolo_msgs/msg/KeyPoint3D.idl
[12.557s] -- Symlinking: /home/aleksantari/ros2_snake_ws/install/yolo_msgs/share/yolo_msgs/msg/KeyPoint3DArray.idl
[12.560s] -- Symlinking: /home/aleksantari/ros2_snake_ws/install/yolo_msgs/share/yolo_msgs/msg/Detection.idl
[12.569s] -- Symlinking: /home/aleksantari/ros2_snake_ws/install/yolo_msgs/share/yolo_msgs/msg/DetectionArray.idl
[12.569s] -- Symlinking: /home/aleksantari/ros2_snake_ws/install/yolo_msgs/share/yolo_msgs/srv/SetClasses.idl
[12.571s] -- Symlinking: /home/aleksantari/ros2_snake_ws/install/yolo_msgs/share/yolo_msgs/msg/Point2D.msg
[12.576s] -- Symlinking: /home/aleksantari/ros2_snake_ws/install/yolo_msgs/share/yolo_msgs/msg/Vector2.msg
[12.580s] -- Symlinking: /home/aleksantari/ros2_snake_ws/install/yolo_msgs/share/yolo_msgs/msg/Pose2D.msg
[12.584s] -- Symlinking: /home/aleksantari/ros2_snake_ws/install/yolo_msgs/share/yolo_msgs/msg/BoundingBox2D.msg
[12.587s] -- Symlinking: /home/aleksantari/ros2_snake_ws/install/yolo_msgs/share/yolo_msgs/msg/BoundingBox3D.msg
[12.591s] -- Symlinking: /home/aleksantari/ros2_snake_ws/install/yolo_msgs/share/yolo_msgs/msg/Mask.msg
[12.594s] -- Symlinking: /home/aleksantari/ros2_snake_ws/install/yolo_msgs/share/yolo_msgs/msg/KeyPoint2D.msg
[12.597s] -- Symlinking: /home/aleksantari/ros2_snake_ws/install/yolo_msgs/share/yolo_msgs/msg/KeyPoint2DArray.msg
[12.601s] -- Symlinking: /home/aleksantari/ros2_snake_ws/install/yolo_msgs/share/yolo_msgs/msg/KeyPoint3D.msg
[12.604s] -- Symlinking: /home/aleksantari/ros2_snake_ws/install/yolo_msgs/share/yolo_msgs/msg/KeyPoint3DArray.msg
[12.607s] -- Symlinking: /home/aleksantari/ros2_snake_ws/install/yolo_msgs/share/yolo_msgs/msg/Detection.msg
[12.611s] -- Symlinking: /home/aleksantari/ros2_snake_ws/install/yolo_msgs/share/yolo_msgs/msg/DetectionArray.msg
[12.614s] -- Symlinking: /home/aleksantari/ros2_snake_ws/install/yolo_msgs/share/yolo_msgs/srv/SetClasses.srv
[12.617s] -- Symlinking: /home/aleksantari/ros2_snake_ws/install/yolo_msgs/share/yolo_msgs/srv/SetClasses_Request.msg
[12.620s] -- Symlinking: /home/aleksantari/ros2_snake_ws/install/yolo_msgs/share/yolo_msgs/srv/SetClasses_Response.msg
[12.624s] -- Symlinking: /home/aleksantari/ros2_snake_ws/install/yolo_msgs/share/ament_index/resource_index/package_run_dependencies/yolo_msgs
[12.627s] -- Symlinking: /home/aleksantari/ros2_snake_ws/install/yolo_msgs/share/ament_index/resource_index/parent_prefix_path/yolo_msgs
[12.630s] -- Symlinking: /home/aleksantari/ros2_snake_ws/install/yolo_msgs/share/yolo_msgs/environment/ament_prefix_path.sh
[12.634s] -- Symlinking: /home/aleksantari/ros2_snake_ws/install/yolo_msgs/share/yolo_msgs/environment/ament_prefix_path.dsv
[12.637s] -- Symlinking: /home/aleksantari/ros2_snake_ws/install/yolo_msgs/share/yolo_msgs/environment/path.sh
[12.641s] -- Symlinking: /home/aleksantari/ros2_snake_ws/install/yolo_msgs/share/yolo_msgs/environment/path.dsv
[12.644s] -- Symlinking: /home/aleksantari/ros2_snake_ws/install/yolo_msgs/share/yolo_msgs/local_setup.bash
[12.647s] -- Symlinking: /home/aleksantari/ros2_snake_ws/install/yolo_msgs/share/yolo_msgs/local_setup.sh
[12.652s] -- Symlinking: /home/aleksantari/ros2_snake_ws/install/yolo_msgs/share/yolo_msgs/local_setup.zsh
[12.654s] -- Symlinking: /home/aleksantari/ros2_snake_ws/install/yolo_msgs/share/yolo_msgs/local_setup.dsv
[12.658s] -- Symlinking: /home/aleksantari/ros2_snake_ws/install/yolo_msgs/share/yolo_msgs/package.dsv
[12.661s] -- Symlinking: /home/aleksantari/ros2_snake_ws/install/yolo_msgs/share/ament_index/resource_index/packages/yolo_msgs
[12.665s] -- Symlinking: /home/aleksantari/ros2_snake_ws/install/yolo_msgs/share/yolo_msgs/cmake/rosidl_cmake-extras.cmake
[12.668s] -- Symlinking: /home/aleksantari/ros2_snake_ws/install/yolo_msgs/share/yolo_msgs/cmake/ament_cmake_export_dependencies-extras.cmake
[12.673s] -- Symlinking: /home/aleksantari/ros2_snake_ws/install/yolo_msgs/share/yolo_msgs/cmake/ament_cmake_export_include_directories-extras.cmake
[12.677s] -- Symlinking: /home/aleksantari/ros2_snake_ws/install/yolo_msgs/share/yolo_msgs/cmake/ament_cmake_export_libraries-extras.cmake
[12.681s] -- Symlinking: /home/aleksantari/ros2_snake_ws/install/yolo_msgs/share/yolo_msgs/cmake/ament_cmake_export_targets-extras.cmake
[12.685s] -- Symlinking: /home/aleksantari/ros2_snake_ws/install/yolo_msgs/share/yolo_msgs/cmake/rosidl_cmake_export_typesupport_targets-extras.cmake
[12.689s] -- Symlinking: /home/aleksantari/ros2_snake_ws/install/yolo_msgs/share/yolo_msgs/cmake/rosidl_cmake_export_typesupport_libraries-extras.cmake
[12.693s] -- Symlinking: /home/aleksantari/ros2_snake_ws/install/yolo_msgs/share/yolo_msgs/cmake/yolo_msgsConfig.cmake
[12.697s] -- Symlinking: /home/aleksantari/ros2_snake_ws/install/yolo_msgs/share/yolo_msgs/cmake/yolo_msgsConfig-version.cmake
[12.700s] -- Symlinking: /home/aleksantari/ros2_snake_ws/install/yolo_msgs/share/yolo_msgs/package.xml
[12.704s] -- Installing: /home/aleksantari/ros2_snake_ws/install/yolo_msgs/lib/libyolo_msgs__rosidl_generator_c.so
[12.704s] -- Set runtime path of "/home/aleksantari/ros2_snake_ws/install/yolo_msgs/lib/libyolo_msgs__rosidl_generator_c.so" to ""
[12.704s] -- Installing: /home/aleksantari/ros2_snake_ws/install/yolo_msgs/lib/libyolo_msgs__rosidl_typesupport_fastrtps_c.so
[12.704s] -- Set runtime path of "/home/aleksantari/ros2_snake_ws/install/yolo_msgs/lib/libyolo_msgs__rosidl_typesupport_fastrtps_c.so" to ""
[12.704s] -- Installing: /home/aleksantari/ros2_snake_ws/install/yolo_msgs/lib/libyolo_msgs__rosidl_typesupport_introspection_c.so
[12.705s] -- Set runtime path of "/home/aleksantari/ros2_snake_ws/install/yolo_msgs/lib/libyolo_msgs__rosidl_typesupport_introspection_c.so" to ""
[12.705s] -- Installing: /home/aleksantari/ros2_snake_ws/install/yolo_msgs/lib/libyolo_msgs__rosidl_typesupport_c.so
[12.705s] -- Set runtime path of "/home/aleksantari/ros2_snake_ws/install/yolo_msgs/lib/libyolo_msgs__rosidl_typesupport_c.so" to ""
[12.705s] -- Installing: /home/aleksantari/ros2_snake_ws/install/yolo_msgs/lib/libyolo_msgs__rosidl_typesupport_fastrtps_cpp.so
[12.705s] -- Set runtime path of "/home/aleksantari/ros2_snake_ws/install/yolo_msgs/lib/libyolo_msgs__rosidl_typesupport_fastrtps_cpp.so" to ""
[12.705s] -- Installing: /home/aleksantari/ros2_snake_ws/install/yolo_msgs/lib/libyolo_msgs__rosidl_typesupport_introspection_cpp.so
[12.705s] -- Set runtime path of "/home/aleksantari/ros2_snake_ws/install/yolo_msgs/lib/libyolo_msgs__rosidl_typesupport_introspection_cpp.so" to ""
[12.705s] -- Installing: /home/aleksantari/ros2_snake_ws/install/yolo_msgs/lib/libyolo_msgs__rosidl_typesupport_cpp.so
[12.706s] -- Set runtime path of "/home/aleksantari/ros2_snake_ws/install/yolo_msgs/lib/libyolo_msgs__rosidl_typesupport_cpp.so" to ""
[12.731s] Listing '/home/aleksantari/ros2_snake_ws/install/yolo_msgs/local/lib/python3.10/dist-packages/yolo_msgs'...
[12.731s] Compiling '/home/aleksantari/ros2_snake_ws/install/yolo_msgs/local/lib/python3.10/dist-packages/yolo_msgs/__init__.py'...
[12.731s] Listing '/home/aleksantari/ros2_snake_ws/install/yolo_msgs/local/lib/python3.10/dist-packages/yolo_msgs/msg'...
[12.731s] Compiling '/home/aleksantari/ros2_snake_ws/install/yolo_msgs/local/lib/python3.10/dist-packages/yolo_msgs/msg/__init__.py'...
[12.731s] Compiling '/home/aleksantari/ros2_snake_ws/install/yolo_msgs/local/lib/python3.10/dist-packages/yolo_msgs/msg/_bounding_box2_d.py'...
[12.731s] Compiling '/home/aleksantari/ros2_snake_ws/install/yolo_msgs/local/lib/python3.10/dist-packages/yolo_msgs/msg/_bounding_box3_d.py'...
[12.731s] Compiling '/home/aleksantari/ros2_snake_ws/install/yolo_msgs/local/lib/python3.10/dist-packages/yolo_msgs/msg/_detection.py'...
[12.731s] Compiling '/home/aleksantari/ros2_snake_ws/install/yolo_msgs/local/lib/python3.10/dist-packages/yolo_msgs/msg/_detection_array.py'...
[12.731s] Compiling '/home/aleksantari/ros2_snake_ws/install/yolo_msgs/local/lib/python3.10/dist-packages/yolo_msgs/msg/_key_point2_d.py'...
[12.731s] Compiling '/home/aleksantari/ros2_snake_ws/install/yolo_msgs/local/lib/python3.10/dist-packages/yolo_msgs/msg/_key_point2_d_array.py'...
[12.731s] Compiling '/home/aleksantari/ros2_snake_ws/install/yolo_msgs/local/lib/python3.10/dist-packages/yolo_msgs/msg/_key_point3_d.py'...
[12.731s] Compiling '/home/aleksantari/ros2_snake_ws/install/yolo_msgs/local/lib/python3.10/dist-packages/yolo_msgs/msg/_key_point3_d_array.py'...
[12.731s] Compiling '/home/aleksantari/ros2_snake_ws/install/yolo_msgs/local/lib/python3.10/dist-packages/yolo_msgs/msg/_mask.py'...
[12.731s] Compiling '/home/aleksantari/ros2_snake_ws/install/yolo_msgs/local/lib/python3.10/dist-packages/yolo_msgs/msg/_point2_d.py'...
[12.731s] Compiling '/home/aleksantari/ros2_snake_ws/install/yolo_msgs/local/lib/python3.10/dist-packages/yolo_msgs/msg/_pose2_d.py'...
[12.731s] Compiling '/home/aleksantari/ros2_snake_ws/install/yolo_msgs/local/lib/python3.10/dist-packages/yolo_msgs/msg/_vector2.py'...
[12.731s] Listing '/home/aleksantari/ros2_snake_ws/install/yolo_msgs/local/lib/python3.10/dist-packages/yolo_msgs/srv'...
[12.732s] Compiling '/home/aleksantari/ros2_snake_ws/install/yolo_msgs/local/lib/python3.10/dist-packages/yolo_msgs/srv/__init__.py'...
[12.732s] Compiling '/home/aleksantari/ros2_snake_ws/install/yolo_msgs/local/lib/python3.10/dist-packages/yolo_msgs/srv/_set_classes.py'...
[12.734s] -- Installing: /home/aleksantari/ros2_snake_ws/install/yolo_msgs/lib/libyolo_msgs__rosidl_generator_py.so
[12.735s] -- Set runtime path of "/home/aleksantari/ros2_snake_ws/install/yolo_msgs/lib/libyolo_msgs__rosidl_generator_py.so" to ""
[12.735s] -- Installing: /home/aleksantari/ros2_snake_ws/install/yolo_msgs/share/yolo_msgs/cmake/export_yolo_msgs__rosidl_generator_cExport.cmake
[12.735s] -- Installing: /home/aleksantari/ros2_snake_ws/install/yolo_msgs/share/yolo_msgs/cmake/export_yolo_msgs__rosidl_generator_cExport-noconfig.cmake
[12.735s] -- Installing: /home/aleksantari/ros2_snake_ws/install/yolo_msgs/share/yolo_msgs/cmake/export_yolo_msgs__rosidl_typesupport_fastrtps_cExport.cmake
[12.735s] -- Installing: /home/aleksantari/ros2_snake_ws/install/yolo_msgs/share/yolo_msgs/cmake/export_yolo_msgs__rosidl_typesupport_fastrtps_cExport-noconfig.cmake
[12.735s] -- Installing: /home/aleksantari/ros2_snake_ws/install/yolo_msgs/share/yolo_msgs/cmake/yolo_msgs__rosidl_typesupport_introspection_cExport.cmake
[12.735s] -- Installing: /home/aleksantari/ros2_snake_ws/install/yolo_msgs/share/yolo_msgs/cmake/yolo_msgs__rosidl_typesupport_introspection_cExport-noconfig.cmake
[12.735s] -- Installing: /home/aleksantari/ros2_snake_ws/install/yolo_msgs/share/yolo_msgs/cmake/yolo_msgs__rosidl_typesupport_cExport.cmake
[12.735s] -- Installing: /home/aleksantari/ros2_snake_ws/install/yolo_msgs/share/yolo_msgs/cmake/yolo_msgs__rosidl_typesupport_cExport-noconfig.cmake
[12.735s] -- Installing: /home/aleksantari/ros2_snake_ws/install/yolo_msgs/share/yolo_msgs/cmake/export_yolo_msgs__rosidl_generator_cppExport.cmake
[12.735s] -- Installing: /home/aleksantari/ros2_snake_ws/install/yolo_msgs/share/yolo_msgs/cmake/export_yolo_msgs__rosidl_typesupport_fastrtps_cppExport.cmake
[12.735s] -- Installing: /home/aleksantari/ros2_snake_ws/install/yolo_msgs/share/yolo_msgs/cmake/export_yolo_msgs__rosidl_typesupport_fastrtps_cppExport-noconfig.cmake
[12.735s] -- Installing: /home/aleksantari/ros2_snake_ws/install/yolo_msgs/share/yolo_msgs/cmake/yolo_msgs__rosidl_typesupport_introspection_cppExport.cmake
[12.736s] -- Installing: /home/aleksantari/ros2_snake_ws/install/yolo_msgs/share/yolo_msgs/cmake/yolo_msgs__rosidl_typesupport_introspection_cppExport-noconfig.cmake
[12.736s] -- Installing: /home/aleksantari/ros2_snake_ws/install/yolo_msgs/share/yolo_msgs/cmake/yolo_msgs__rosidl_typesupport_cppExport.cmake
[12.736s] -- Installing: /home/aleksantari/ros2_snake_ws/install/yolo_msgs/share/yolo_msgs/cmake/yolo_msgs__rosidl_typesupport_cppExport-noconfig.cmake
[12.736s] -- Installing: /home/aleksantari/ros2_snake_ws/install/yolo_msgs/share/yolo_msgs/cmake/export_yolo_msgs__rosidl_generator_pyExport.cmake
[12.736s] -- Installing: /home/aleksantari/ros2_snake_ws/install/yolo_msgs/share/yolo_msgs/cmake/export_yolo_msgs__rosidl_generator_pyExport-noconfig.cmake
[12.738s] Invoked command in '/home/aleksantari/ros2_snake_ws/build/yolo_msgs' returned '0': CMAKE_PREFIX_PATH=/home/aleksantari/ros2_snake_ws/install/snake_segmentation:/home/aleksantari/ros2_ws/install/my_robot_controller:/opt/ros/humble /usr/bin/cmake --install /home/aleksantari/ros2_snake_ws/build/yolo_msgs
