[0.367s] Invoking command in '/home/aleksantari/ros2_snake_ws/build/yolo_ros': AMENT_PREFIX_PATH=/home/aleksantari/ros2_snake_ws/install/yolo_msgs:${AMENT_PREFIX_PATH} CMAKE_PREFIX_PATH=/home/aleksantari/ros2_snake_ws/install/yolo_msgs LD_LIBRARY_PATH=/home/aleksantari/ros2_snake_ws/install/yolo_msgs/lib:${LD_LIBRARY_PATH} PYTHONPATH=/home/aleksantari/ros2_snake_ws/build/yolo_ros/prefix_override:/usr/lib/python3/dist-packages/colcon_core/task/python/colcon_distutils_commands:/home/aleksantari/ros2_snake_ws/install/yolo_ros/lib/python3.10/site-packages:/home/aleksantari/ros2_snake_ws/install/yolo_msgs/local/lib/python3.10/dist-packages:${PYTHONPATH} /usr/bin/python3 -W ignore:setup.py install is deprecated -W ignore:easy_install command is deprecated setup.py develop --editable --build-directory /home/aleksantari/ros2_snake_ws/build/yolo_ros/build --no-deps symlink_data
[0.504s] running develop
[0.594s] running egg_info
[0.594s] writing yolo_ros.egg-info/PKG-INFO
[0.594s] writing dependency_links to yolo_ros.egg-info/dependency_links.txt
[0.594s] writing entry points to yolo_ros.egg-info/entry_points.txt
[0.594s] writing requirements to yolo_ros.egg-info/requires.txt
[0.594s] writing top-level names to yolo_ros.egg-info/top_level.txt
[0.595s] reading manifest file 'yolo_ros.egg-info/SOURCES.txt'
[0.596s] writing manifest file 'yolo_ros.egg-info/SOURCES.txt'
[0.597s] running build_ext
[0.597s] Creating /home/aleksantari/ros2_snake_ws/install/yolo_ros/lib/python3.10/site-packages/yolo-ros.egg-link (link to .)
[0.597s] Installing debug_node script to /home/aleksantari/ros2_snake_ws/install/yolo_ros/lib/yolo_ros
[0.598s] Installing detect_3d_node script to /home/aleksantari/ros2_snake_ws/install/yolo_ros/lib/yolo_ros
[0.598s] Installing tracking_node script to /home/aleksantari/ros2_snake_ws/install/yolo_ros/lib/yolo_ros
[0.598s] Installing yolo_node script to /home/aleksantari/ros2_snake_ws/install/yolo_ros/lib/yolo_ros
[0.598s] 
[0.598s] Installed /home/aleksantari/ros2_snake_ws/build/yolo_ros
[0.598s] running symlink_data
[0.614s] Invoked command in '/home/aleksantari/ros2_snake_ws/build/yolo_ros' returned '0': AMENT_PREFIX_PATH=/home/aleksantari/ros2_snake_ws/install/yolo_msgs:${AMENT_PREFIX_PATH} CMAKE_PREFIX_PATH=/home/aleksantari/ros2_snake_ws/install/yolo_msgs LD_LIBRARY_PATH=/home/aleksantari/ros2_snake_ws/install/yolo_msgs/lib:${LD_LIBRARY_PATH} PYTHONPATH=/home/aleksantari/ros2_snake_ws/build/yolo_ros/prefix_override:/usr/lib/python3/dist-packages/colcon_core/task/python/colcon_distutils_commands:/home/aleksantari/ros2_snake_ws/install/yolo_ros/lib/python3.10/site-packages:/home/aleksantari/ros2_snake_ws/install/yolo_msgs/local/lib/python3.10/dist-packages:${PYTHONPATH} /usr/bin/python3 -W ignore:setup.py install is deprecated -W ignore:easy_install command is deprecated setup.py develop --editable --build-directory /home/aleksantari/ros2_snake_ws/build/yolo_ros/build --no-deps symlink_data
