[0.386s] Invoking command in '/home/aleksantari/ros2_snake_ws/build/snake_segmentation': PYTHONPATH=/home/aleksantari/ros2_snake_ws/build/snake_segmentation/prefix_override:/usr/lib/python3/dist-packages/colcon_core/task/python/colcon_distutils_commands:/home/aleksantari/ros2_snake_ws/install/snake_segmentation/lib/python3.10/site-packages:${PYTHONPATH} /usr/bin/python3 -W ignore:setup.py install is deprecated -W ignore:easy_install command is deprecated setup.py develop --editable --build-directory /home/aleksantari/ros2_snake_ws/build/snake_segmentation/build --no-deps symlink_data
[0.531s] running develop
[0.610s] running egg_info
[0.610s] creating snake_segmentation.egg-info
[0.611s] writing snake_segmentation.egg-info/PKG-INFO
[0.611s] writing dependency_links to snake_segmentation.egg-info/dependency_links.txt
[0.611s] writing entry points to snake_segmentation.egg-info/entry_points.txt
[0.611s] writing requirements to snake_segmentation.egg-info/requires.txt
[0.611s] writing top-level names to snake_segmentation.egg-info/top_level.txt
[0.611s] writing manifest file 'snake_segmentation.egg-info/SOURCES.txt'
[0.612s] reading manifest file 'snake_segmentation.egg-info/SOURCES.txt'
[0.612s] writing manifest file 'snake_segmentation.egg-info/SOURCES.txt'
[0.613s] running build_ext
[0.613s] Creating /home/aleksantari/ros2_snake_ws/install/snake_segmentation/lib/python3.10/site-packages/snake-segmentation.egg-link (link to .)
[0.614s] Installing segmentation_node script to /home/aleksantari/ros2_snake_ws/install/snake_segmentation/lib/snake_segmentation
[0.614s] 
[0.614s] Installed /home/aleksantari/ros2_snake_ws/build/snake_segmentation
[0.614s] running symlink_data
[0.614s] creating /home/aleksantari/ros2_snake_ws/install/snake_segmentation/share/ament_index
[0.614s] creating /home/aleksantari/ros2_snake_ws/install/snake_segmentation/share/ament_index/resource_index
[0.614s] creating /home/aleksantari/ros2_snake_ws/install/snake_segmentation/share/ament_index/resource_index/packages
[0.614s] symbolically linking /home/aleksantari/ros2_snake_ws/build/snake_segmentation/resource/snake_segmentation -> /home/aleksantari/ros2_snake_ws/install/snake_segmentation/share/ament_index/resource_index/packages
[0.614s] symbolically linking /home/aleksantari/ros2_snake_ws/build/snake_segmentation/package.xml -> /home/aleksantari/ros2_snake_ws/install/snake_segmentation/share/snake_segmentation
[0.631s] Invoked command in '/home/aleksantari/ros2_snake_ws/build/snake_segmentation' returned '0': PYTHONPATH=/home/aleksantari/ros2_snake_ws/build/snake_segmentation/prefix_override:/usr/lib/python3/dist-packages/colcon_core/task/python/colcon_distutils_commands:/home/aleksantari/ros2_snake_ws/install/snake_segmentation/lib/python3.10/site-packages:${PYTHONPATH} /usr/bin/python3 -W ignore:setup.py install is deprecated -W ignore:easy_install command is deprecated setup.py develop --editable --build-directory /home/aleksantari/ros2_snake_ws/build/snake_segmentation/build --no-deps symlink_data
