[0.146s] DEBUG:colcon:Command line arguments: ['/usr/bin/colcon', 'list', '-p', '--base-paths', '/home/aleksantari/ros2_snake_ws']
[0.146s] DEBUG:colcon:Parsed command line arguments: Namespace(log_base=None, log_level=None, verb_name='list', build_base='build', ignore_user_meta=False, metas=['./colcon.meta'], base_paths=['/home/aleksantari/ros2_snake_ws'], packages_ignore=None, packages_ignore_regex=None, paths=None, packages_up_to=None, packages_up_to_regex=None, packages_above=None, packages_above_and_dependencies=None, packages_above_depth=None, packages_select_by_dep=None, packages_skip_by_dep=None, packages_skip_up_to=None, packages_select_build_failed=False, packages_skip_build_finished=False, packages_select_test_failures=False, packages_skip_test_passed=False, packages_select=None, packages_skip=None, packages_select_regex=None, packages_skip_regex=None, packages_start=None, packages_end=None, allow_overriding=[], topological_order=False, names_only=False, paths_only=True, topological_graph=False, topological_graph_dot=False, topological_graph_density=False, topological_graph_legend=False, topological_graph_dot_cluster=False, topological_graph_dot_include_skipped=False, verb_parser=<colcon_defaults.argument_parser.defaults.DefaultArgumentsDecorator object at 0xffff95212b90>, verb_extension=<colcon_package_information.verb.list.ListVerb object at 0xffff9543fd00>, main=<bound method ListVerb.main of <colcon_package_information.verb.list.ListVerb object at 0xffff9543fd00>>)
[0.529s] Level 1:colcon.colcon_core.package_discovery:discover_packages(colcon_meta) check parameters
[0.529s] Level 1:colcon.colcon_core.package_discovery:discover_packages(recursive) check parameters
[0.529s] Level 1:colcon.colcon_core.package_discovery:discover_packages(ignore) check parameters
[0.529s] Level 1:colcon.colcon_core.package_discovery:discover_packages(path) check parameters
[0.529s] Level 1:colcon.colcon_core.package_discovery:discover_packages(recursive) discover
[0.529s] INFO:colcon.colcon_core.package_discovery:Crawling recursively for packages in '/home/aleksantari/ros2_snake_ws'
[0.529s] Level 1:colcon.colcon_core.package_identification:_identify(/home/aleksantari/ros2_snake_ws) by extensions ['ignore', 'ignore_ament_install']
[0.529s] Level 1:colcon.colcon_core.package_identification:_identify(/home/aleksantari/ros2_snake_ws) by extension 'ignore'
[0.529s] Level 1:colcon.colcon_core.package_identification:_identify(/home/aleksantari/ros2_snake_ws) by extension 'ignore_ament_install'
[0.529s] Level 1:colcon.colcon_core.package_identification:_identify(/home/aleksantari/ros2_snake_ws) by extensions ['colcon_pkg']
[0.529s] Level 1:colcon.colcon_core.package_identification:_identify(/home/aleksantari/ros2_snake_ws) by extension 'colcon_pkg'
[0.530s] Level 1:colcon.colcon_core.package_identification:_identify(/home/aleksantari/ros2_snake_ws) by extensions ['colcon_meta']
[0.530s] Level 1:colcon.colcon_core.package_identification:_identify(/home/aleksantari/ros2_snake_ws) by extension 'colcon_meta'
[0.530s] Level 1:colcon.colcon_core.package_identification:_identify(/home/aleksantari/ros2_snake_ws) by extensions ['ros']
[0.530s] Level 1:colcon.colcon_core.package_identification:_identify(/home/aleksantari/ros2_snake_ws) by extension 'ros'
[0.569s] Level 1:colcon.colcon_core.package_identification:_identify(/home/aleksantari/ros2_snake_ws) by extensions ['cmake', 'python']
[0.569s] Level 1:colcon.colcon_core.package_identification:_identify(/home/aleksantari/ros2_snake_ws) by extension 'cmake'
[0.569s] Level 1:colcon.colcon_core.package_identification:_identify(/home/aleksantari/ros2_snake_ws) by extension 'python'
[0.569s] Level 1:colcon.colcon_core.package_identification:_identify(/home/aleksantari/ros2_snake_ws) by extensions ['python_setup_py']
[0.569s] Level 1:colcon.colcon_core.package_identification:_identify(/home/aleksantari/ros2_snake_ws) by extension 'python_setup_py'
[0.580s] Level 1:colcon.colcon_core.package_identification:_identify(/home/aleksantari/ros2_snake_ws/build) by extensions ['ignore', 'ignore_ament_install']
[0.580s] Level 1:colcon.colcon_core.package_identification:_identify(/home/aleksantari/ros2_snake_ws/build) by extension 'ignore'
[0.580s] Level 1:colcon.colcon_core.package_identification:_identify(/home/aleksantari/ros2_snake_ws/build) ignored
[0.580s] Level 1:colcon.colcon_core.package_identification:_identify(/home/aleksantari/ros2_snake_ws/install) by extensions ['ignore', 'ignore_ament_install']
[0.580s] Level 1:colcon.colcon_core.package_identification:_identify(/home/aleksantari/ros2_snake_ws/install) by extension 'ignore'
[0.580s] Level 1:colcon.colcon_core.package_identification:_identify(/home/aleksantari/ros2_snake_ws/install) ignored
[0.581s] Level 1:colcon.colcon_core.package_identification:_identify(/home/aleksantari/ros2_snake_ws/log) by extensions ['ignore', 'ignore_ament_install']
[0.581s] Level 1:colcon.colcon_core.package_identification:_identify(/home/aleksantari/ros2_snake_ws/log) by extension 'ignore'
[0.581s] Level 1:colcon.colcon_core.package_identification:_identify(/home/aleksantari/ros2_snake_ws/log) ignored
[0.581s] Level 1:colcon.colcon_core.package_identification:_identify(/home/aleksantari/ros2_snake_ws/src) by extensions ['ignore', 'ignore_ament_install']
[0.581s] Level 1:colcon.colcon_core.package_identification:_identify(/home/aleksantari/ros2_snake_ws/src) by extension 'ignore'
[0.581s] Level 1:colcon.colcon_core.package_identification:_identify(/home/aleksantari/ros2_snake_ws/src) by extension 'ignore_ament_install'
[0.581s] Level 1:colcon.colcon_core.package_identification:_identify(/home/aleksantari/ros2_snake_ws/src) by extensions ['colcon_pkg']
[0.581s] Level 1:colcon.colcon_core.package_identification:_identify(/home/aleksantari/ros2_snake_ws/src) by extension 'colcon_pkg'
[0.581s] Level 1:colcon.colcon_core.package_identification:_identify(/home/aleksantari/ros2_snake_ws/src) by extensions ['colcon_meta']
[0.581s] Level 1:colcon.colcon_core.package_identification:_identify(/home/aleksantari/ros2_snake_ws/src) by extension 'colcon_meta'
[0.581s] Level 1:colcon.colcon_core.package_identification:_identify(/home/aleksantari/ros2_snake_ws/src) by extensions ['ros']
[0.581s] Level 1:colcon.colcon_core.package_identification:_identify(/home/aleksantari/ros2_snake_ws/src) by extension 'ros'
[0.581s] Level 1:colcon.colcon_core.package_identification:_identify(/home/aleksantari/ros2_snake_ws/src) by extensions ['cmake', 'python']
[0.581s] Level 1:colcon.colcon_core.package_identification:_identify(/home/aleksantari/ros2_snake_ws/src) by extension 'cmake'
[0.581s] Level 1:colcon.colcon_core.package_identification:_identify(/home/aleksantari/ros2_snake_ws/src) by extension 'python'
[0.581s] Level 1:colcon.colcon_core.package_identification:_identify(/home/aleksantari/ros2_snake_ws/src) by extensions ['python_setup_py']
[0.581s] Level 1:colcon.colcon_core.package_identification:_identify(/home/aleksantari/ros2_snake_ws/src) by extension 'python_setup_py'
[0.581s] Level 1:colcon.colcon_core.package_identification:_identify(/home/aleksantari/ros2_snake_ws/src/snake_segmentation) by extensions ['ignore', 'ignore_ament_install']
[0.581s] Level 1:colcon.colcon_core.package_identification:_identify(/home/aleksantari/ros2_snake_ws/src/snake_segmentation) by extension 'ignore'
[0.581s] Level 1:colcon.colcon_core.package_identification:_identify(/home/aleksantari/ros2_snake_ws/src/snake_segmentation) by extension 'ignore_ament_install'
[0.581s] Level 1:colcon.colcon_core.package_identification:_identify(/home/aleksantari/ros2_snake_ws/src/snake_segmentation) by extensions ['colcon_pkg']
[0.581s] Level 1:colcon.colcon_core.package_identification:_identify(/home/aleksantari/ros2_snake_ws/src/snake_segmentation) by extension 'colcon_pkg'
[0.581s] Level 1:colcon.colcon_core.package_identification:_identify(/home/aleksantari/ros2_snake_ws/src/snake_segmentation) by extensions ['colcon_meta']
[0.582s] Level 1:colcon.colcon_core.package_identification:_identify(/home/aleksantari/ros2_snake_ws/src/snake_segmentation) by extension 'colcon_meta'
[0.582s] Level 1:colcon.colcon_core.package_identification:_identify(/home/aleksantari/ros2_snake_ws/src/snake_segmentation) by extensions ['ros']
[0.582s] Level 1:colcon.colcon_core.package_identification:_identify(/home/aleksantari/ros2_snake_ws/src/snake_segmentation) by extension 'ros'
[0.584s] DEBUG:colcon.colcon_core.package_identification:Package '/home/aleksantari/ros2_snake_ws/src/snake_segmentation' with type 'ros.ament_python' and name 'snake_segmentation'
[0.584s] Level 1:colcon.colcon_core.package_identification:_identify(/home/aleksantari/ros2_snake_ws/src/yolo_ros) by extensions ['ignore', 'ignore_ament_install']
[0.584s] Level 1:colcon.colcon_core.package_identification:_identify(/home/aleksantari/ros2_snake_ws/src/yolo_ros) by extension 'ignore'
[0.584s] Level 1:colcon.colcon_core.package_identification:_identify(/home/aleksantari/ros2_snake_ws/src/yolo_ros) by extension 'ignore_ament_install'
[0.584s] Level 1:colcon.colcon_core.package_identification:_identify(/home/aleksantari/ros2_snake_ws/src/yolo_ros) by extensions ['colcon_pkg']
[0.584s] Level 1:colcon.colcon_core.package_identification:_identify(/home/aleksantari/ros2_snake_ws/src/yolo_ros) by extension 'colcon_pkg'
[0.584s] Level 1:colcon.colcon_core.package_identification:_identify(/home/aleksantari/ros2_snake_ws/src/yolo_ros) by extensions ['colcon_meta']
[0.584s] Level 1:colcon.colcon_core.package_identification:_identify(/home/aleksantari/ros2_snake_ws/src/yolo_ros) by extension 'colcon_meta'
[0.584s] Level 1:colcon.colcon_core.package_identification:_identify(/home/aleksantari/ros2_snake_ws/src/yolo_ros) by extensions ['ros']
[0.584s] Level 1:colcon.colcon_core.package_identification:_identify(/home/aleksantari/ros2_snake_ws/src/yolo_ros) by extension 'ros'
[0.584s] Level 1:colcon.colcon_core.package_identification:_identify(/home/aleksantari/ros2_snake_ws/src/yolo_ros) by extensions ['cmake', 'python']
[0.584s] Level 1:colcon.colcon_core.package_identification:_identify(/home/aleksantari/ros2_snake_ws/src/yolo_ros) by extension 'cmake'
[0.584s] Level 1:colcon.colcon_core.package_identification:_identify(/home/aleksantari/ros2_snake_ws/src/yolo_ros) by extension 'python'
[0.584s] Level 1:colcon.colcon_core.package_identification:_identify(/home/aleksantari/ros2_snake_ws/src/yolo_ros) by extensions ['python_setup_py']
[0.584s] Level 1:colcon.colcon_core.package_identification:_identify(/home/aleksantari/ros2_snake_ws/src/yolo_ros) by extension 'python_setup_py'
[0.584s] Level 1:colcon.colcon_core.package_identification:_identify(/home/aleksantari/ros2_snake_ws/src/yolo_ros/docs) by extensions ['ignore', 'ignore_ament_install']
[0.584s] Level 1:colcon.colcon_core.package_identification:_identify(/home/aleksantari/ros2_snake_ws/src/yolo_ros/docs) by extension 'ignore'
[0.584s] Level 1:colcon.colcon_core.package_identification:_identify(/home/aleksantari/ros2_snake_ws/src/yolo_ros/docs) by extension 'ignore_ament_install'
[0.584s] Level 1:colcon.colcon_core.package_identification:_identify(/home/aleksantari/ros2_snake_ws/src/yolo_ros/docs) by extensions ['colcon_pkg']
[0.584s] Level 1:colcon.colcon_core.package_identification:_identify(/home/aleksantari/ros2_snake_ws/src/yolo_ros/docs) by extension 'colcon_pkg'
[0.584s] Level 1:colcon.colcon_core.package_identification:_identify(/home/aleksantari/ros2_snake_ws/src/yolo_ros/docs) by extensions ['colcon_meta']
[0.584s] Level 1:colcon.colcon_core.package_identification:_identify(/home/aleksantari/ros2_snake_ws/src/yolo_ros/docs) by extension 'colcon_meta'
[0.584s] Level 1:colcon.colcon_core.package_identification:_identify(/home/aleksantari/ros2_snake_ws/src/yolo_ros/docs) by extensions ['ros']
[0.584s] Level 1:colcon.colcon_core.package_identification:_identify(/home/aleksantari/ros2_snake_ws/src/yolo_ros/docs) by extension 'ros'
[0.593s] Level 1:colcon.colcon_core.package_identification:_identify(/home/aleksantari/ros2_snake_ws/src/yolo_ros/docs) by extensions ['cmake', 'python']
[0.593s] Level 1:colcon.colcon_core.package_identification:_identify(/home/aleksantari/ros2_snake_ws/src/yolo_ros/docs) by extension 'cmake'
[0.593s] Level 1:colcon.colcon_core.package_identification:_identify(/home/aleksantari/ros2_snake_ws/src/yolo_ros/docs) by extension 'python'
[0.593s] Level 1:colcon.colcon_core.package_identification:_identify(/home/aleksantari/ros2_snake_ws/src/yolo_ros/docs) by extensions ['python_setup_py']
[0.593s] Level 1:colcon.colcon_core.package_identification:_identify(/home/aleksantari/ros2_snake_ws/src/yolo_ros/docs) by extension 'python_setup_py'
[0.594s] Level 1:colcon.colcon_core.package_identification:_identify(/home/aleksantari/ros2_snake_ws/src/yolo_ros/yolo_bringup) by extensions ['ignore', 'ignore_ament_install']
[0.594s] Level 1:colcon.colcon_core.package_identification:_identify(/home/aleksantari/ros2_snake_ws/src/yolo_ros/yolo_bringup) by extension 'ignore'
[0.594s] Level 1:colcon.colcon_core.package_identification:_identify(/home/aleksantari/ros2_snake_ws/src/yolo_ros/yolo_bringup) by extension 'ignore_ament_install'
[0.594s] Level 1:colcon.colcon_core.package_identification:_identify(/home/aleksantari/ros2_snake_ws/src/yolo_ros/yolo_bringup) by extensions ['colcon_pkg']
[0.594s] Level 1:colcon.colcon_core.package_identification:_identify(/home/aleksantari/ros2_snake_ws/src/yolo_ros/yolo_bringup) by extension 'colcon_pkg'
[0.594s] Level 1:colcon.colcon_core.package_identification:_identify(/home/aleksantari/ros2_snake_ws/src/yolo_ros/yolo_bringup) by extensions ['colcon_meta']
[0.594s] Level 1:colcon.colcon_core.package_identification:_identify(/home/aleksantari/ros2_snake_ws/src/yolo_ros/yolo_bringup) by extension 'colcon_meta'
[0.594s] Level 1:colcon.colcon_core.package_identification:_identify(/home/aleksantari/ros2_snake_ws/src/yolo_ros/yolo_bringup) by extensions ['ros']
[0.594s] Level 1:colcon.colcon_core.package_identification:_identify(/home/aleksantari/ros2_snake_ws/src/yolo_ros/yolo_bringup) by extension 'ros'
[0.597s] DEBUG:colcon.colcon_core.package_identification:Package '/home/aleksantari/ros2_snake_ws/src/yolo_ros/yolo_bringup' with type 'ros.ament_cmake' and name 'yolo_bringup'
[0.597s] Level 1:colcon.colcon_core.package_identification:_identify(/home/aleksantari/ros2_snake_ws/src/yolo_ros/yolo_msgs) by extensions ['ignore', 'ignore_ament_install']
[0.597s] Level 1:colcon.colcon_core.package_identification:_identify(/home/aleksantari/ros2_snake_ws/src/yolo_ros/yolo_msgs) by extension 'ignore'
[0.597s] Level 1:colcon.colcon_core.package_identification:_identify(/home/aleksantari/ros2_snake_ws/src/yolo_ros/yolo_msgs) by extension 'ignore_ament_install'
[0.597s] Level 1:colcon.colcon_core.package_identification:_identify(/home/aleksantari/ros2_snake_ws/src/yolo_ros/yolo_msgs) by extensions ['colcon_pkg']
[0.597s] Level 1:colcon.colcon_core.package_identification:_identify(/home/aleksantari/ros2_snake_ws/src/yolo_ros/yolo_msgs) by extension 'colcon_pkg'
[0.597s] Level 1:colcon.colcon_core.package_identification:_identify(/home/aleksantari/ros2_snake_ws/src/yolo_ros/yolo_msgs) by extensions ['colcon_meta']
[0.597s] Level 1:colcon.colcon_core.package_identification:_identify(/home/aleksantari/ros2_snake_ws/src/yolo_ros/yolo_msgs) by extension 'colcon_meta'
[0.597s] Level 1:colcon.colcon_core.package_identification:_identify(/home/aleksantari/ros2_snake_ws/src/yolo_ros/yolo_msgs) by extensions ['ros']
[0.597s] Level 1:colcon.colcon_core.package_identification:_identify(/home/aleksantari/ros2_snake_ws/src/yolo_ros/yolo_msgs) by extension 'ros'
[0.598s] DEBUG:colcon.colcon_core.package_identification:Package '/home/aleksantari/ros2_snake_ws/src/yolo_ros/yolo_msgs' with type 'ros.ament_cmake' and name 'yolo_msgs'
[0.598s] Level 1:colcon.colcon_core.package_identification:_identify(/home/aleksantari/ros2_snake_ws/src/yolo_ros/yolo_ros) by extensions ['ignore', 'ignore_ament_install']
[0.598s] Level 1:colcon.colcon_core.package_identification:_identify(/home/aleksantari/ros2_snake_ws/src/yolo_ros/yolo_ros) by extension 'ignore'
[0.598s] Level 1:colcon.colcon_core.package_identification:_identify(/home/aleksantari/ros2_snake_ws/src/yolo_ros/yolo_ros) by extension 'ignore_ament_install'
[0.598s] Level 1:colcon.colcon_core.package_identification:_identify(/home/aleksantari/ros2_snake_ws/src/yolo_ros/yolo_ros) by extensions ['colcon_pkg']
[0.598s] Level 1:colcon.colcon_core.package_identification:_identify(/home/aleksantari/ros2_snake_ws/src/yolo_ros/yolo_ros) by extension 'colcon_pkg'
[0.598s] Level 1:colcon.colcon_core.package_identification:_identify(/home/aleksantari/ros2_snake_ws/src/yolo_ros/yolo_ros) by extensions ['colcon_meta']
[0.598s] Level 1:colcon.colcon_core.package_identification:_identify(/home/aleksantari/ros2_snake_ws/src/yolo_ros/yolo_ros) by extension 'colcon_meta'
[0.598s] Level 1:colcon.colcon_core.package_identification:_identify(/home/aleksantari/ros2_snake_ws/src/yolo_ros/yolo_ros) by extensions ['ros']
[0.598s] Level 1:colcon.colcon_core.package_identification:_identify(/home/aleksantari/ros2_snake_ws/src/yolo_ros/yolo_ros) by extension 'ros'
[0.599s] DEBUG:colcon.colcon_core.package_identification:Package '/home/aleksantari/ros2_snake_ws/src/yolo_ros/yolo_ros' with type 'ros.ament_python' and name 'yolo_ros'
[0.599s] Level 1:colcon.colcon_core.package_discovery:discover_packages(recursive) using defaults
