[0.419s] Invoking command in '/home/aleksantari/ros2_snake_ws/build/yolo_ros': CMAKE_PREFIX_PATH=/home/aleksantari/ros2_snake_ws/install/yolo_msgs:/home/aleksantari/ros2_snake_ws/install/yolo_bringup PYTHONPATH=/home/aleksantari/ros2_snake_ws/build/yolo_ros/prefix_override:/usr/lib/python3/dist-packages/colcon_core/task/python/colcon_distutils_commands:/home/aleksantari/ros2_snake_ws/install/yolo_ros/lib/python3.10/site-packages:${PYTHONPATH} /usr/bin/python3 -W ignore:setup.py install is deprecated -W ignore:easy_install command is deprecated setup.py develop --editable --build-directory /home/aleksantari/ros2_snake_ws/build/yolo_ros/build --no-deps symlink_data
[0.561s] running develop
[0.651s] running egg_info
[0.651s] writing yolo_ros.egg-info/PKG-INFO
[0.651s] writing dependency_links to yolo_ros.egg-info/dependency_links.txt
[0.651s] writing entry points to yolo_ros.egg-info/entry_points.txt
[0.651s] writing requirements to yolo_ros.egg-info/requires.txt
[0.651s] writing top-level names to yolo_ros.egg-info/top_level.txt
[0.653s] reading manifest file 'yolo_ros.egg-info/SOURCES.txt'
[0.653s] writing manifest file 'yolo_ros.egg-info/SOURCES.txt'
[0.654s] running build_ext
[0.654s] Creating /home/aleksantari/ros2_snake_ws/install/yolo_ros/lib/python3.10/site-packages/yolo-ros.egg-link (link to .)
[0.654s] Installing debug_node script to /home/aleksantari/ros2_snake_ws/install/yolo_ros/lib/yolo_ros
[0.654s] Installing detect_3d_node script to /home/aleksantari/ros2_snake_ws/install/yolo_ros/lib/yolo_ros
[0.654s] Installing tracking_node script to /home/aleksantari/ros2_snake_ws/install/yolo_ros/lib/yolo_ros
[0.655s] Installing yolo_node script to /home/aleksantari/ros2_snake_ws/install/yolo_ros/lib/yolo_ros
[0.655s] 
[0.655s] Installed /home/aleksantari/ros2_snake_ws/build/yolo_ros
[0.655s] running symlink_data
[0.673s] Invoked command in '/home/aleksantari/ros2_snake_ws/build/yolo_ros' returned '0': CMAKE_PREFIX_PATH=/home/aleksantari/ros2_snake_ws/install/yolo_msgs:/home/aleksantari/ros2_snake_ws/install/yolo_bringup PYTHONPATH=/home/aleksantari/ros2_snake_ws/build/yolo_ros/prefix_override:/usr/lib/python3/dist-packages/colcon_core/task/python/colcon_distutils_commands:/home/aleksantari/ros2_snake_ws/install/yolo_ros/lib/python3.10/site-packages:${PYTHONPATH} /usr/bin/python3 -W ignore:setup.py install is deprecated -W ignore:easy_install command is deprecated setup.py develop --editable --build-directory /home/aleksantari/ros2_snake_ws/build/yolo_ros/build --no-deps symlink_data
