[0.005s] Invoking command in '/home/aleksantari/ros2_snake_ws/build/yolo_bringup': AMENT_PREFIX_PATH=/home/aleksantari/ros2_snake_ws/install/yolo_ros:/home/aleksantari/ros2_snake_ws/install/yolo_bringup:/home/aleksantari/ros2_snake_ws/install/yolo_msgs:/home/aleksantari/ros2_snake_ws/install/snake_segmentation:/opt/ros/humble CMAKE_PREFIX_PATH=/home/aleksantari/ros2_snake_ws/install/yolo_msgs:/home/aleksantari/ros2_snake_ws/install/yolo_bringup:/home/aleksantari/ros2_snake_ws/install/yolo_ros:/home/aleksantari/ros2_snake_ws/install/snake_segmentation:/opt/ros/humble /usr/bin/cmake --build /home/aleksantari/ros2_snake_ws/build/yolo_bringup -- -j2 -l2
[0.030s] Invoked command in '/home/aleksantari/ros2_snake_ws/build/yolo_bringup' returned '0': AMENT_PREFIX_PATH=/home/aleksantari/ros2_snake_ws/install/yolo_ros:/home/aleksantari/ros2_snake_ws/install/yolo_bringup:/home/aleksantari/ros2_snake_ws/install/yolo_msgs:/home/aleksantari/ros2_snake_ws/install/snake_segmentation:/opt/ros/humble CMAKE_PREFIX_PATH=/home/aleksantari/ros2_snake_ws/install/yolo_msgs:/home/aleksantari/ros2_snake_ws/install/yolo_bringup:/home/aleksantari/ros2_snake_ws/install/yolo_ros:/home/aleksantari/ros2_snake_ws/install/snake_segmentation:/opt/ros/humble /usr/bin/cmake --build /home/aleksantari/ros2_snake_ws/build/yolo_bringup -- -j2 -l2
[0.031s] Invoking command in '/home/aleksantari/ros2_snake_ws/build/yolo_bringup': AMENT_PREFIX_PATH=/home/aleksantari/ros2_snake_ws/install/yolo_ros:/home/aleksantari/ros2_snake_ws/install/yolo_bringup:/home/aleksantari/ros2_snake_ws/install/yolo_msgs:/home/aleksantari/ros2_snake_ws/install/snake_segmentation:/opt/ros/humble CMAKE_PREFIX_PATH=/home/aleksantari/ros2_snake_ws/install/yolo_msgs:/home/aleksantari/ros2_snake_ws/install/yolo_bringup:/home/aleksantari/ros2_snake_ws/install/yolo_ros:/home/aleksantari/ros2_snake_ws/install/snake_segmentation:/opt/ros/humble /usr/bin/cmake --install /home/aleksantari/ros2_snake_ws/build/yolo_bringup
[0.036s] -- Install configuration: ""
[0.036s] -- Execute custom install script
[0.037s] -- Up-to-date symlink: /home/aleksantari/ros2_snake_ws/install/yolo_bringup/share/yolo_bringup//launch/yolo-world.launch.py
[0.037s] -- Up-to-date symlink: /home/aleksantari/ros2_snake_ws/install/yolo_bringup/share/yolo_bringup//launch/yolo.launch.py
[0.037s] -- Up-to-date symlink: /home/aleksantari/ros2_snake_ws/install/yolo_bringup/share/yolo_bringup//launch/yolov10.launch.py
[0.037s] -- Up-to-date symlink: /home/aleksantari/ros2_snake_ws/install/yolo_bringup/share/yolo_bringup//launch/yolov11.launch.py
[0.037s] -- Up-to-date symlink: /home/aleksantari/ros2_snake_ws/install/yolo_bringup/share/yolo_bringup//launch/yolov12.launch.py
[0.037s] -- Up-to-date symlink: /home/aleksantari/ros2_snake_ws/install/yolo_bringup/share/yolo_bringup//launch/yolov5.launch.py
[0.037s] -- Up-to-date symlink: /home/aleksantari/ros2_snake_ws/install/yolo_bringup/share/yolo_bringup//launch/yolov8.launch.py
[0.038s] -- Up-to-date symlink: /home/aleksantari/ros2_snake_ws/install/yolo_bringup/share/yolo_bringup//launch/yolov9.launch.py
[0.038s] -- Up-to-date symlink: /home/aleksantari/ros2_snake_ws/install/yolo_bringup/share/ament_index/resource_index/package_run_dependencies/yolo_bringup
[0.038s] -- Up-to-date symlink: /home/aleksantari/ros2_snake_ws/install/yolo_bringup/share/ament_index/resource_index/parent_prefix_path/yolo_bringup
[0.038s] -- Up-to-date symlink: /home/aleksantari/ros2_snake_ws/install/yolo_bringup/share/yolo_bringup/environment/ament_prefix_path.sh
[0.038s] -- Up-to-date symlink: /home/aleksantari/ros2_snake_ws/install/yolo_bringup/share/yolo_bringup/environment/ament_prefix_path.dsv
[0.038s] -- Up-to-date symlink: /home/aleksantari/ros2_snake_ws/install/yolo_bringup/share/yolo_bringup/environment/path.sh
[0.039s] -- Up-to-date symlink: /home/aleksantari/ros2_snake_ws/install/yolo_bringup/share/yolo_bringup/environment/path.dsv
[0.039s] -- Up-to-date symlink: /home/aleksantari/ros2_snake_ws/install/yolo_bringup/share/yolo_bringup/local_setup.bash
[0.039s] -- Up-to-date symlink: /home/aleksantari/ros2_snake_ws/install/yolo_bringup/share/yolo_bringup/local_setup.sh
[0.039s] -- Up-to-date symlink: /home/aleksantari/ros2_snake_ws/install/yolo_bringup/share/yolo_bringup/local_setup.zsh
[0.039s] -- Up-to-date symlink: /home/aleksantari/ros2_snake_ws/install/yolo_bringup/share/yolo_bringup/local_setup.dsv
[0.039s] -- Symlinking: /home/aleksantari/ros2_snake_ws/install/yolo_bringup/share/yolo_bringup/package.dsv
[0.044s] -- Up-to-date symlink: /home/aleksantari/ros2_snake_ws/install/yolo_bringup/share/ament_index/resource_index/packages/yolo_bringup
[0.044s] -- Up-to-date symlink: /home/aleksantari/ros2_snake_ws/install/yolo_bringup/share/yolo_bringup/cmake/yolo_bringupConfig.cmake
[0.044s] -- Up-to-date symlink: /home/aleksantari/ros2_snake_ws/install/yolo_bringup/share/yolo_bringup/cmake/yolo_bringupConfig-version.cmake
[0.044s] -- Up-to-date symlink: /home/aleksantari/ros2_snake_ws/install/yolo_bringup/share/yolo_bringup/package.xml
[0.046s] Invoked command in '/home/aleksantari/ros2_snake_ws/build/yolo_bringup' returned '0': AMENT_PREFIX_PATH=/home/aleksantari/ros2_snake_ws/install/yolo_ros:/home/aleksantari/ros2_snake_ws/install/yolo_bringup:/home/aleksantari/ros2_snake_ws/install/yolo_msgs:/home/aleksantari/ros2_snake_ws/install/snake_segmentation:/opt/ros/humble CMAKE_PREFIX_PATH=/home/aleksantari/ros2_snake_ws/install/yolo_msgs:/home/aleksantari/ros2_snake_ws/install/yolo_bringup:/home/aleksantari/ros2_snake_ws/install/yolo_ros:/home/aleksantari/ros2_snake_ws/install/snake_segmentation:/opt/ros/humble /usr/bin/cmake --install /home/aleksantari/ros2_snake_ws/build/yolo_bringup
