[0.122s] DEBUG:colcon:Command line arguments: ['/usr/bin/colcon', 'build', '--symlink-install']
[0.122s] DEBUG:colcon:Parsed command line arguments: Namespace(log_base=None, log_level=None, verb_name='build', build_base='build', install_base='install', merge_install=False, symlink_install=True, test_result_base=None, continue_on_error=False, executor='parallel', parallel_workers=2, event_handlers=None, ignore_user_meta=False, metas=['./colcon.meta'], base_paths=['.'], packages_ignore=None, packages_ignore_regex=None, paths=None, packages_up_to=None, packages_up_to_regex=None, packages_above=None, packages_above_and_dependencies=None, packages_above_depth=None, packages_select_by_dep=None, packages_skip_by_dep=None, packages_skip_up_to=None, packages_select_build_failed=False, packages_skip_build_finished=False, packages_select_test_failures=False, packages_skip_test_passed=False, packages_select=None, packages_skip=None, packages_select_regex=None, packages_skip_regex=None, packages_start=None, packages_end=None, allow_overriding=[], cmake_args=None, cmake_target=None, cmake_target_skip_unavailable=False, cmake_clean_cache=False, cmake_clean_first=False, cmake_force_configure=False, ament_cmake_args=None, catkin_cmake_args=None, catkin_skip_building_tests=False, verb_parser=<colcon_defaults.argument_parser.defaults.DefaultArgumentsDecorator object at 0xffff9d009f90>, verb_extension=<colcon_core.verb.build.BuildVerb object at 0xffff9d10b400>, main=<bound method BuildVerb.main of <colcon_core.verb.build.BuildVerb object at 0xffff9d10b400>>)
[0.306s] Level 1:colcon.colcon_core.package_discovery:discover_packages(colcon_meta) check parameters
[0.307s] Level 1:colcon.colcon_core.package_discovery:discover_packages(recursive) check parameters
[0.307s] Level 1:colcon.colcon_core.package_discovery:discover_packages(ignore) check parameters
[0.307s] Level 1:colcon.colcon_core.package_discovery:discover_packages(path) check parameters
[0.307s] Level 1:colcon.colcon_core.package_discovery:discover_packages(colcon_meta) discover
[0.307s] Level 1:colcon.colcon_core.package_discovery:discover_packages(recursive) discover
[0.307s] INFO:colcon.colcon_core.package_discovery:Crawling recursively for packages in '/home/aleksantari/ros2_snake_ws'
[0.307s] Level 1:colcon.colcon_core.package_identification:_identify(.) by extensions ['ignore', 'ignore_ament_install']
[0.307s] Level 1:colcon.colcon_core.package_identification:_identify(.) by extension 'ignore'
[0.307s] Level 1:colcon.colcon_core.package_identification:_identify(.) by extension 'ignore_ament_install'
[0.307s] Level 1:colcon.colcon_core.package_identification:_identify(.) by extensions ['colcon_pkg']
[0.307s] Level 1:colcon.colcon_core.package_identification:_identify(.) by extension 'colcon_pkg'
[0.307s] Level 1:colcon.colcon_core.package_identification:_identify(.) by extensions ['colcon_meta']
[0.307s] Level 1:colcon.colcon_core.package_identification:_identify(.) by extension 'colcon_meta'
[0.307s] Level 1:colcon.colcon_core.package_identification:_identify(.) by extensions ['ros']
[0.307s] Level 1:colcon.colcon_core.package_identification:_identify(.) by extension 'ros'
[0.315s] Level 1:colcon.colcon_core.package_identification:_identify(.) by extensions ['cmake', 'python']
[0.315s] Level 1:colcon.colcon_core.package_identification:_identify(.) by extension 'cmake'
[0.315s] Level 1:colcon.colcon_core.package_identification:_identify(.) by extension 'python'
[0.315s] Level 1:colcon.colcon_core.package_identification:_identify(.) by extensions ['python_setup_py']
[0.315s] Level 1:colcon.colcon_core.package_identification:_identify(.) by extension 'python_setup_py'
[0.315s] Level 1:colcon.colcon_core.package_identification:_identify(build) by extensions ['ignore', 'ignore_ament_install']
[0.316s] Level 1:colcon.colcon_core.package_identification:_identify(build) by extension 'ignore'
[0.316s] Level 1:colcon.colcon_core.package_identification:_identify(build) ignored
[0.316s] Level 1:colcon.colcon_core.package_identification:_identify(install) by extensions ['ignore', 'ignore_ament_install']
[0.316s] Level 1:colcon.colcon_core.package_identification:_identify(install) by extension 'ignore'
[0.316s] Level 1:colcon.colcon_core.package_identification:_identify(install) ignored
[0.316s] Level 1:colcon.colcon_core.package_identification:_identify(log) by extensions ['ignore', 'ignore_ament_install']
[0.316s] Level 1:colcon.colcon_core.package_identification:_identify(log) by extension 'ignore'
[0.316s] Level 1:colcon.colcon_core.package_identification:_identify(log) ignored
[0.316s] Level 1:colcon.colcon_core.package_identification:_identify(src) by extensions ['ignore', 'ignore_ament_install']
[0.316s] Level 1:colcon.colcon_core.package_identification:_identify(src) by extension 'ignore'
[0.316s] Level 1:colcon.colcon_core.package_identification:_identify(src) by extension 'ignore_ament_install'
[0.316s] Level 1:colcon.colcon_core.package_identification:_identify(src) by extensions ['colcon_pkg']
[0.316s] Level 1:colcon.colcon_core.package_identification:_identify(src) by extension 'colcon_pkg'
[0.316s] Level 1:colcon.colcon_core.package_identification:_identify(src) by extensions ['colcon_meta']
[0.316s] Level 1:colcon.colcon_core.package_identification:_identify(src) by extension 'colcon_meta'
[0.316s] Level 1:colcon.colcon_core.package_identification:_identify(src) by extensions ['ros']
[0.316s] Level 1:colcon.colcon_core.package_identification:_identify(src) by extension 'ros'
[0.316s] Level 1:colcon.colcon_core.package_identification:_identify(src) by extensions ['cmake', 'python']
[0.316s] Level 1:colcon.colcon_core.package_identification:_identify(src) by extension 'cmake'
[0.316s] Level 1:colcon.colcon_core.package_identification:_identify(src) by extension 'python'
[0.316s] Level 1:colcon.colcon_core.package_identification:_identify(src) by extensions ['python_setup_py']
[0.316s] Level 1:colcon.colcon_core.package_identification:_identify(src) by extension 'python_setup_py'
[0.316s] Level 1:colcon.colcon_core.package_identification:_identify(src/snake_segmentation) by extensions ['ignore', 'ignore_ament_install']
[0.316s] Level 1:colcon.colcon_core.package_identification:_identify(src/snake_segmentation) by extension 'ignore'
[0.316s] Level 1:colcon.colcon_core.package_identification:_identify(src/snake_segmentation) by extension 'ignore_ament_install'
[0.316s] Level 1:colcon.colcon_core.package_identification:_identify(src/snake_segmentation) by extensions ['colcon_pkg']
[0.316s] Level 1:colcon.colcon_core.package_identification:_identify(src/snake_segmentation) by extension 'colcon_pkg'
[0.316s] Level 1:colcon.colcon_core.package_identification:_identify(src/snake_segmentation) by extensions ['colcon_meta']
[0.316s] Level 1:colcon.colcon_core.package_identification:_identify(src/snake_segmentation) by extension 'colcon_meta'
[0.316s] Level 1:colcon.colcon_core.package_identification:_identify(src/snake_segmentation) by extensions ['ros']
[0.316s] Level 1:colcon.colcon_core.package_identification:_identify(src/snake_segmentation) by extension 'ros'
[0.319s] DEBUG:colcon.colcon_core.package_identification:Package 'src/snake_segmentation' with type 'ros.ament_python' and name 'snake_segmentation'
[0.319s] Level 1:colcon.colcon_core.package_identification:_identify(src/yolo_ros) by extensions ['ignore', 'ignore_ament_install']
[0.319s] Level 1:colcon.colcon_core.package_identification:_identify(src/yolo_ros) by extension 'ignore'
[0.319s] Level 1:colcon.colcon_core.package_identification:_identify(src/yolo_ros) by extension 'ignore_ament_install'
[0.319s] Level 1:colcon.colcon_core.package_identification:_identify(src/yolo_ros) by extensions ['colcon_pkg']
[0.319s] Level 1:colcon.colcon_core.package_identification:_identify(src/yolo_ros) by extension 'colcon_pkg'
[0.319s] Level 1:colcon.colcon_core.package_identification:_identify(src/yolo_ros) by extensions ['colcon_meta']
[0.319s] Level 1:colcon.colcon_core.package_identification:_identify(src/yolo_ros) by extension 'colcon_meta'
[0.319s] Level 1:colcon.colcon_core.package_identification:_identify(src/yolo_ros) by extensions ['ros']
[0.319s] Level 1:colcon.colcon_core.package_identification:_identify(src/yolo_ros) by extension 'ros'
[0.319s] Level 1:colcon.colcon_core.package_identification:_identify(src/yolo_ros) by extensions ['cmake', 'python']
[0.319s] Level 1:colcon.colcon_core.package_identification:_identify(src/yolo_ros) by extension 'cmake'
[0.319s] Level 1:colcon.colcon_core.package_identification:_identify(src/yolo_ros) by extension 'python'
[0.319s] Level 1:colcon.colcon_core.package_identification:_identify(src/yolo_ros) by extensions ['python_setup_py']
[0.319s] Level 1:colcon.colcon_core.package_identification:_identify(src/yolo_ros) by extension 'python_setup_py'
[0.319s] Level 1:colcon.colcon_core.package_identification:_identify(src/yolo_ros/docs) by extensions ['ignore', 'ignore_ament_install']
[0.319s] Level 1:colcon.colcon_core.package_identification:_identify(src/yolo_ros/docs) by extension 'ignore'
[0.319s] Level 1:colcon.colcon_core.package_identification:_identify(src/yolo_ros/docs) by extension 'ignore_ament_install'
[0.320s] Level 1:colcon.colcon_core.package_identification:_identify(src/yolo_ros/docs) by extensions ['colcon_pkg']
[0.320s] Level 1:colcon.colcon_core.package_identification:_identify(src/yolo_ros/docs) by extension 'colcon_pkg'
[0.320s] Level 1:colcon.colcon_core.package_identification:_identify(src/yolo_ros/docs) by extensions ['colcon_meta']
[0.320s] Level 1:colcon.colcon_core.package_identification:_identify(src/yolo_ros/docs) by extension 'colcon_meta'
[0.320s] Level 1:colcon.colcon_core.package_identification:_identify(src/yolo_ros/docs) by extensions ['ros']
[0.320s] Level 1:colcon.colcon_core.package_identification:_identify(src/yolo_ros/docs) by extension 'ros'
[0.320s] Level 1:colcon.colcon_core.package_identification:_identify(src/yolo_ros/docs) by extensions ['cmake', 'python']
[0.320s] Level 1:colcon.colcon_core.package_identification:_identify(src/yolo_ros/docs) by extension 'cmake'
[0.320s] Level 1:colcon.colcon_core.package_identification:_identify(src/yolo_ros/docs) by extension 'python'
[0.320s] Level 1:colcon.colcon_core.package_identification:_identify(src/yolo_ros/docs) by extensions ['python_setup_py']
[0.320s] Level 1:colcon.colcon_core.package_identification:_identify(src/yolo_ros/docs) by extension 'python_setup_py'
[0.320s] Level 1:colcon.colcon_core.package_identification:_identify(src/yolo_ros/yolo_bringup) by extensions ['ignore', 'ignore_ament_install']
[0.320s] Level 1:colcon.colcon_core.package_identification:_identify(src/yolo_ros/yolo_bringup) by extension 'ignore'
[0.320s] Level 1:colcon.colcon_core.package_identification:_identify(src/yolo_ros/yolo_bringup) by extension 'ignore_ament_install'
[0.320s] Level 1:colcon.colcon_core.package_identification:_identify(src/yolo_ros/yolo_bringup) by extensions ['colcon_pkg']
[0.320s] Level 1:colcon.colcon_core.package_identification:_identify(src/yolo_ros/yolo_bringup) by extension 'colcon_pkg'
[0.320s] Level 1:colcon.colcon_core.package_identification:_identify(src/yolo_ros/yolo_bringup) by extensions ['colcon_meta']
[0.320s] Level 1:colcon.colcon_core.package_identification:_identify(src/yolo_ros/yolo_bringup) by extension 'colcon_meta'
[0.320s] Level 1:colcon.colcon_core.package_identification:_identify(src/yolo_ros/yolo_bringup) by extensions ['ros']
[0.320s] Level 1:colcon.colcon_core.package_identification:_identify(src/yolo_ros/yolo_bringup) by extension 'ros'
[0.320s] DEBUG:colcon.colcon_core.package_identification:Package 'src/yolo_ros/yolo_bringup' with type 'ros.ament_cmake' and name 'yolo_bringup'
[0.320s] Level 1:colcon.colcon_core.package_identification:_identify(src/yolo_ros/yolo_msgs) by extensions ['ignore', 'ignore_ament_install']
[0.320s] Level 1:colcon.colcon_core.package_identification:_identify(src/yolo_ros/yolo_msgs) by extension 'ignore'
[0.320s] Level 1:colcon.colcon_core.package_identification:_identify(src/yolo_ros/yolo_msgs) by extension 'ignore_ament_install'
[0.321s] Level 1:colcon.colcon_core.package_identification:_identify(src/yolo_ros/yolo_msgs) by extensions ['colcon_pkg']
[0.321s] Level 1:colcon.colcon_core.package_identification:_identify(src/yolo_ros/yolo_msgs) by extension 'colcon_pkg'
[0.321s] Level 1:colcon.colcon_core.package_identification:_identify(src/yolo_ros/yolo_msgs) by extensions ['colcon_meta']
[0.321s] Level 1:colcon.colcon_core.package_identification:_identify(src/yolo_ros/yolo_msgs) by extension 'colcon_meta'
[0.321s] Level 1:colcon.colcon_core.package_identification:_identify(src/yolo_ros/yolo_msgs) by extensions ['ros']
[0.321s] Level 1:colcon.colcon_core.package_identification:_identify(src/yolo_ros/yolo_msgs) by extension 'ros'
[0.321s] DEBUG:colcon.colcon_core.package_identification:Package 'src/yolo_ros/yolo_msgs' with type 'ros.ament_cmake' and name 'yolo_msgs'
[0.321s] Level 1:colcon.colcon_core.package_identification:_identify(src/yolo_ros/yolo_ros) by extensions ['ignore', 'ignore_ament_install']
[0.321s] Level 1:colcon.colcon_core.package_identification:_identify(src/yolo_ros/yolo_ros) by extension 'ignore'
[0.321s] Level 1:colcon.colcon_core.package_identification:_identify(src/yolo_ros/yolo_ros) by extension 'ignore_ament_install'
[0.321s] Level 1:colcon.colcon_core.package_identification:_identify(src/yolo_ros/yolo_ros) by extensions ['colcon_pkg']
[0.321s] Level 1:colcon.colcon_core.package_identification:_identify(src/yolo_ros/yolo_ros) by extension 'colcon_pkg'
[0.321s] Level 1:colcon.colcon_core.package_identification:_identify(src/yolo_ros/yolo_ros) by extensions ['colcon_meta']
[0.321s] Level 1:colcon.colcon_core.package_identification:_identify(src/yolo_ros/yolo_ros) by extension 'colcon_meta'
[0.321s] Level 1:colcon.colcon_core.package_identification:_identify(src/yolo_ros/yolo_ros) by extensions ['ros']
[0.321s] Level 1:colcon.colcon_core.package_identification:_identify(src/yolo_ros/yolo_ros) by extension 'ros'
[0.322s] DEBUG:colcon.colcon_core.package_identification:Package 'src/yolo_ros/yolo_ros' with type 'ros.ament_python' and name 'yolo_ros'
[0.322s] Level 1:colcon.colcon_core.package_discovery:discover_packages(recursive) using defaults
[0.322s] Level 1:colcon.colcon_core.package_discovery:discover_packages(ignore) discover
[0.322s] Level 1:colcon.colcon_core.package_discovery:discover_packages(ignore) using defaults
[0.322s] Level 1:colcon.colcon_core.package_discovery:discover_packages(path) discover
[0.322s] Level 1:colcon.colcon_core.package_discovery:discover_packages(path) using defaults
[0.345s] Level 1:colcon.colcon_core.package_discovery:discover_packages(prefix_path) check parameters
[0.345s] Level 1:colcon.colcon_core.package_discovery:discover_packages(prefix_path) discover
[0.346s] DEBUG:colcon.colcon_installed_package_information.package_discovery:Found 4 installed packages in /home/aleksantari/ros2_snake_ws/install
[0.348s] DEBUG:colcon.colcon_installed_package_information.package_discovery:Found 349 installed packages in /opt/ros/humble
[0.351s] Level 1:colcon.colcon_core.package_discovery:discover_packages(prefix_path) using defaults
[0.426s] Level 5:colcon.colcon_core.verb:set package 'snake_segmentation' build argument 'cmake_args' from command line to 'None'
[0.426s] Level 5:colcon.colcon_core.verb:set package 'snake_segmentation' build argument 'cmake_target' from command line to 'None'
[0.426s] Level 5:colcon.colcon_core.verb:set package 'snake_segmentation' build argument 'cmake_target_skip_unavailable' from command line to 'False'
[0.426s] Level 5:colcon.colcon_core.verb:set package 'snake_segmentation' build argument 'cmake_clean_cache' from command line to 'False'
[0.426s] Level 5:colcon.colcon_core.verb:set package 'snake_segmentation' build argument 'cmake_clean_first' from command line to 'False'
[0.426s] Level 5:colcon.colcon_core.verb:set package 'snake_segmentation' build argument 'cmake_force_configure' from command line to 'False'
[0.426s] Level 5:colcon.colcon_core.verb:set package 'snake_segmentation' build argument 'ament_cmake_args' from command line to 'None'
[0.426s] Level 5:colcon.colcon_core.verb:set package 'snake_segmentation' build argument 'catkin_cmake_args' from command line to 'None'
[0.426s] Level 5:colcon.colcon_core.verb:set package 'snake_segmentation' build argument 'catkin_skip_building_tests' from command line to 'False'
[0.426s] DEBUG:colcon.colcon_core.verb:Building package 'snake_segmentation' with the following arguments: {'ament_cmake_args': None, 'build_base': '/home/aleksantari/ros2_snake_ws/build/snake_segmentation', 'catkin_cmake_args': None, 'catkin_skip_building_tests': False, 'cmake_args': None, 'cmake_clean_cache': False, 'cmake_clean_first': False, 'cmake_force_configure': False, 'cmake_target': None, 'cmake_target_skip_unavailable': False, 'install_base': '/home/aleksantari/ros2_snake_ws/install/snake_segmentation', 'merge_install': False, 'path': '/home/aleksantari/ros2_snake_ws/src/snake_segmentation', 'symlink_install': True, 'test_result_base': None}
[0.426s] Level 5:colcon.colcon_core.verb:set package 'yolo_msgs' build argument 'cmake_args' from command line to 'None'
[0.426s] Level 5:colcon.colcon_core.verb:set package 'yolo_msgs' build argument 'cmake_target' from command line to 'None'
[0.426s] Level 5:colcon.colcon_core.verb:set package 'yolo_msgs' build argument 'cmake_target_skip_unavailable' from command line to 'False'
[0.426s] Level 5:colcon.colcon_core.verb:set package 'yolo_msgs' build argument 'cmake_clean_cache' from command line to 'False'
[0.426s] Level 5:colcon.colcon_core.verb:set package 'yolo_msgs' build argument 'cmake_clean_first' from command line to 'False'
[0.426s] Level 5:colcon.colcon_core.verb:set package 'yolo_msgs' build argument 'cmake_force_configure' from command line to 'False'
[0.426s] Level 5:colcon.colcon_core.verb:set package 'yolo_msgs' build argument 'ament_cmake_args' from command line to 'None'
[0.426s] Level 5:colcon.colcon_core.verb:set package 'yolo_msgs' build argument 'catkin_cmake_args' from command line to 'None'
[0.426s] Level 5:colcon.colcon_core.verb:set package 'yolo_msgs' build argument 'catkin_skip_building_tests' from command line to 'False'
[0.426s] DEBUG:colcon.colcon_core.verb:Building package 'yolo_msgs' with the following arguments: {'ament_cmake_args': None, 'build_base': '/home/aleksantari/ros2_snake_ws/build/yolo_msgs', 'catkin_cmake_args': None, 'catkin_skip_building_tests': False, 'cmake_args': None, 'cmake_clean_cache': False, 'cmake_clean_first': False, 'cmake_force_configure': False, 'cmake_target': None, 'cmake_target_skip_unavailable': False, 'install_base': '/home/aleksantari/ros2_snake_ws/install/yolo_msgs', 'merge_install': False, 'path': '/home/aleksantari/ros2_snake_ws/src/yolo_ros/yolo_msgs', 'symlink_install': True, 'test_result_base': None}
[0.426s] Level 5:colcon.colcon_core.verb:set package 'yolo_ros' build argument 'cmake_args' from command line to 'None'
[0.426s] Level 5:colcon.colcon_core.verb:set package 'yolo_ros' build argument 'cmake_target' from command line to 'None'
[0.426s] Level 5:colcon.colcon_core.verb:set package 'yolo_ros' build argument 'cmake_target_skip_unavailable' from command line to 'False'
[0.426s] Level 5:colcon.colcon_core.verb:set package 'yolo_ros' build argument 'cmake_clean_cache' from command line to 'False'
[0.426s] Level 5:colcon.colcon_core.verb:set package 'yolo_ros' build argument 'cmake_clean_first' from command line to 'False'
[0.426s] Level 5:colcon.colcon_core.verb:set package 'yolo_ros' build argument 'cmake_force_configure' from command line to 'False'
[0.426s] Level 5:colcon.colcon_core.verb:set package 'yolo_ros' build argument 'ament_cmake_args' from command line to 'None'
[0.427s] Level 5:colcon.colcon_core.verb:set package 'yolo_ros' build argument 'catkin_cmake_args' from command line to 'None'
[0.427s] Level 5:colcon.colcon_core.verb:set package 'yolo_ros' build argument 'catkin_skip_building_tests' from command line to 'False'
[0.427s] DEBUG:colcon.colcon_core.verb:Building package 'yolo_ros' with the following arguments: {'ament_cmake_args': None, 'build_base': '/home/aleksantari/ros2_snake_ws/build/yolo_ros', 'catkin_cmake_args': None, 'catkin_skip_building_tests': False, 'cmake_args': None, 'cmake_clean_cache': False, 'cmake_clean_first': False, 'cmake_force_configure': False, 'cmake_target': None, 'cmake_target_skip_unavailable': False, 'install_base': '/home/aleksantari/ros2_snake_ws/install/yolo_ros', 'merge_install': False, 'path': '/home/aleksantari/ros2_snake_ws/src/yolo_ros/yolo_ros', 'symlink_install': True, 'test_result_base': None}
[0.427s] Level 5:colcon.colcon_core.verb:set package 'yolo_bringup' build argument 'cmake_args' from command line to 'None'
[0.427s] Level 5:colcon.colcon_core.verb:set package 'yolo_bringup' build argument 'cmake_target' from command line to 'None'
[0.427s] Level 5:colcon.colcon_core.verb:set package 'yolo_bringup' build argument 'cmake_target_skip_unavailable' from command line to 'False'
[0.427s] Level 5:colcon.colcon_core.verb:set package 'yolo_bringup' build argument 'cmake_clean_cache' from command line to 'False'
[0.427s] Level 5:colcon.colcon_core.verb:set package 'yolo_bringup' build argument 'cmake_clean_first' from command line to 'False'
[0.427s] Level 5:colcon.colcon_core.verb:set package 'yolo_bringup' build argument 'cmake_force_configure' from command line to 'False'
[0.427s] Level 5:colcon.colcon_core.verb:set package 'yolo_bringup' build argument 'ament_cmake_args' from command line to 'None'
[0.427s] Level 5:colcon.colcon_core.verb:set package 'yolo_bringup' build argument 'catkin_cmake_args' from command line to 'None'
[0.427s] Level 5:colcon.colcon_core.verb:set package 'yolo_bringup' build argument 'catkin_skip_building_tests' from command line to 'False'
[0.427s] DEBUG:colcon.colcon_core.verb:Building package 'yolo_bringup' with the following arguments: {'ament_cmake_args': None, 'build_base': '/home/aleksantari/ros2_snake_ws/build/yolo_bringup', 'catkin_cmake_args': None, 'catkin_skip_building_tests': False, 'cmake_args': None, 'cmake_clean_cache': False, 'cmake_clean_first': False, 'cmake_force_configure': False, 'cmake_target': None, 'cmake_target_skip_unavailable': False, 'install_base': '/home/aleksantari/ros2_snake_ws/install/yolo_bringup', 'merge_install': False, 'path': '/home/aleksantari/ros2_snake_ws/src/yolo_ros/yolo_bringup', 'symlink_install': True, 'test_result_base': None}
[0.427s] INFO:colcon.colcon_core.executor:Executing jobs using 'parallel' executor
[0.428s] DEBUG:colcon.colcon_parallel_executor.executor.parallel:run_until_complete
[0.428s] INFO:colcon.colcon_ros.task.ament_cmake.build:Building ROS package in '/home/aleksantari/ros2_snake_ws/src/yolo_ros/yolo_msgs' with build type 'ament_cmake'
[0.428s] INFO:colcon.colcon_cmake.task.cmake.build:Building CMake package in '/home/aleksantari/ros2_snake_ws/src/yolo_ros/yolo_msgs'
[0.431s] INFO:colcon.colcon_core.plugin_system:Skipping extension 'colcon_core.shell.bat': Not used on non-Windows systems
[0.431s] INFO:colcon.colcon_core.shell:Skip shell extension 'powershell' for command environment: Not usable outside of PowerShell
[0.431s] DEBUG:colcon.colcon_core.shell:Skip shell extension 'dsv' for command environment
[0.433s] INFO:colcon.colcon_ros.task.ament_python.build:Building ROS package in '/home/aleksantari/ros2_snake_ws/src/snake_segmentation' with build type 'ament_python'
[0.433s] Level 1:colcon.colcon_core.shell:create_environment_hook('snake_segmentation', 'ament_prefix_path')
[0.434s] INFO:colcon.colcon_core.shell:Creating environment hook '/home/aleksantari/ros2_snake_ws/install/snake_segmentation/share/snake_segmentation/hook/ament_prefix_path.ps1'
[0.434s] INFO:colcon.colcon_core.shell:Creating environment descriptor '/home/aleksantari/ros2_snake_ws/install/snake_segmentation/share/snake_segmentation/hook/ament_prefix_path.dsv'
[0.435s] INFO:colcon.colcon_core.shell:Creating environment hook '/home/aleksantari/ros2_snake_ws/install/snake_segmentation/share/snake_segmentation/hook/ament_prefix_path.sh'
[0.435s] INFO:colcon.colcon_core.shell:Skip shell extension 'powershell' for command environment: Not usable outside of PowerShell
[0.435s] DEBUG:colcon.colcon_core.shell:Skip shell extension 'dsv' for command environment
[0.448s] DEBUG:colcon.colcon_core.event_handler.log_command:Invoking command in '/home/aleksantari/ros2_snake_ws/build/yolo_msgs': CMAKE_PREFIX_PATH=${CMAKE_PREFIX_PATH}:/home/aleksantari/ros2_snake_ws/install/yolo_ros:/home/aleksantari/ros2_snake_ws/install/snake_segmentation:/opt/ros/humble /usr/bin/cmake --build /home/aleksantari/ros2_snake_ws/build/yolo_msgs -- -j2 -l2
[0.697s] INFO:colcon.colcon_core.task.python.build:Building Python package in '/home/aleksantari/ros2_snake_ws/src/snake_segmentation'
[0.697s] INFO:colcon.colcon_core.shell:Skip shell extension 'powershell' for command environment: Not usable outside of PowerShell
[0.697s] DEBUG:colcon.colcon_core.shell:Skip shell extension 'dsv' for command environment
[1.048s] DEBUG:colcon.colcon_core.event_handler.log_command:Invoking command in '/home/aleksantari/ros2_snake_ws/build/snake_segmentation': PYTHONPATH=/home/aleksantari/ros2_snake_ws/build/snake_segmentation/prefix_override:/usr/lib/python3/dist-packages/colcon_core/task/python/colcon_distutils_commands:/home/aleksantari/ros2_snake_ws/install/snake_segmentation/lib/python3.10/site-packages:${PYTHONPATH} /usr/bin/python3 -W ignore:setup.py install is deprecated -W ignore:easy_install command is deprecated setup.py develop --editable --build-directory /home/aleksantari/ros2_snake_ws/build/snake_segmentation/build --no-deps symlink_data
[1.109s] DEBUG:colcon.colcon_core.event_handler.log_command:Invoked command in '/home/aleksantari/ros2_snake_ws/build/yolo_msgs' returned '0': CMAKE_PREFIX_PATH=${CMAKE_PREFIX_PATH}:/home/aleksantari/ros2_snake_ws/install/yolo_ros:/home/aleksantari/ros2_snake_ws/install/snake_segmentation:/opt/ros/humble /usr/bin/cmake --build /home/aleksantari/ros2_snake_ws/build/yolo_msgs -- -j2 -l2
[1.115s] DEBUG:colcon.colcon_core.event_handler.log_command:Invoking command in '/home/aleksantari/ros2_snake_ws/build/yolo_msgs': CMAKE_PREFIX_PATH=${CMAKE_PREFIX_PATH}:/home/aleksantari/ros2_snake_ws/install/yolo_ros:/home/aleksantari/ros2_snake_ws/install/snake_segmentation:/opt/ros/humble /usr/bin/cmake --install /home/aleksantari/ros2_snake_ws/build/yolo_msgs
[1.278s] Level 1:colcon.colcon_core.environment:create_environment_scripts_only(yolo_msgs)
[1.280s] DEBUG:colcon.colcon_core.event_handler.log_command:Invoked command in '/home/aleksantari/ros2_snake_ws/build/yolo_msgs' returned '0': CMAKE_PREFIX_PATH=${CMAKE_PREFIX_PATH}:/home/aleksantari/ros2_snake_ws/install/yolo_ros:/home/aleksantari/ros2_snake_ws/install/snake_segmentation:/opt/ros/humble /usr/bin/cmake --install /home/aleksantari/ros2_snake_ws/build/yolo_msgs
[1.281s] Level 1:colcon.colcon_core.environment:checking '/home/aleksantari/ros2_snake_ws/install/yolo_msgs' for CMake module files
[1.281s] Level 1:colcon.colcon_core.environment:checking '/home/aleksantari/ros2_snake_ws/install/yolo_msgs' for CMake config files
[1.282s] Level 1:colcon.colcon_core.shell:create_environment_hook('yolo_msgs', 'cmake_prefix_path')
[1.282s] INFO:colcon.colcon_core.shell:Creating environment hook '/home/aleksantari/ros2_snake_ws/install/yolo_msgs/share/yolo_msgs/hook/cmake_prefix_path.ps1'
[1.283s] INFO:colcon.colcon_core.shell:Creating environment descriptor '/home/aleksantari/ros2_snake_ws/install/yolo_msgs/share/yolo_msgs/hook/cmake_prefix_path.dsv'
[1.283s] INFO:colcon.colcon_core.shell:Creating environment hook '/home/aleksantari/ros2_snake_ws/install/yolo_msgs/share/yolo_msgs/hook/cmake_prefix_path.sh'
[1.284s] Level 1:colcon.colcon_core.environment:checking '/home/aleksantari/ros2_snake_ws/install/yolo_msgs/lib'
[1.284s] Level 1:colcon.colcon_core.shell:create_environment_hook('yolo_msgs', 'ld_library_path_lib')
[1.284s] INFO:colcon.colcon_core.shell:Creating environment hook '/home/aleksantari/ros2_snake_ws/install/yolo_msgs/share/yolo_msgs/hook/ld_library_path_lib.ps1'
[1.284s] INFO:colcon.colcon_core.shell:Creating environment descriptor '/home/aleksantari/ros2_snake_ws/install/yolo_msgs/share/yolo_msgs/hook/ld_library_path_lib.dsv'
[1.284s] INFO:colcon.colcon_core.shell:Creating environment hook '/home/aleksantari/ros2_snake_ws/install/yolo_msgs/share/yolo_msgs/hook/ld_library_path_lib.sh'
[1.285s] Level 1:colcon.colcon_core.environment:checking '/home/aleksantari/ros2_snake_ws/install/yolo_msgs/bin'
[1.285s] Level 1:colcon.colcon_core.environment:checking '/home/aleksantari/ros2_snake_ws/install/yolo_msgs/lib/pkgconfig/yolo_msgs.pc'
[1.285s] Level 1:colcon.colcon_core.environment:checking '/home/aleksantari/ros2_snake_ws/install/yolo_msgs/lib/python3.10/site-packages'
[1.285s] Level 1:colcon.colcon_core.environment:checking '/home/aleksantari/ros2_snake_ws/install/yolo_msgs/bin'
[1.285s] INFO:colcon.colcon_core.shell:Creating package script '/home/aleksantari/ros2_snake_ws/install/yolo_msgs/share/yolo_msgs/package.ps1'
[1.287s] INFO:colcon.colcon_core.shell:Creating package descriptor '/home/aleksantari/ros2_snake_ws/install/yolo_msgs/share/yolo_msgs/package.dsv'
[1.291s] INFO:colcon.colcon_core.shell:Creating package script '/home/aleksantari/ros2_snake_ws/install/yolo_msgs/share/yolo_msgs/package.sh'
[1.291s] INFO:colcon.colcon_core.shell:Creating package script '/home/aleksantari/ros2_snake_ws/install/yolo_msgs/share/yolo_msgs/package.bash'
[1.292s] INFO:colcon.colcon_core.shell:Creating package script '/home/aleksantari/ros2_snake_ws/install/yolo_msgs/share/yolo_msgs/package.zsh'
[1.293s] Level 1:colcon.colcon_core.environment:create_file_with_runtime_dependencies(/home/aleksantari/ros2_snake_ws/install/yolo_msgs/share/colcon-core/packages/yolo_msgs)
[1.293s] Level 1:colcon.colcon_core.environment:create_environment_scripts_only(yolo_msgs)
[1.293s] Level 1:colcon.colcon_core.environment:checking '/home/aleksantari/ros2_snake_ws/install/yolo_msgs' for CMake module files
[1.294s] Level 1:colcon.colcon_core.environment:checking '/home/aleksantari/ros2_snake_ws/install/yolo_msgs' for CMake config files
[1.296s] Level 1:colcon.colcon_core.shell:create_environment_hook('yolo_msgs', 'cmake_prefix_path')
[1.296s] INFO:colcon.colcon_core.shell:Creating environment hook '/home/aleksantari/ros2_snake_ws/install/yolo_msgs/share/yolo_msgs/hook/cmake_prefix_path.ps1'
[1.296s] INFO:colcon.colcon_core.shell:Creating environment descriptor '/home/aleksantari/ros2_snake_ws/install/yolo_msgs/share/yolo_msgs/hook/cmake_prefix_path.dsv'
[1.296s] INFO:colcon.colcon_core.shell:Creating environment hook '/home/aleksantari/ros2_snake_ws/install/yolo_msgs/share/yolo_msgs/hook/cmake_prefix_path.sh'
[1.298s] Level 1:colcon.colcon_core.environment:checking '/home/aleksantari/ros2_snake_ws/install/yolo_msgs/lib'
[1.298s] Level 1:colcon.colcon_core.shell:create_environment_hook('yolo_msgs', 'ld_library_path_lib')
[1.298s] INFO:colcon.colcon_core.shell:Creating environment hook '/home/aleksantari/ros2_snake_ws/install/yolo_msgs/share/yolo_msgs/hook/ld_library_path_lib.ps1'
[1.299s] INFO:colcon.colcon_core.shell:Creating environment descriptor '/home/aleksantari/ros2_snake_ws/install/yolo_msgs/share/yolo_msgs/hook/ld_library_path_lib.dsv'
[1.299s] INFO:colcon.colcon_core.shell:Creating environment hook '/home/aleksantari/ros2_snake_ws/install/yolo_msgs/share/yolo_msgs/hook/ld_library_path_lib.sh'
[1.299s] Level 1:colcon.colcon_core.environment:checking '/home/aleksantari/ros2_snake_ws/install/yolo_msgs/bin'
[1.299s] Level 1:colcon.colcon_core.environment:checking '/home/aleksantari/ros2_snake_ws/install/yolo_msgs/lib/pkgconfig/yolo_msgs.pc'
[1.303s] Level 1:colcon.colcon_core.environment:checking '/home/aleksantari/ros2_snake_ws/install/yolo_msgs/lib/python3.10/site-packages'
[1.303s] Level 1:colcon.colcon_core.environment:checking '/home/aleksantari/ros2_snake_ws/install/yolo_msgs/bin'
[1.303s] INFO:colcon.colcon_core.shell:Creating package script '/home/aleksantari/ros2_snake_ws/install/yolo_msgs/share/yolo_msgs/package.ps1'
[1.303s] INFO:colcon.colcon_core.shell:Creating package descriptor '/home/aleksantari/ros2_snake_ws/install/yolo_msgs/share/yolo_msgs/package.dsv'
[1.304s] INFO:colcon.colcon_core.shell:Creating package script '/home/aleksantari/ros2_snake_ws/install/yolo_msgs/share/yolo_msgs/package.sh'
[1.304s] INFO:colcon.colcon_core.shell:Creating package script '/home/aleksantari/ros2_snake_ws/install/yolo_msgs/share/yolo_msgs/package.bash'
[1.304s] INFO:colcon.colcon_core.shell:Creating package script '/home/aleksantari/ros2_snake_ws/install/yolo_msgs/share/yolo_msgs/package.zsh'
[1.304s] Level 1:colcon.colcon_core.environment:create_file_with_runtime_dependencies(/home/aleksantari/ros2_snake_ws/install/yolo_msgs/share/colcon-core/packages/yolo_msgs)
[1.305s] INFO:colcon.colcon_ros.task.ament_python.build:Building ROS package in '/home/aleksantari/ros2_snake_ws/src/yolo_ros/yolo_ros' with build type 'ament_python'
[1.305s] Level 1:colcon.colcon_core.shell:create_environment_hook('yolo_ros', 'ament_prefix_path')
[1.305s] INFO:colcon.colcon_core.shell:Creating environment hook '/home/aleksantari/ros2_snake_ws/install/yolo_ros/share/yolo_ros/hook/ament_prefix_path.ps1'
[1.305s] INFO:colcon.colcon_core.shell:Creating environment descriptor '/home/aleksantari/ros2_snake_ws/install/yolo_ros/share/yolo_ros/hook/ament_prefix_path.dsv'
[1.305s] INFO:colcon.colcon_core.shell:Creating environment hook '/home/aleksantari/ros2_snake_ws/install/yolo_ros/share/yolo_ros/hook/ament_prefix_path.sh'
[1.306s] INFO:colcon.colcon_core.shell:Skip shell extension 'powershell' for command environment: Not usable outside of PowerShell
[1.306s] DEBUG:colcon.colcon_core.shell:Skip shell extension 'dsv' for command environment
[1.602s] INFO:colcon.colcon_core.task.python.build:Building Python package in '/home/aleksantari/ros2_snake_ws/src/yolo_ros/yolo_ros'
[1.602s] INFO:colcon.colcon_core.shell:Skip shell extension 'powershell' for command environment: Not usable outside of PowerShell
[1.603s] DEBUG:colcon.colcon_core.shell:Skip shell extension 'dsv' for command environment
[1.620s] Level 1:colcon.colcon_core.shell:create_environment_hook('snake_segmentation', 'pythonpath_develop')
[1.621s] INFO:colcon.colcon_core.shell:Creating environment hook '/home/aleksantari/ros2_snake_ws/build/snake_segmentation/share/snake_segmentation/hook/pythonpath_develop.ps1'
[1.621s] DEBUG:colcon.colcon_core.event_handler.log_command:Invoked command in '/home/aleksantari/ros2_snake_ws/build/snake_segmentation' returned '0': PYTHONPATH=/home/aleksantari/ros2_snake_ws/build/snake_segmentation/prefix_override:/usr/lib/python3/dist-packages/colcon_core/task/python/colcon_distutils_commands:/home/aleksantari/ros2_snake_ws/install/snake_segmentation/lib/python3.10/site-packages:${PYTHONPATH} /usr/bin/python3 -W ignore:setup.py install is deprecated -W ignore:easy_install command is deprecated setup.py develop --editable --build-directory /home/aleksantari/ros2_snake_ws/build/snake_segmentation/build --no-deps symlink_data
[1.621s] INFO:colcon.colcon_core.shell:Creating environment descriptor '/home/aleksantari/ros2_snake_ws/build/snake_segmentation/share/snake_segmentation/hook/pythonpath_develop.dsv'
[1.621s] INFO:colcon.colcon_core.shell:Creating environment hook '/home/aleksantari/ros2_snake_ws/build/snake_segmentation/share/snake_segmentation/hook/pythonpath_develop.sh'
[1.622s] Level 1:colcon.colcon_core.environment:checking '/home/aleksantari/ros2_snake_ws/install/snake_segmentation' for CMake module files
[1.622s] Level 1:colcon.colcon_core.environment:checking '/home/aleksantari/ros2_snake_ws/install/snake_segmentation' for CMake config files
[1.622s] Level 1:colcon.colcon_core.environment:checking '/home/aleksantari/ros2_snake_ws/install/snake_segmentation/lib'
[1.622s] Level 1:colcon.colcon_core.environment:checking '/home/aleksantari/ros2_snake_ws/install/snake_segmentation/bin'
[1.622s] Level 1:colcon.colcon_core.environment:checking '/home/aleksantari/ros2_snake_ws/install/snake_segmentation/lib/pkgconfig/snake_segmentation.pc'
[1.622s] Level 1:colcon.colcon_core.environment:checking '/home/aleksantari/ros2_snake_ws/install/snake_segmentation/lib/python3.10/site-packages'
[1.622s] Level 1:colcon.colcon_core.shell:create_environment_hook('snake_segmentation', 'pythonpath')
[1.623s] INFO:colcon.colcon_core.shell:Creating environment hook '/home/aleksantari/ros2_snake_ws/install/snake_segmentation/share/snake_segmentation/hook/pythonpath.ps1'
[1.623s] INFO:colcon.colcon_core.shell:Creating environment descriptor '/home/aleksantari/ros2_snake_ws/install/snake_segmentation/share/snake_segmentation/hook/pythonpath.dsv'
[1.623s] INFO:colcon.colcon_core.shell:Creating environment hook '/home/aleksantari/ros2_snake_ws/install/snake_segmentation/share/snake_segmentation/hook/pythonpath.sh'
[1.623s] Level 1:colcon.colcon_core.environment:checking '/home/aleksantari/ros2_snake_ws/install/snake_segmentation/bin'
[1.623s] Level 1:colcon.colcon_core.environment:create_environment_scripts_only(snake_segmentation)
[1.624s] INFO:colcon.colcon_core.shell:Creating package script '/home/aleksantari/ros2_snake_ws/install/snake_segmentation/share/snake_segmentation/package.ps1'
[1.624s] INFO:colcon.colcon_core.shell:Creating package descriptor '/home/aleksantari/ros2_snake_ws/install/snake_segmentation/share/snake_segmentation/package.dsv'
[1.624s] INFO:colcon.colcon_core.shell:Creating package script '/home/aleksantari/ros2_snake_ws/install/snake_segmentation/share/snake_segmentation/package.sh'
[1.624s] INFO:colcon.colcon_core.shell:Creating package script '/home/aleksantari/ros2_snake_ws/install/snake_segmentation/share/snake_segmentation/package.bash'
[1.625s] INFO:colcon.colcon_core.shell:Creating package script '/home/aleksantari/ros2_snake_ws/install/snake_segmentation/share/snake_segmentation/package.zsh'
[1.625s] Level 1:colcon.colcon_core.environment:create_file_with_runtime_dependencies(/home/aleksantari/ros2_snake_ws/install/snake_segmentation/share/colcon-core/packages/snake_segmentation)
[2.087s] DEBUG:colcon.colcon_core.event_handler.log_command:Invoking command in '/home/aleksantari/ros2_snake_ws/build/yolo_ros': CMAKE_PREFIX_PATH=/home/aleksantari/ros2_snake_ws/install/yolo_msgs:/home/aleksantari/ros2_snake_ws/install/yolo_bringup PYTHONPATH=/home/aleksantari/ros2_snake_ws/build/yolo_ros/prefix_override:/usr/lib/python3/dist-packages/colcon_core/task/python/colcon_distutils_commands:/home/aleksantari/ros2_snake_ws/install/yolo_ros/lib/python3.10/site-packages:${PYTHONPATH} /usr/bin/python3 -W ignore:setup.py install is deprecated -W ignore:easy_install command is deprecated setup.py develop --editable --build-directory /home/aleksantari/ros2_snake_ws/build/yolo_ros/build --no-deps symlink_data
[2.542s] Level 1:colcon.colcon_core.shell:create_environment_hook('yolo_ros', 'pythonpath_develop')
[2.543s] DEBUG:colcon.colcon_core.event_handler.log_command:Invoked command in '/home/aleksantari/ros2_snake_ws/build/yolo_ros' returned '0': CMAKE_PREFIX_PATH=/home/aleksantari/ros2_snake_ws/install/yolo_msgs:/home/aleksantari/ros2_snake_ws/install/yolo_bringup PYTHONPATH=/home/aleksantari/ros2_snake_ws/build/yolo_ros/prefix_override:/usr/lib/python3/dist-packages/colcon_core/task/python/colcon_distutils_commands:/home/aleksantari/ros2_snake_ws/install/yolo_ros/lib/python3.10/site-packages:${PYTHONPATH} /usr/bin/python3 -W ignore:setup.py install is deprecated -W ignore:easy_install command is deprecated setup.py develop --editable --build-directory /home/aleksantari/ros2_snake_ws/build/yolo_ros/build --no-deps symlink_data
[2.543s] INFO:colcon.colcon_core.shell:Creating environment hook '/home/aleksantari/ros2_snake_ws/build/yolo_ros/share/yolo_ros/hook/pythonpath_develop.ps1'
[2.544s] INFO:colcon.colcon_core.shell:Creating environment descriptor '/home/aleksantari/ros2_snake_ws/build/yolo_ros/share/yolo_ros/hook/pythonpath_develop.dsv'
[2.544s] INFO:colcon.colcon_core.shell:Creating environment hook '/home/aleksantari/ros2_snake_ws/build/yolo_ros/share/yolo_ros/hook/pythonpath_develop.sh'
[2.544s] Level 1:colcon.colcon_core.environment:checking '/home/aleksantari/ros2_snake_ws/install/yolo_ros' for CMake module files
[2.545s] Level 1:colcon.colcon_core.environment:checking '/home/aleksantari/ros2_snake_ws/install/yolo_ros' for CMake config files
[2.545s] Level 1:colcon.colcon_core.environment:checking '/home/aleksantari/ros2_snake_ws/install/yolo_ros/lib'
[2.545s] Level 1:colcon.colcon_core.environment:checking '/home/aleksantari/ros2_snake_ws/install/yolo_ros/bin'
[2.545s] Level 1:colcon.colcon_core.environment:checking '/home/aleksantari/ros2_snake_ws/install/yolo_ros/lib/pkgconfig/yolo_ros.pc'
[2.545s] Level 1:colcon.colcon_core.environment:checking '/home/aleksantari/ros2_snake_ws/install/yolo_ros/lib/python3.10/site-packages'
[2.545s] Level 1:colcon.colcon_core.shell:create_environment_hook('yolo_ros', 'pythonpath')
[2.545s] INFO:colcon.colcon_core.shell:Creating environment hook '/home/aleksantari/ros2_snake_ws/install/yolo_ros/share/yolo_ros/hook/pythonpath.ps1'
[2.545s] INFO:colcon.colcon_core.shell:Creating environment descriptor '/home/aleksantari/ros2_snake_ws/install/yolo_ros/share/yolo_ros/hook/pythonpath.dsv'
[2.548s] INFO:colcon.colcon_core.shell:Creating environment hook '/home/aleksantari/ros2_snake_ws/install/yolo_ros/share/yolo_ros/hook/pythonpath.sh'
[2.549s] Level 1:colcon.colcon_core.environment:checking '/home/aleksantari/ros2_snake_ws/install/yolo_ros/bin'
[2.549s] Level 1:colcon.colcon_core.environment:create_environment_scripts_only(yolo_ros)
[2.550s] INFO:colcon.colcon_core.shell:Creating package script '/home/aleksantari/ros2_snake_ws/install/yolo_ros/share/yolo_ros/package.ps1'
[2.550s] INFO:colcon.colcon_core.shell:Creating package descriptor '/home/aleksantari/ros2_snake_ws/install/yolo_ros/share/yolo_ros/package.dsv'
[2.550s] INFO:colcon.colcon_core.shell:Creating package script '/home/aleksantari/ros2_snake_ws/install/yolo_ros/share/yolo_ros/package.sh'
[2.550s] INFO:colcon.colcon_core.shell:Creating package script '/home/aleksantari/ros2_snake_ws/install/yolo_ros/share/yolo_ros/package.bash'
[2.551s] INFO:colcon.colcon_core.shell:Creating package script '/home/aleksantari/ros2_snake_ws/install/yolo_ros/share/yolo_ros/package.zsh'
[2.551s] Level 1:colcon.colcon_core.environment:create_file_with_runtime_dependencies(/home/aleksantari/ros2_snake_ws/install/yolo_ros/share/colcon-core/packages/yolo_ros)
[2.551s] INFO:colcon.colcon_ros.task.ament_cmake.build:Building ROS package in '/home/aleksantari/ros2_snake_ws/src/yolo_ros/yolo_bringup' with build type 'ament_cmake'
[2.551s] INFO:colcon.colcon_cmake.task.cmake.build:Building CMake package in '/home/aleksantari/ros2_snake_ws/src/yolo_ros/yolo_bringup'
[2.551s] INFO:colcon.colcon_core.shell:Skip shell extension 'powershell' for command environment: Not usable outside of PowerShell
[2.552s] DEBUG:colcon.colcon_core.shell:Skip shell extension 'dsv' for command environment
[2.572s] DEBUG:colcon.colcon_core.event_handler.log_command:Invoking command in '/home/aleksantari/ros2_snake_ws/build/yolo_bringup': AMENT_PREFIX_PATH=/home/aleksantari/ros2_snake_ws/install/yolo_ros:/home/aleksantari/ros2_snake_ws/install/yolo_bringup:/home/aleksantari/ros2_snake_ws/install/yolo_msgs:/home/aleksantari/ros2_snake_ws/install/snake_segmentation:/opt/ros/humble CMAKE_PREFIX_PATH=/home/aleksantari/ros2_snake_ws/install/yolo_msgs:/home/aleksantari/ros2_snake_ws/install/yolo_bringup:/home/aleksantari/ros2_snake_ws/install/yolo_ros:/home/aleksantari/ros2_snake_ws/install/snake_segmentation:/opt/ros/humble /usr/bin/cmake --build /home/aleksantari/ros2_snake_ws/build/yolo_bringup -- -j2 -l2
[2.619s] DEBUG:colcon.colcon_core.event_handler.log_command:Invoked command in '/home/aleksantari/ros2_snake_ws/build/yolo_bringup' returned '0': AMENT_PREFIX_PATH=/home/aleksantari/ros2_snake_ws/install/yolo_ros:/home/aleksantari/ros2_snake_ws/install/yolo_bringup:/home/aleksantari/ros2_snake_ws/install/yolo_msgs:/home/aleksantari/ros2_snake_ws/install/snake_segmentation:/opt/ros/humble CMAKE_PREFIX_PATH=/home/aleksantari/ros2_snake_ws/install/yolo_msgs:/home/aleksantari/ros2_snake_ws/install/yolo_bringup:/home/aleksantari/ros2_snake_ws/install/yolo_ros:/home/aleksantari/ros2_snake_ws/install/snake_segmentation:/opt/ros/humble /usr/bin/cmake --build /home/aleksantari/ros2_snake_ws/build/yolo_bringup -- -j2 -l2
[2.619s] DEBUG:colcon.colcon_core.event_handler.log_command:Invoking command in '/home/aleksantari/ros2_snake_ws/build/yolo_bringup': AMENT_PREFIX_PATH=/home/aleksantari/ros2_snake_ws/install/yolo_ros:/home/aleksantari/ros2_snake_ws/install/yolo_bringup:/home/aleksantari/ros2_snake_ws/install/yolo_msgs:/home/aleksantari/ros2_snake_ws/install/snake_segmentation:/opt/ros/humble CMAKE_PREFIX_PATH=/home/aleksantari/ros2_snake_ws/install/yolo_msgs:/home/aleksantari/ros2_snake_ws/install/yolo_bringup:/home/aleksantari/ros2_snake_ws/install/yolo_ros:/home/aleksantari/ros2_snake_ws/install/snake_segmentation:/opt/ros/humble /usr/bin/cmake --install /home/aleksantari/ros2_snake_ws/build/yolo_bringup
[2.634s] Level 1:colcon.colcon_core.environment:create_environment_scripts_only(yolo_bringup)
[2.634s] DEBUG:colcon.colcon_core.event_handler.log_command:Invoked command in '/home/aleksantari/ros2_snake_ws/build/yolo_bringup' returned '0': AMENT_PREFIX_PATH=/home/aleksantari/ros2_snake_ws/install/yolo_ros:/home/aleksantari/ros2_snake_ws/install/yolo_bringup:/home/aleksantari/ros2_snake_ws/install/yolo_msgs:/home/aleksantari/ros2_snake_ws/install/snake_segmentation:/opt/ros/humble CMAKE_PREFIX_PATH=/home/aleksantari/ros2_snake_ws/install/yolo_msgs:/home/aleksantari/ros2_snake_ws/install/yolo_bringup:/home/aleksantari/ros2_snake_ws/install/yolo_ros:/home/aleksantari/ros2_snake_ws/install/snake_segmentation:/opt/ros/humble /usr/bin/cmake --install /home/aleksantari/ros2_snake_ws/build/yolo_bringup
[2.634s] Level 1:colcon.colcon_core.environment:checking '/home/aleksantari/ros2_snake_ws/install/yolo_bringup' for CMake module files
[2.634s] Level 1:colcon.colcon_core.environment:checking '/home/aleksantari/ros2_snake_ws/install/yolo_bringup' for CMake config files
[2.634s] Level 1:colcon.colcon_core.shell:create_environment_hook('yolo_bringup', 'cmake_prefix_path')
[2.635s] INFO:colcon.colcon_core.shell:Creating environment hook '/home/aleksantari/ros2_snake_ws/install/yolo_bringup/share/yolo_bringup/hook/cmake_prefix_path.ps1'
[2.635s] INFO:colcon.colcon_core.shell:Creating environment descriptor '/home/aleksantari/ros2_snake_ws/install/yolo_bringup/share/yolo_bringup/hook/cmake_prefix_path.dsv'
[2.635s] INFO:colcon.colcon_core.shell:Creating environment hook '/home/aleksantari/ros2_snake_ws/install/yolo_bringup/share/yolo_bringup/hook/cmake_prefix_path.sh'
[2.635s] Level 1:colcon.colcon_core.environment:checking '/home/aleksantari/ros2_snake_ws/install/yolo_bringup/bin'
[2.635s] Level 1:colcon.colcon_core.environment:checking '/home/aleksantari/ros2_snake_ws/install/yolo_bringup/lib/pkgconfig/yolo_bringup.pc'
[2.635s] Level 1:colcon.colcon_core.environment:checking '/home/aleksantari/ros2_snake_ws/install/yolo_bringup/lib/python3.10/site-packages'
[2.636s] Level 1:colcon.colcon_core.environment:checking '/home/aleksantari/ros2_snake_ws/install/yolo_bringup/bin'
[2.636s] INFO:colcon.colcon_core.shell:Creating package script '/home/aleksantari/ros2_snake_ws/install/yolo_bringup/share/yolo_bringup/package.ps1'
[2.636s] INFO:colcon.colcon_core.shell:Creating package descriptor '/home/aleksantari/ros2_snake_ws/install/yolo_bringup/share/yolo_bringup/package.dsv'
[2.636s] INFO:colcon.colcon_core.shell:Creating package script '/home/aleksantari/ros2_snake_ws/install/yolo_bringup/share/yolo_bringup/package.sh'
[2.636s] INFO:colcon.colcon_core.shell:Creating package script '/home/aleksantari/ros2_snake_ws/install/yolo_bringup/share/yolo_bringup/package.bash'
[2.636s] INFO:colcon.colcon_core.shell:Creating package script '/home/aleksantari/ros2_snake_ws/install/yolo_bringup/share/yolo_bringup/package.zsh'
[2.637s] Level 1:colcon.colcon_core.environment:create_file_with_runtime_dependencies(/home/aleksantari/ros2_snake_ws/install/yolo_bringup/share/colcon-core/packages/yolo_bringup)
[2.637s] Level 1:colcon.colcon_core.environment:create_environment_scripts_only(yolo_bringup)
[2.637s] Level 1:colcon.colcon_core.environment:checking '/home/aleksantari/ros2_snake_ws/install/yolo_bringup' for CMake module files
[2.637s] Level 1:colcon.colcon_core.environment:checking '/home/aleksantari/ros2_snake_ws/install/yolo_bringup' for CMake config files
[2.637s] Level 1:colcon.colcon_core.shell:create_environment_hook('yolo_bringup', 'cmake_prefix_path')
[2.637s] INFO:colcon.colcon_core.shell:Creating environment hook '/home/aleksantari/ros2_snake_ws/install/yolo_bringup/share/yolo_bringup/hook/cmake_prefix_path.ps1'
[2.638s] INFO:colcon.colcon_core.shell:Creating environment descriptor '/home/aleksantari/ros2_snake_ws/install/yolo_bringup/share/yolo_bringup/hook/cmake_prefix_path.dsv'
[2.638s] INFO:colcon.colcon_core.shell:Creating environment hook '/home/aleksantari/ros2_snake_ws/install/yolo_bringup/share/yolo_bringup/hook/cmake_prefix_path.sh'
[2.638s] Level 1:colcon.colcon_core.environment:checking '/home/aleksantari/ros2_snake_ws/install/yolo_bringup/bin'
[2.638s] Level 1:colcon.colcon_core.environment:checking '/home/aleksantari/ros2_snake_ws/install/yolo_bringup/lib/pkgconfig/yolo_bringup.pc'
[2.638s] Level 1:colcon.colcon_core.environment:checking '/home/aleksantari/ros2_snake_ws/install/yolo_bringup/lib/python3.10/site-packages'
[2.638s] Level 1:colcon.colcon_core.environment:checking '/home/aleksantari/ros2_snake_ws/install/yolo_bringup/bin'
[2.638s] INFO:colcon.colcon_core.shell:Creating package script '/home/aleksantari/ros2_snake_ws/install/yolo_bringup/share/yolo_bringup/package.ps1'
[2.639s] INFO:colcon.colcon_core.shell:Creating package descriptor '/home/aleksantari/ros2_snake_ws/install/yolo_bringup/share/yolo_bringup/package.dsv'
[2.639s] INFO:colcon.colcon_core.shell:Creating package script '/home/aleksantari/ros2_snake_ws/install/yolo_bringup/share/yolo_bringup/package.sh'
[2.640s] INFO:colcon.colcon_core.shell:Creating package script '/home/aleksantari/ros2_snake_ws/install/yolo_bringup/share/yolo_bringup/package.bash'
[2.640s] INFO:colcon.colcon_core.shell:Creating package script '/home/aleksantari/ros2_snake_ws/install/yolo_bringup/share/yolo_bringup/package.zsh'
[2.640s] Level 1:colcon.colcon_core.environment:create_file_with_runtime_dependencies(/home/aleksantari/ros2_snake_ws/install/yolo_bringup/share/colcon-core/packages/yolo_bringup)
[2.643s] DEBUG:colcon.colcon_parallel_executor.executor.parallel:closing loop
[2.643s] DEBUG:colcon.colcon_parallel_executor.executor.parallel:loop closed
[2.643s] DEBUG:colcon.colcon_parallel_executor.executor.parallel:run_until_complete finished with '0'
[2.643s] DEBUG:colcon.colcon_core.event_reactor:joining thread
[2.651s] INFO:colcon.colcon_core.plugin_system:Skipping extension 'colcon_notification.desktop_notification.terminal_notifier': Not used on non-Darwin systems
[2.651s] INFO:colcon.colcon_core.plugin_system:Skipping extension 'colcon_notification.desktop_notification.win32': Not used on non-Windows systems
[2.651s] INFO:colcon.colcon_notification.desktop_notification:Sending desktop notification using 'notify2'
[2.679s] DEBUG:colcon.colcon_core.event_reactor:joined thread
[2.679s] INFO:colcon.colcon_core.shell:Creating prefix script '/home/aleksantari/ros2_snake_ws/install/local_setup.ps1'
[2.680s] INFO:colcon.colcon_core.shell:Creating prefix util module '/home/aleksantari/ros2_snake_ws/install/_local_setup_util_ps1.py'
[2.682s] INFO:colcon.colcon_core.shell:Creating prefix chain script '/home/aleksantari/ros2_snake_ws/install/setup.ps1'
[2.684s] INFO:colcon.colcon_core.shell:Creating prefix script '/home/aleksantari/ros2_snake_ws/install/local_setup.sh'
[2.691s] INFO:colcon.colcon_core.shell:Creating prefix util module '/home/aleksantari/ros2_snake_ws/install/_local_setup_util_sh.py'
[2.691s] INFO:colcon.colcon_core.shell:Creating prefix chain script '/home/aleksantari/ros2_snake_ws/install/setup.sh'
[2.692s] INFO:colcon.colcon_core.shell:Creating prefix script '/home/aleksantari/ros2_snake_ws/install/local_setup.bash'
[2.693s] INFO:colcon.colcon_core.shell:Creating prefix chain script '/home/aleksantari/ros2_snake_ws/install/setup.bash'
[2.693s] INFO:colcon.colcon_core.shell:Creating prefix script '/home/aleksantari/ros2_snake_ws/install/local_setup.zsh'
[2.694s] INFO:colcon.colcon_core.shell:Creating prefix chain script '/home/aleksantari/ros2_snake_ws/install/setup.zsh'
