[0.065s] DEBUG:colcon:Command line arguments: ['/usr/bin/colcon', 'build', '--symlink-install']
[0.065s] DEBUG:colcon:Parsed command line arguments: Namespace(log_base=None, log_level=None, verb_name='build', build_base='build', install_base='install', merge_install=False, symlink_install=True, test_result_base=None, continue_on_error=False, executor='parallel', parallel_workers=2, event_handlers=None, ignore_user_meta=False, metas=['./colcon.meta'], base_paths=['.'], packages_ignore=None, packages_ignore_regex=None, paths=None, packages_up_to=None, packages_up_to_regex=None, packages_above=None, packages_above_and_dependencies=None, packages_above_depth=None, packages_select_by_dep=None, packages_skip_by_dep=None, packages_skip_up_to=None, packages_select_build_failed=False, packages_skip_build_finished=False, packages_select_test_failures=False, packages_skip_test_passed=False, packages_select=None, packages_skip=None, packages_select_regex=None, packages_skip_regex=None, packages_start=None, packages_end=None, allow_overriding=[], cmake_args=None, cmake_target=None, cmake_target_skip_unavailable=False, cmake_clean_cache=False, cmake_clean_first=False, cmake_force_configure=False, ament_cmake_args=None, catkin_cmake_args=None, catkin_skip_building_tests=False, verb_parser=<colcon_defaults.argument_parser.defaults.DefaultArgumentsDecorator object at 0xffffb74d0c40>, verb_extension=<colcon_core.verb.build.BuildVerb object at 0xffffb75da0b0>, main=<bound method BuildVerb.main of <colcon_core.verb.build.BuildVerb object at 0xffffb75da0b0>>)
[0.160s] Level 1:colcon.colcon_core.package_discovery:discover_packages(colcon_meta) check parameters
[0.160s] Level 1:colcon.colcon_core.package_discovery:discover_packages(recursive) check parameters
[0.160s] Level 1:colcon.colcon_core.package_discovery:discover_packages(ignore) check parameters
[0.160s] Level 1:colcon.colcon_core.package_discovery:discover_packages(path) check parameters
[0.160s] Level 1:colcon.colcon_core.package_discovery:discover_packages(colcon_meta) discover
[0.160s] Level 1:colcon.colcon_core.package_discovery:discover_packages(recursive) discover
[0.160s] INFO:colcon.colcon_core.package_discovery:Crawling recursively for packages in '/home/aleksantari/ros2_snake_ws'
[0.160s] Level 1:colcon.colcon_core.package_identification:_identify(.) by extensions ['ignore', 'ignore_ament_install']
[0.160s] Level 1:colcon.colcon_core.package_identification:_identify(.) by extension 'ignore'
[0.160s] Level 1:colcon.colcon_core.package_identification:_identify(.) by extension 'ignore_ament_install'
[0.160s] Level 1:colcon.colcon_core.package_identification:_identify(.) by extensions ['colcon_pkg']
[0.160s] Level 1:colcon.colcon_core.package_identification:_identify(.) by extension 'colcon_pkg'
[0.160s] Level 1:colcon.colcon_core.package_identification:_identify(.) by extensions ['colcon_meta']
[0.160s] Level 1:colcon.colcon_core.package_identification:_identify(.) by extension 'colcon_meta'
[0.160s] Level 1:colcon.colcon_core.package_identification:_identify(.) by extensions ['ros']
[0.160s] Level 1:colcon.colcon_core.package_identification:_identify(.) by extension 'ros'
[0.167s] Level 1:colcon.colcon_core.package_identification:_identify(.) by extensions ['cmake', 'python']
[0.167s] Level 1:colcon.colcon_core.package_identification:_identify(.) by extension 'cmake'
[0.167s] Level 1:colcon.colcon_core.package_identification:_identify(.) by extension 'python'
[0.167s] Level 1:colcon.colcon_core.package_identification:_identify(.) by extensions ['python_setup_py']
[0.167s] Level 1:colcon.colcon_core.package_identification:_identify(.) by extension 'python_setup_py'
[0.168s] Level 1:colcon.colcon_core.package_identification:_identify(build) by extensions ['ignore', 'ignore_ament_install']
[0.168s] Level 1:colcon.colcon_core.package_identification:_identify(build) by extension 'ignore'
[0.168s] Level 1:colcon.colcon_core.package_identification:_identify(build) ignored
[0.168s] Level 1:colcon.colcon_core.package_identification:_identify(install) by extensions ['ignore', 'ignore_ament_install']
[0.168s] Level 1:colcon.colcon_core.package_identification:_identify(install) by extension 'ignore'
[0.168s] Level 1:colcon.colcon_core.package_identification:_identify(install) ignored
[0.168s] Level 1:colcon.colcon_core.package_identification:_identify(log) by extensions ['ignore', 'ignore_ament_install']
[0.168s] Level 1:colcon.colcon_core.package_identification:_identify(log) by extension 'ignore'
[0.168s] Level 1:colcon.colcon_core.package_identification:_identify(log) ignored
[0.168s] Level 1:colcon.colcon_core.package_identification:_identify(src) by extensions ['ignore', 'ignore_ament_install']
[0.168s] Level 1:colcon.colcon_core.package_identification:_identify(src) by extension 'ignore'
[0.168s] Level 1:colcon.colcon_core.package_identification:_identify(src) by extension 'ignore_ament_install'
[0.168s] Level 1:colcon.colcon_core.package_identification:_identify(src) by extensions ['colcon_pkg']
[0.168s] Level 1:colcon.colcon_core.package_identification:_identify(src) by extension 'colcon_pkg'
[0.168s] Level 1:colcon.colcon_core.package_identification:_identify(src) by extensions ['colcon_meta']
[0.168s] Level 1:colcon.colcon_core.package_identification:_identify(src) by extension 'colcon_meta'
[0.168s] Level 1:colcon.colcon_core.package_identification:_identify(src) by extensions ['ros']
[0.168s] Level 1:colcon.colcon_core.package_identification:_identify(src) by extension 'ros'
[0.168s] Level 1:colcon.colcon_core.package_identification:_identify(src) by extensions ['cmake', 'python']
[0.169s] Level 1:colcon.colcon_core.package_identification:_identify(src) by extension 'cmake'
[0.169s] Level 1:colcon.colcon_core.package_identification:_identify(src) by extension 'python'
[0.169s] Level 1:colcon.colcon_core.package_identification:_identify(src) by extensions ['python_setup_py']
[0.169s] Level 1:colcon.colcon_core.package_identification:_identify(src) by extension 'python_setup_py'
[0.169s] Level 1:colcon.colcon_core.package_identification:_identify(src/snake_segmentation) by extensions ['ignore', 'ignore_ament_install']
[0.169s] Level 1:colcon.colcon_core.package_identification:_identify(src/snake_segmentation) by extension 'ignore'
[0.169s] Level 1:colcon.colcon_core.package_identification:_identify(src/snake_segmentation) by extension 'ignore_ament_install'
[0.169s] Level 1:colcon.colcon_core.package_identification:_identify(src/snake_segmentation) by extensions ['colcon_pkg']
[0.169s] Level 1:colcon.colcon_core.package_identification:_identify(src/snake_segmentation) by extension 'colcon_pkg'
[0.169s] Level 1:colcon.colcon_core.package_identification:_identify(src/snake_segmentation) by extensions ['colcon_meta']
[0.169s] Level 1:colcon.colcon_core.package_identification:_identify(src/snake_segmentation) by extension 'colcon_meta'
[0.169s] Level 1:colcon.colcon_core.package_identification:_identify(src/snake_segmentation) by extensions ['ros']
[0.169s] Level 1:colcon.colcon_core.package_identification:_identify(src/snake_segmentation) by extension 'ros'
[0.170s] DEBUG:colcon.colcon_core.package_identification:Package 'src/snake_segmentation' with type 'ros.ament_python' and name 'snake_segmentation'
[0.170s] Level 1:colcon.colcon_core.package_identification:_identify(src/yolo_ros) by extensions ['ignore', 'ignore_ament_install']
[0.170s] Level 1:colcon.colcon_core.package_identification:_identify(src/yolo_ros) by extension 'ignore'
[0.170s] Level 1:colcon.colcon_core.package_identification:_identify(src/yolo_ros) by extension 'ignore_ament_install'
[0.170s] Level 1:colcon.colcon_core.package_identification:_identify(src/yolo_ros) by extensions ['colcon_pkg']
[0.170s] Level 1:colcon.colcon_core.package_identification:_identify(src/yolo_ros) by extension 'colcon_pkg'
[0.170s] Level 1:colcon.colcon_core.package_identification:_identify(src/yolo_ros) by extensions ['colcon_meta']
[0.170s] Level 1:colcon.colcon_core.package_identification:_identify(src/yolo_ros) by extension 'colcon_meta'
[0.171s] Level 1:colcon.colcon_core.package_identification:_identify(src/yolo_ros) by extensions ['ros']
[0.171s] Level 1:colcon.colcon_core.package_identification:_identify(src/yolo_ros) by extension 'ros'
[0.171s] Level 1:colcon.colcon_core.package_identification:_identify(src/yolo_ros) by extensions ['cmake', 'python']
[0.171s] Level 1:colcon.colcon_core.package_identification:_identify(src/yolo_ros) by extension 'cmake'
[0.171s] Level 1:colcon.colcon_core.package_identification:_identify(src/yolo_ros) by extension 'python'
[0.171s] Level 1:colcon.colcon_core.package_identification:_identify(src/yolo_ros) by extensions ['python_setup_py']
[0.171s] Level 1:colcon.colcon_core.package_identification:_identify(src/yolo_ros) by extension 'python_setup_py'
[0.171s] Level 1:colcon.colcon_core.package_identification:_identify(src/yolo_ros/docs) by extensions ['ignore', 'ignore_ament_install']
[0.171s] Level 1:colcon.colcon_core.package_identification:_identify(src/yolo_ros/docs) by extension 'ignore'
[0.171s] Level 1:colcon.colcon_core.package_identification:_identify(src/yolo_ros/docs) by extension 'ignore_ament_install'
[0.171s] Level 1:colcon.colcon_core.package_identification:_identify(src/yolo_ros/docs) by extensions ['colcon_pkg']
[0.171s] Level 1:colcon.colcon_core.package_identification:_identify(src/yolo_ros/docs) by extension 'colcon_pkg'
[0.171s] Level 1:colcon.colcon_core.package_identification:_identify(src/yolo_ros/docs) by extensions ['colcon_meta']
[0.171s] Level 1:colcon.colcon_core.package_identification:_identify(src/yolo_ros/docs) by extension 'colcon_meta'
[0.171s] Level 1:colcon.colcon_core.package_identification:_identify(src/yolo_ros/docs) by extensions ['ros']
[0.171s] Level 1:colcon.colcon_core.package_identification:_identify(src/yolo_ros/docs) by extension 'ros'
[0.171s] Level 1:colcon.colcon_core.package_identification:_identify(src/yolo_ros/docs) by extensions ['cmake', 'python']
[0.171s] Level 1:colcon.colcon_core.package_identification:_identify(src/yolo_ros/docs) by extension 'cmake'
[0.171s] Level 1:colcon.colcon_core.package_identification:_identify(src/yolo_ros/docs) by extension 'python'
[0.171s] Level 1:colcon.colcon_core.package_identification:_identify(src/yolo_ros/docs) by extensions ['python_setup_py']
[0.171s] Level 1:colcon.colcon_core.package_identification:_identify(src/yolo_ros/docs) by extension 'python_setup_py'
[0.171s] Level 1:colcon.colcon_core.package_identification:_identify(src/yolo_ros/yolo_bringup) by extensions ['ignore', 'ignore_ament_install']
[0.171s] Level 1:colcon.colcon_core.package_identification:_identify(src/yolo_ros/yolo_bringup) by extension 'ignore'
[0.171s] Level 1:colcon.colcon_core.package_identification:_identify(src/yolo_ros/yolo_bringup) by extension 'ignore_ament_install'
[0.171s] Level 1:colcon.colcon_core.package_identification:_identify(src/yolo_ros/yolo_bringup) by extensions ['colcon_pkg']
[0.171s] Level 1:colcon.colcon_core.package_identification:_identify(src/yolo_ros/yolo_bringup) by extension 'colcon_pkg'
[0.171s] Level 1:colcon.colcon_core.package_identification:_identify(src/yolo_ros/yolo_bringup) by extensions ['colcon_meta']
[0.171s] Level 1:colcon.colcon_core.package_identification:_identify(src/yolo_ros/yolo_bringup) by extension 'colcon_meta'
[0.171s] Level 1:colcon.colcon_core.package_identification:_identify(src/yolo_ros/yolo_bringup) by extensions ['ros']
[0.171s] Level 1:colcon.colcon_core.package_identification:_identify(src/yolo_ros/yolo_bringup) by extension 'ros'
[0.172s] DEBUG:colcon.colcon_core.package_identification:Package 'src/yolo_ros/yolo_bringup' with type 'ros.ament_cmake' and name 'yolo_bringup'
[0.172s] Level 1:colcon.colcon_core.package_identification:_identify(src/yolo_ros/yolo_msgs) by extensions ['ignore', 'ignore_ament_install']
[0.172s] Level 1:colcon.colcon_core.package_identification:_identify(src/yolo_ros/yolo_msgs) by extension 'ignore'
[0.172s] Level 1:colcon.colcon_core.package_identification:_identify(src/yolo_ros/yolo_msgs) by extension 'ignore_ament_install'
[0.172s] Level 1:colcon.colcon_core.package_identification:_identify(src/yolo_ros/yolo_msgs) by extensions ['colcon_pkg']
[0.172s] Level 1:colcon.colcon_core.package_identification:_identify(src/yolo_ros/yolo_msgs) by extension 'colcon_pkg'
[0.172s] Level 1:colcon.colcon_core.package_identification:_identify(src/yolo_ros/yolo_msgs) by extensions ['colcon_meta']
[0.172s] Level 1:colcon.colcon_core.package_identification:_identify(src/yolo_ros/yolo_msgs) by extension 'colcon_meta'
[0.172s] Level 1:colcon.colcon_core.package_identification:_identify(src/yolo_ros/yolo_msgs) by extensions ['ros']
[0.172s] Level 1:colcon.colcon_core.package_identification:_identify(src/yolo_ros/yolo_msgs) by extension 'ros'
[0.172s] DEBUG:colcon.colcon_core.package_identification:Package 'src/yolo_ros/yolo_msgs' with type 'ros.ament_cmake' and name 'yolo_msgs'
[0.172s] Level 1:colcon.colcon_core.package_identification:_identify(src/yolo_ros/yolo_ros) by extensions ['ignore', 'ignore_ament_install']
[0.172s] Level 1:colcon.colcon_core.package_identification:_identify(src/yolo_ros/yolo_ros) by extension 'ignore'
[0.172s] Level 1:colcon.colcon_core.package_identification:_identify(src/yolo_ros/yolo_ros) by extension 'ignore_ament_install'
[0.172s] Level 1:colcon.colcon_core.package_identification:_identify(src/yolo_ros/yolo_ros) by extensions ['colcon_pkg']
[0.172s] Level 1:colcon.colcon_core.package_identification:_identify(src/yolo_ros/yolo_ros) by extension 'colcon_pkg'
[0.172s] Level 1:colcon.colcon_core.package_identification:_identify(src/yolo_ros/yolo_ros) by extensions ['colcon_meta']
[0.172s] Level 1:colcon.colcon_core.package_identification:_identify(src/yolo_ros/yolo_ros) by extension 'colcon_meta'
[0.172s] Level 1:colcon.colcon_core.package_identification:_identify(src/yolo_ros/yolo_ros) by extensions ['ros']
[0.172s] Level 1:colcon.colcon_core.package_identification:_identify(src/yolo_ros/yolo_ros) by extension 'ros'
[0.173s] DEBUG:colcon.colcon_core.package_identification:Package 'src/yolo_ros/yolo_ros' with type 'ros.ament_python' and name 'yolo_ros'
[0.173s] Level 1:colcon.colcon_core.package_discovery:discover_packages(recursive) using defaults
[0.173s] Level 1:colcon.colcon_core.package_discovery:discover_packages(ignore) discover
[0.173s] Level 1:colcon.colcon_core.package_discovery:discover_packages(ignore) using defaults
[0.173s] Level 1:colcon.colcon_core.package_discovery:discover_packages(path) discover
[0.173s] Level 1:colcon.colcon_core.package_discovery:discover_packages(path) using defaults
[0.191s] Level 1:colcon.colcon_core.package_discovery:discover_packages(prefix_path) check parameters
[0.191s] Level 1:colcon.colcon_core.package_discovery:discover_packages(prefix_path) discover
[0.193s] DEBUG:colcon.colcon_installed_package_information.package_discovery:Found 349 installed packages in /opt/ros/humble
[0.194s] Level 1:colcon.colcon_core.package_discovery:discover_packages(prefix_path) using defaults
[0.222s] Level 5:colcon.colcon_core.verb:set package 'snake_segmentation' build argument 'cmake_args' from command line to 'None'
[0.222s] Level 5:colcon.colcon_core.verb:set package 'snake_segmentation' build argument 'cmake_target' from command line to 'None'
[0.222s] Level 5:colcon.colcon_core.verb:set package 'snake_segmentation' build argument 'cmake_target_skip_unavailable' from command line to 'False'
[0.222s] Level 5:colcon.colcon_core.verb:set package 'snake_segmentation' build argument 'cmake_clean_cache' from command line to 'False'
[0.222s] Level 5:colcon.colcon_core.verb:set package 'snake_segmentation' build argument 'cmake_clean_first' from command line to 'False'
[0.222s] Level 5:colcon.colcon_core.verb:set package 'snake_segmentation' build argument 'cmake_force_configure' from command line to 'False'
[0.222s] Level 5:colcon.colcon_core.verb:set package 'snake_segmentation' build argument 'ament_cmake_args' from command line to 'None'
[0.222s] Level 5:colcon.colcon_core.verb:set package 'snake_segmentation' build argument 'catkin_cmake_args' from command line to 'None'
[0.222s] Level 5:colcon.colcon_core.verb:set package 'snake_segmentation' build argument 'catkin_skip_building_tests' from command line to 'False'
[0.222s] DEBUG:colcon.colcon_core.verb:Building package 'snake_segmentation' with the following arguments: {'ament_cmake_args': None, 'build_base': '/home/aleksantari/ros2_snake_ws/build/snake_segmentation', 'catkin_cmake_args': None, 'catkin_skip_building_tests': False, 'cmake_args': None, 'cmake_clean_cache': False, 'cmake_clean_first': False, 'cmake_force_configure': False, 'cmake_target': None, 'cmake_target_skip_unavailable': False, 'install_base': '/home/aleksantari/ros2_snake_ws/install/snake_segmentation', 'merge_install': False, 'path': '/home/aleksantari/ros2_snake_ws/src/snake_segmentation', 'symlink_install': True, 'test_result_base': None}
[0.222s] Level 5:colcon.colcon_core.verb:set package 'yolo_msgs' build argument 'cmake_args' from command line to 'None'
[0.222s] Level 5:colcon.colcon_core.verb:set package 'yolo_msgs' build argument 'cmake_target' from command line to 'None'
[0.222s] Level 5:colcon.colcon_core.verb:set package 'yolo_msgs' build argument 'cmake_target_skip_unavailable' from command line to 'False'
[0.222s] Level 5:colcon.colcon_core.verb:set package 'yolo_msgs' build argument 'cmake_clean_cache' from command line to 'False'
[0.222s] Level 5:colcon.colcon_core.verb:set package 'yolo_msgs' build argument 'cmake_clean_first' from command line to 'False'
[0.222s] Level 5:colcon.colcon_core.verb:set package 'yolo_msgs' build argument 'cmake_force_configure' from command line to 'False'
[0.222s] Level 5:colcon.colcon_core.verb:set package 'yolo_msgs' build argument 'ament_cmake_args' from command line to 'None'
[0.222s] Level 5:colcon.colcon_core.verb:set package 'yolo_msgs' build argument 'catkin_cmake_args' from command line to 'None'
[0.222s] Level 5:colcon.colcon_core.verb:set package 'yolo_msgs' build argument 'catkin_skip_building_tests' from command line to 'False'
[0.222s] DEBUG:colcon.colcon_core.verb:Building package 'yolo_msgs' with the following arguments: {'ament_cmake_args': None, 'build_base': '/home/aleksantari/ros2_snake_ws/build/yolo_msgs', 'catkin_cmake_args': None, 'catkin_skip_building_tests': False, 'cmake_args': None, 'cmake_clean_cache': False, 'cmake_clean_first': False, 'cmake_force_configure': False, 'cmake_target': None, 'cmake_target_skip_unavailable': False, 'install_base': '/home/aleksantari/ros2_snake_ws/install/yolo_msgs', 'merge_install': False, 'path': '/home/aleksantari/ros2_snake_ws/src/yolo_ros/yolo_msgs', 'symlink_install': True, 'test_result_base': None}
[0.222s] Level 5:colcon.colcon_core.verb:set package 'yolo_ros' build argument 'cmake_args' from command line to 'None'
[0.222s] Level 5:colcon.colcon_core.verb:set package 'yolo_ros' build argument 'cmake_target' from command line to 'None'
[0.223s] Level 5:colcon.colcon_core.verb:set package 'yolo_ros' build argument 'cmake_target_skip_unavailable' from command line to 'False'
[0.223s] Level 5:colcon.colcon_core.verb:set package 'yolo_ros' build argument 'cmake_clean_cache' from command line to 'False'
[0.223s] Level 5:colcon.colcon_core.verb:set package 'yolo_ros' build argument 'cmake_clean_first' from command line to 'False'
[0.223s] Level 5:colcon.colcon_core.verb:set package 'yolo_ros' build argument 'cmake_force_configure' from command line to 'False'
[0.223s] Level 5:colcon.colcon_core.verb:set package 'yolo_ros' build argument 'ament_cmake_args' from command line to 'None'
[0.223s] Level 5:colcon.colcon_core.verb:set package 'yolo_ros' build argument 'catkin_cmake_args' from command line to 'None'
[0.223s] Level 5:colcon.colcon_core.verb:set package 'yolo_ros' build argument 'catkin_skip_building_tests' from command line to 'False'
[0.223s] DEBUG:colcon.colcon_core.verb:Building package 'yolo_ros' with the following arguments: {'ament_cmake_args': None, 'build_base': '/home/aleksantari/ros2_snake_ws/build/yolo_ros', 'catkin_cmake_args': None, 'catkin_skip_building_tests': False, 'cmake_args': None, 'cmake_clean_cache': False, 'cmake_clean_first': False, 'cmake_force_configure': False, 'cmake_target': None, 'cmake_target_skip_unavailable': False, 'install_base': '/home/aleksantari/ros2_snake_ws/install/yolo_ros', 'merge_install': False, 'path': '/home/aleksantari/ros2_snake_ws/src/yolo_ros/yolo_ros', 'symlink_install': True, 'test_result_base': None}
[0.223s] Level 5:colcon.colcon_core.verb:set package 'yolo_bringup' build argument 'cmake_args' from command line to 'None'
[0.223s] Level 5:colcon.colcon_core.verb:set package 'yolo_bringup' build argument 'cmake_target' from command line to 'None'
[0.223s] Level 5:colcon.colcon_core.verb:set package 'yolo_bringup' build argument 'cmake_target_skip_unavailable' from command line to 'False'
[0.223s] Level 5:colcon.colcon_core.verb:set package 'yolo_bringup' build argument 'cmake_clean_cache' from command line to 'False'
[0.223s] Level 5:colcon.colcon_core.verb:set package 'yolo_bringup' build argument 'cmake_clean_first' from command line to 'False'
[0.223s] Level 5:colcon.colcon_core.verb:set package 'yolo_bringup' build argument 'cmake_force_configure' from command line to 'False'
[0.223s] Level 5:colcon.colcon_core.verb:set package 'yolo_bringup' build argument 'ament_cmake_args' from command line to 'None'
[0.223s] Level 5:colcon.colcon_core.verb:set package 'yolo_bringup' build argument 'catkin_cmake_args' from command line to 'None'
[0.223s] Level 5:colcon.colcon_core.verb:set package 'yolo_bringup' build argument 'catkin_skip_building_tests' from command line to 'False'
[0.223s] DEBUG:colcon.colcon_core.verb:Building package 'yolo_bringup' with the following arguments: {'ament_cmake_args': None, 'build_base': '/home/aleksantari/ros2_snake_ws/build/yolo_bringup', 'catkin_cmake_args': None, 'catkin_skip_building_tests': False, 'cmake_args': None, 'cmake_clean_cache': False, 'cmake_clean_first': False, 'cmake_force_configure': False, 'cmake_target': None, 'cmake_target_skip_unavailable': False, 'install_base': '/home/aleksantari/ros2_snake_ws/install/yolo_bringup', 'merge_install': False, 'path': '/home/aleksantari/ros2_snake_ws/src/yolo_ros/yolo_bringup', 'symlink_install': True, 'test_result_base': None}
[0.223s] INFO:colcon.colcon_core.executor:Executing jobs using 'parallel' executor
[0.223s] DEBUG:colcon.colcon_parallel_executor.executor.parallel:run_until_complete
[0.224s] INFO:colcon.colcon_ros.task.ament_cmake.build:Building ROS package in '/home/aleksantari/ros2_snake_ws/src/yolo_ros/yolo_msgs' with build type 'ament_cmake'
[0.224s] INFO:colcon.colcon_cmake.task.cmake.build:Building CMake package in '/home/aleksantari/ros2_snake_ws/src/yolo_ros/yolo_msgs'
[0.225s] INFO:colcon.colcon_core.plugin_system:Skipping extension 'colcon_core.shell.bat': Not used on non-Windows systems
[0.225s] INFO:colcon.colcon_core.shell:Skip shell extension 'powershell' for command environment: Not usable outside of PowerShell
[0.225s] DEBUG:colcon.colcon_core.shell:Skip shell extension 'dsv' for command environment
[0.227s] INFO:colcon.colcon_ros.task.ament_python.build:Building ROS package in '/home/aleksantari/ros2_snake_ws/src/snake_segmentation' with build type 'ament_python'
[0.227s] Level 1:colcon.colcon_core.shell:create_environment_hook('snake_segmentation', 'ament_prefix_path')
[0.227s] INFO:colcon.colcon_core.shell:Creating environment hook '/home/aleksantari/ros2_snake_ws/install/snake_segmentation/share/snake_segmentation/hook/ament_prefix_path.ps1'
[0.228s] INFO:colcon.colcon_core.shell:Creating environment descriptor '/home/aleksantari/ros2_snake_ws/install/snake_segmentation/share/snake_segmentation/hook/ament_prefix_path.dsv'
[0.229s] INFO:colcon.colcon_core.shell:Creating environment hook '/home/aleksantari/ros2_snake_ws/install/snake_segmentation/share/snake_segmentation/hook/ament_prefix_path.sh'
[0.230s] INFO:colcon.colcon_core.shell:Skip shell extension 'powershell' for command environment: Not usable outside of PowerShell
[0.230s] DEBUG:colcon.colcon_core.shell:Skip shell extension 'dsv' for command environment
[0.238s] DEBUG:colcon.colcon_core.event_handler.log_command:Invoking command in '/home/aleksantari/ros2_snake_ws/build/yolo_msgs': CMAKE_PREFIX_PATH=/opt/ros/humble /usr/bin/cmake --build /home/aleksantari/ros2_snake_ws/build/yolo_msgs -- -j2 -l2
[0.420s] INFO:colcon.colcon_core.task.python.build:Building Python package in '/home/aleksantari/ros2_snake_ws/src/snake_segmentation'
[0.420s] INFO:colcon.colcon_core.shell:Skip shell extension 'powershell' for command environment: Not usable outside of PowerShell
[0.420s] DEBUG:colcon.colcon_core.shell:Skip shell extension 'dsv' for command environment
[0.650s] DEBUG:colcon.colcon_core.event_handler.log_command:Invoked command in '/home/aleksantari/ros2_snake_ws/build/yolo_msgs' returned '0': CMAKE_PREFIX_PATH=/opt/ros/humble /usr/bin/cmake --build /home/aleksantari/ros2_snake_ws/build/yolo_msgs -- -j2 -l2
[0.658s] DEBUG:colcon.colcon_core.event_handler.log_command:Invoking command in '/home/aleksantari/ros2_snake_ws/build/yolo_msgs': CMAKE_PREFIX_PATH=/opt/ros/humble /usr/bin/cmake --install /home/aleksantari/ros2_snake_ws/build/yolo_msgs
[0.706s] DEBUG:colcon.colcon_core.event_handler.log_command:Invoking command in '/home/aleksantari/ros2_snake_ws/build/snake_segmentation': PYTHONPATH=/home/aleksantari/ros2_snake_ws/build/snake_segmentation/prefix_override:/usr/lib/python3/dist-packages/colcon_core/task/python/colcon_distutils_commands:/home/aleksantari/ros2_snake_ws/install/snake_segmentation/lib/python3.10/site-packages:${PYTHONPATH} /usr/bin/python3 -W ignore:setup.py install is deprecated -W ignore:easy_install command is deprecated setup.py develop --editable --build-directory /home/aleksantari/ros2_snake_ws/build/snake_segmentation/build --no-deps symlink_data
[0.727s] Level 1:colcon.colcon_core.environment:create_environment_scripts_only(yolo_msgs)
[0.727s] DEBUG:colcon.colcon_core.event_handler.log_command:Invoked command in '/home/aleksantari/ros2_snake_ws/build/yolo_msgs' returned '0': CMAKE_PREFIX_PATH=/opt/ros/humble /usr/bin/cmake --install /home/aleksantari/ros2_snake_ws/build/yolo_msgs
[0.728s] Level 1:colcon.colcon_core.environment:checking '/home/aleksantari/ros2_snake_ws/install/yolo_msgs' for CMake module files
[0.729s] Level 1:colcon.colcon_core.environment:checking '/home/aleksantari/ros2_snake_ws/install/yolo_msgs' for CMake config files
[0.731s] Level 1:colcon.colcon_core.shell:create_environment_hook('yolo_msgs', 'cmake_prefix_path')
[0.731s] INFO:colcon.colcon_core.shell:Creating environment hook '/home/aleksantari/ros2_snake_ws/install/yolo_msgs/share/yolo_msgs/hook/cmake_prefix_path.ps1'
[0.731s] INFO:colcon.colcon_core.shell:Creating environment descriptor '/home/aleksantari/ros2_snake_ws/install/yolo_msgs/share/yolo_msgs/hook/cmake_prefix_path.dsv'
[0.731s] INFO:colcon.colcon_core.shell:Creating environment hook '/home/aleksantari/ros2_snake_ws/install/yolo_msgs/share/yolo_msgs/hook/cmake_prefix_path.sh'
[0.732s] Level 1:colcon.colcon_core.environment:checking '/home/aleksantari/ros2_snake_ws/install/yolo_msgs/lib'
[0.732s] Level 1:colcon.colcon_core.shell:create_environment_hook('yolo_msgs', 'ld_library_path_lib')
[0.732s] INFO:colcon.colcon_core.shell:Creating environment hook '/home/aleksantari/ros2_snake_ws/install/yolo_msgs/share/yolo_msgs/hook/ld_library_path_lib.ps1'
[0.732s] INFO:colcon.colcon_core.shell:Creating environment descriptor '/home/aleksantari/ros2_snake_ws/install/yolo_msgs/share/yolo_msgs/hook/ld_library_path_lib.dsv'
[0.732s] INFO:colcon.colcon_core.shell:Creating environment hook '/home/aleksantari/ros2_snake_ws/install/yolo_msgs/share/yolo_msgs/hook/ld_library_path_lib.sh'
[0.732s] Level 1:colcon.colcon_core.environment:checking '/home/aleksantari/ros2_snake_ws/install/yolo_msgs/bin'
[0.732s] Level 1:colcon.colcon_core.environment:checking '/home/aleksantari/ros2_snake_ws/install/yolo_msgs/lib/pkgconfig/yolo_msgs.pc'
[0.733s] Level 1:colcon.colcon_core.environment:checking '/home/aleksantari/ros2_snake_ws/install/yolo_msgs/lib/python3.10/site-packages'
[0.733s] Level 1:colcon.colcon_core.environment:checking '/home/aleksantari/ros2_snake_ws/install/yolo_msgs/bin'
[0.733s] INFO:colcon.colcon_core.shell:Creating package script '/home/aleksantari/ros2_snake_ws/install/yolo_msgs/share/yolo_msgs/package.ps1'
[0.733s] INFO:colcon.colcon_core.shell:Creating package descriptor '/home/aleksantari/ros2_snake_ws/install/yolo_msgs/share/yolo_msgs/package.dsv'
[0.734s] INFO:colcon.colcon_core.shell:Creating package script '/home/aleksantari/ros2_snake_ws/install/yolo_msgs/share/yolo_msgs/package.sh'
[0.734s] INFO:colcon.colcon_core.shell:Creating package script '/home/aleksantari/ros2_snake_ws/install/yolo_msgs/share/yolo_msgs/package.bash'
[0.734s] INFO:colcon.colcon_core.shell:Creating package script '/home/aleksantari/ros2_snake_ws/install/yolo_msgs/share/yolo_msgs/package.zsh'
[0.735s] Level 1:colcon.colcon_core.environment:create_file_with_runtime_dependencies(/home/aleksantari/ros2_snake_ws/install/yolo_msgs/share/colcon-core/packages/yolo_msgs)
[0.735s] Level 1:colcon.colcon_core.environment:create_environment_scripts_only(yolo_msgs)
[0.735s] Level 1:colcon.colcon_core.environment:checking '/home/aleksantari/ros2_snake_ws/install/yolo_msgs' for CMake module files
[0.735s] Level 1:colcon.colcon_core.environment:checking '/home/aleksantari/ros2_snake_ws/install/yolo_msgs' for CMake config files
[0.736s] Level 1:colcon.colcon_core.shell:create_environment_hook('yolo_msgs', 'cmake_prefix_path')
[0.736s] INFO:colcon.colcon_core.shell:Creating environment hook '/home/aleksantari/ros2_snake_ws/install/yolo_msgs/share/yolo_msgs/hook/cmake_prefix_path.ps1'
[0.736s] INFO:colcon.colcon_core.shell:Creating environment descriptor '/home/aleksantari/ros2_snake_ws/install/yolo_msgs/share/yolo_msgs/hook/cmake_prefix_path.dsv'
[0.737s] INFO:colcon.colcon_core.shell:Creating environment hook '/home/aleksantari/ros2_snake_ws/install/yolo_msgs/share/yolo_msgs/hook/cmake_prefix_path.sh'
[0.737s] Level 1:colcon.colcon_core.environment:checking '/home/aleksantari/ros2_snake_ws/install/yolo_msgs/lib'
[0.737s] Level 1:colcon.colcon_core.shell:create_environment_hook('yolo_msgs', 'ld_library_path_lib')
[0.737s] INFO:colcon.colcon_core.shell:Creating environment hook '/home/aleksantari/ros2_snake_ws/install/yolo_msgs/share/yolo_msgs/hook/ld_library_path_lib.ps1'
[0.737s] INFO:colcon.colcon_core.shell:Creating environment descriptor '/home/aleksantari/ros2_snake_ws/install/yolo_msgs/share/yolo_msgs/hook/ld_library_path_lib.dsv'
[0.737s] INFO:colcon.colcon_core.shell:Creating environment hook '/home/aleksantari/ros2_snake_ws/install/yolo_msgs/share/yolo_msgs/hook/ld_library_path_lib.sh'
[0.737s] Level 1:colcon.colcon_core.environment:checking '/home/aleksantari/ros2_snake_ws/install/yolo_msgs/bin'
[0.737s] Level 1:colcon.colcon_core.environment:checking '/home/aleksantari/ros2_snake_ws/install/yolo_msgs/lib/pkgconfig/yolo_msgs.pc'
[0.738s] Level 1:colcon.colcon_core.environment:checking '/home/aleksantari/ros2_snake_ws/install/yolo_msgs/lib/python3.10/site-packages'
[0.738s] Level 1:colcon.colcon_core.environment:checking '/home/aleksantari/ros2_snake_ws/install/yolo_msgs/bin'
[0.738s] INFO:colcon.colcon_core.shell:Creating package script '/home/aleksantari/ros2_snake_ws/install/yolo_msgs/share/yolo_msgs/package.ps1'
[0.738s] INFO:colcon.colcon_core.shell:Creating package descriptor '/home/aleksantari/ros2_snake_ws/install/yolo_msgs/share/yolo_msgs/package.dsv'
[0.738s] INFO:colcon.colcon_core.shell:Creating package script '/home/aleksantari/ros2_snake_ws/install/yolo_msgs/share/yolo_msgs/package.sh'
[0.739s] INFO:colcon.colcon_core.shell:Creating package script '/home/aleksantari/ros2_snake_ws/install/yolo_msgs/share/yolo_msgs/package.bash'
[0.739s] INFO:colcon.colcon_core.shell:Creating package script '/home/aleksantari/ros2_snake_ws/install/yolo_msgs/share/yolo_msgs/package.zsh'
[0.739s] Level 1:colcon.colcon_core.environment:create_file_with_runtime_dependencies(/home/aleksantari/ros2_snake_ws/install/yolo_msgs/share/colcon-core/packages/yolo_msgs)
[0.739s] INFO:colcon.colcon_ros.task.ament_python.build:Building ROS package in '/home/aleksantari/ros2_snake_ws/src/yolo_ros/yolo_ros' with build type 'ament_python'
[0.739s] Level 1:colcon.colcon_core.shell:create_environment_hook('yolo_ros', 'ament_prefix_path')
[0.739s] INFO:colcon.colcon_core.shell:Creating environment hook '/home/aleksantari/ros2_snake_ws/install/yolo_ros/share/yolo_ros/hook/ament_prefix_path.ps1'
[0.740s] INFO:colcon.colcon_core.shell:Creating environment descriptor '/home/aleksantari/ros2_snake_ws/install/yolo_ros/share/yolo_ros/hook/ament_prefix_path.dsv'
[0.740s] INFO:colcon.colcon_core.shell:Creating environment hook '/home/aleksantari/ros2_snake_ws/install/yolo_ros/share/yolo_ros/hook/ament_prefix_path.sh'
[0.740s] INFO:colcon.colcon_core.shell:Skip shell extension 'powershell' for command environment: Not usable outside of PowerShell
[0.740s] DEBUG:colcon.colcon_core.shell:Skip shell extension 'dsv' for command environment
[0.905s] INFO:colcon.colcon_core.task.python.build:Building Python package in '/home/aleksantari/ros2_snake_ws/src/yolo_ros/yolo_ros'
[0.906s] INFO:colcon.colcon_core.shell:Skip shell extension 'powershell' for command environment: Not usable outside of PowerShell
[0.906s] DEBUG:colcon.colcon_core.shell:Skip shell extension 'dsv' for command environment
[0.992s] Level 1:colcon.colcon_core.shell:create_environment_hook('snake_segmentation', 'pythonpath_develop')
[0.992s] INFO:colcon.colcon_core.shell:Creating environment hook '/home/aleksantari/ros2_snake_ws/build/snake_segmentation/share/snake_segmentation/hook/pythonpath_develop.ps1'
[0.992s] INFO:colcon.colcon_core.shell:Creating environment descriptor '/home/aleksantari/ros2_snake_ws/build/snake_segmentation/share/snake_segmentation/hook/pythonpath_develop.dsv'
[0.993s] DEBUG:colcon.colcon_core.event_handler.log_command:Invoked command in '/home/aleksantari/ros2_snake_ws/build/snake_segmentation' returned '0': PYTHONPATH=/home/aleksantari/ros2_snake_ws/build/snake_segmentation/prefix_override:/usr/lib/python3/dist-packages/colcon_core/task/python/colcon_distutils_commands:/home/aleksantari/ros2_snake_ws/install/snake_segmentation/lib/python3.10/site-packages:${PYTHONPATH} /usr/bin/python3 -W ignore:setup.py install is deprecated -W ignore:easy_install command is deprecated setup.py develop --editable --build-directory /home/aleksantari/ros2_snake_ws/build/snake_segmentation/build --no-deps symlink_data
[0.993s] INFO:colcon.colcon_core.shell:Creating environment hook '/home/aleksantari/ros2_snake_ws/build/snake_segmentation/share/snake_segmentation/hook/pythonpath_develop.sh'
[0.993s] Level 1:colcon.colcon_core.environment:checking '/home/aleksantari/ros2_snake_ws/install/snake_segmentation' for CMake module files
[0.993s] Level 1:colcon.colcon_core.environment:checking '/home/aleksantari/ros2_snake_ws/install/snake_segmentation' for CMake config files
[0.994s] Level 1:colcon.colcon_core.environment:checking '/home/aleksantari/ros2_snake_ws/install/snake_segmentation/lib'
[0.994s] Level 1:colcon.colcon_core.environment:checking '/home/aleksantari/ros2_snake_ws/install/snake_segmentation/bin'
[0.994s] Level 1:colcon.colcon_core.environment:checking '/home/aleksantari/ros2_snake_ws/install/snake_segmentation/lib/pkgconfig/snake_segmentation.pc'
[0.994s] Level 1:colcon.colcon_core.environment:checking '/home/aleksantari/ros2_snake_ws/install/snake_segmentation/lib/python3.10/site-packages'
[0.994s] Level 1:colcon.colcon_core.shell:create_environment_hook('snake_segmentation', 'pythonpath')
[0.994s] INFO:colcon.colcon_core.shell:Creating environment hook '/home/aleksantari/ros2_snake_ws/install/snake_segmentation/share/snake_segmentation/hook/pythonpath.ps1'
[0.994s] INFO:colcon.colcon_core.shell:Creating environment descriptor '/home/aleksantari/ros2_snake_ws/install/snake_segmentation/share/snake_segmentation/hook/pythonpath.dsv'
[0.995s] INFO:colcon.colcon_core.shell:Creating environment hook '/home/aleksantari/ros2_snake_ws/install/snake_segmentation/share/snake_segmentation/hook/pythonpath.sh'
[0.995s] Level 1:colcon.colcon_core.environment:checking '/home/aleksantari/ros2_snake_ws/install/snake_segmentation/bin'
[0.995s] Level 1:colcon.colcon_core.environment:create_environment_scripts_only(snake_segmentation)
[0.995s] INFO:colcon.colcon_core.shell:Creating package script '/home/aleksantari/ros2_snake_ws/install/snake_segmentation/share/snake_segmentation/package.ps1'
[0.995s] INFO:colcon.colcon_core.shell:Creating package descriptor '/home/aleksantari/ros2_snake_ws/install/snake_segmentation/share/snake_segmentation/package.dsv'
[0.996s] INFO:colcon.colcon_core.shell:Creating package script '/home/aleksantari/ros2_snake_ws/install/snake_segmentation/share/snake_segmentation/package.sh'
[0.996s] INFO:colcon.colcon_core.shell:Creating package script '/home/aleksantari/ros2_snake_ws/install/snake_segmentation/share/snake_segmentation/package.bash'
[0.996s] INFO:colcon.colcon_core.shell:Creating package script '/home/aleksantari/ros2_snake_ws/install/snake_segmentation/share/snake_segmentation/package.zsh'
[0.996s] Level 1:colcon.colcon_core.environment:create_file_with_runtime_dependencies(/home/aleksantari/ros2_snake_ws/install/snake_segmentation/share/colcon-core/packages/snake_segmentation)
[1.113s] DEBUG:colcon.colcon_core.event_handler.log_command:Invoking command in '/home/aleksantari/ros2_snake_ws/build/yolo_ros': AMENT_PREFIX_PATH=/home/aleksantari/ros2_snake_ws/install/yolo_msgs:${AMENT_PREFIX_PATH} CMAKE_PREFIX_PATH=/home/aleksantari/ros2_snake_ws/install/yolo_msgs LD_LIBRARY_PATH=/home/aleksantari/ros2_snake_ws/install/yolo_msgs/lib:${LD_LIBRARY_PATH} PYTHONPATH=/home/aleksantari/ros2_snake_ws/build/yolo_ros/prefix_override:/usr/lib/python3/dist-packages/colcon_core/task/python/colcon_distutils_commands:/home/aleksantari/ros2_snake_ws/install/yolo_ros/lib/python3.10/site-packages:/home/aleksantari/ros2_snake_ws/install/yolo_msgs/local/lib/python3.10/dist-packages:${PYTHONPATH} /usr/bin/python3 -W ignore:setup.py install is deprecated -W ignore:easy_install command is deprecated setup.py develop --editable --build-directory /home/aleksantari/ros2_snake_ws/build/yolo_ros/build --no-deps symlink_data
[1.360s] Level 1:colcon.colcon_core.shell:create_environment_hook('yolo_ros', 'pythonpath_develop')
[1.360s] INFO:colcon.colcon_core.shell:Creating environment hook '/home/aleksantari/ros2_snake_ws/build/yolo_ros/share/yolo_ros/hook/pythonpath_develop.ps1'
[1.360s] DEBUG:colcon.colcon_core.event_handler.log_command:Invoked command in '/home/aleksantari/ros2_snake_ws/build/yolo_ros' returned '0': AMENT_PREFIX_PATH=/home/aleksantari/ros2_snake_ws/install/yolo_msgs:${AMENT_PREFIX_PATH} CMAKE_PREFIX_PATH=/home/aleksantari/ros2_snake_ws/install/yolo_msgs LD_LIBRARY_PATH=/home/aleksantari/ros2_snake_ws/install/yolo_msgs/lib:${LD_LIBRARY_PATH} PYTHONPATH=/home/aleksantari/ros2_snake_ws/build/yolo_ros/prefix_override:/usr/lib/python3/dist-packages/colcon_core/task/python/colcon_distutils_commands:/home/aleksantari/ros2_snake_ws/install/yolo_ros/lib/python3.10/site-packages:/home/aleksantari/ros2_snake_ws/install/yolo_msgs/local/lib/python3.10/dist-packages:${PYTHONPATH} /usr/bin/python3 -W ignore:setup.py install is deprecated -W ignore:easy_install command is deprecated setup.py develop --editable --build-directory /home/aleksantari/ros2_snake_ws/build/yolo_ros/build --no-deps symlink_data
[1.361s] INFO:colcon.colcon_core.shell:Creating environment descriptor '/home/aleksantari/ros2_snake_ws/build/yolo_ros/share/yolo_ros/hook/pythonpath_develop.dsv'
[1.361s] INFO:colcon.colcon_core.shell:Creating environment hook '/home/aleksantari/ros2_snake_ws/build/yolo_ros/share/yolo_ros/hook/pythonpath_develop.sh'
[1.361s] Level 1:colcon.colcon_core.environment:checking '/home/aleksantari/ros2_snake_ws/install/yolo_ros' for CMake module files
[1.361s] Level 1:colcon.colcon_core.environment:checking '/home/aleksantari/ros2_snake_ws/install/yolo_ros' for CMake config files
[1.362s] Level 1:colcon.colcon_core.environment:checking '/home/aleksantari/ros2_snake_ws/install/yolo_ros/lib'
[1.362s] Level 1:colcon.colcon_core.environment:checking '/home/aleksantari/ros2_snake_ws/install/yolo_ros/bin'
[1.362s] Level 1:colcon.colcon_core.environment:checking '/home/aleksantari/ros2_snake_ws/install/yolo_ros/lib/pkgconfig/yolo_ros.pc'
[1.362s] Level 1:colcon.colcon_core.environment:checking '/home/aleksantari/ros2_snake_ws/install/yolo_ros/lib/python3.10/site-packages'
[1.362s] Level 1:colcon.colcon_core.shell:create_environment_hook('yolo_ros', 'pythonpath')
[1.362s] INFO:colcon.colcon_core.shell:Creating environment hook '/home/aleksantari/ros2_snake_ws/install/yolo_ros/share/yolo_ros/hook/pythonpath.ps1'
[1.362s] INFO:colcon.colcon_core.shell:Creating environment descriptor '/home/aleksantari/ros2_snake_ws/install/yolo_ros/share/yolo_ros/hook/pythonpath.dsv'
[1.362s] INFO:colcon.colcon_core.shell:Creating environment hook '/home/aleksantari/ros2_snake_ws/install/yolo_ros/share/yolo_ros/hook/pythonpath.sh'
[1.363s] Level 1:colcon.colcon_core.environment:checking '/home/aleksantari/ros2_snake_ws/install/yolo_ros/bin'
[1.363s] Level 1:colcon.colcon_core.environment:create_environment_scripts_only(yolo_ros)
[1.363s] INFO:colcon.colcon_core.shell:Creating package script '/home/aleksantari/ros2_snake_ws/install/yolo_ros/share/yolo_ros/package.ps1'
[1.363s] INFO:colcon.colcon_core.shell:Creating package descriptor '/home/aleksantari/ros2_snake_ws/install/yolo_ros/share/yolo_ros/package.dsv'
[1.363s] INFO:colcon.colcon_core.shell:Creating package script '/home/aleksantari/ros2_snake_ws/install/yolo_ros/share/yolo_ros/package.sh'
[1.364s] INFO:colcon.colcon_core.shell:Creating package script '/home/aleksantari/ros2_snake_ws/install/yolo_ros/share/yolo_ros/package.bash'
[1.364s] INFO:colcon.colcon_core.shell:Creating package script '/home/aleksantari/ros2_snake_ws/install/yolo_ros/share/yolo_ros/package.zsh'
[1.364s] Level 1:colcon.colcon_core.environment:create_file_with_runtime_dependencies(/home/aleksantari/ros2_snake_ws/install/yolo_ros/share/colcon-core/packages/yolo_ros)
[1.364s] INFO:colcon.colcon_ros.task.ament_cmake.build:Building ROS package in '/home/aleksantari/ros2_snake_ws/src/yolo_ros/yolo_bringup' with build type 'ament_cmake'
[1.364s] INFO:colcon.colcon_cmake.task.cmake.build:Building CMake package in '/home/aleksantari/ros2_snake_ws/src/yolo_ros/yolo_bringup'
[1.364s] INFO:colcon.colcon_core.shell:Skip shell extension 'powershell' for command environment: Not usable outside of PowerShell
[1.364s] DEBUG:colcon.colcon_core.shell:Skip shell extension 'dsv' for command environment
[1.370s] DEBUG:colcon.colcon_core.event_handler.log_command:Invoking command in '/home/aleksantari/ros2_snake_ws/build/yolo_bringup': AMENT_PREFIX_PATH=/home/aleksantari/ros2_snake_ws/install/yolo_ros:/home/aleksantari/ros2_snake_ws/install/yolo_msgs:${AMENT_PREFIX_PATH} CMAKE_PREFIX_PATH=/home/aleksantari/ros2_snake_ws/install/yolo_msgs:/opt/ros/humble LD_LIBRARY_PATH=/home/aleksantari/ros2_snake_ws/install/yolo_msgs/lib:${LD_LIBRARY_PATH} PYTHONPATH=/home/aleksantari/ros2_snake_ws/build/yolo_ros:/home/aleksantari/ros2_snake_ws/install/yolo_ros/lib/python3.10/site-packages:/home/aleksantari/ros2_snake_ws/install/yolo_msgs/local/lib/python3.10/dist-packages:${PYTHONPATH} /usr/bin/cmake --build /home/aleksantari/ros2_snake_ws/build/yolo_bringup -- -j2 -l2
[1.397s] DEBUG:colcon.colcon_core.event_handler.log_command:Invoked command in '/home/aleksantari/ros2_snake_ws/build/yolo_bringup' returned '0': AMENT_PREFIX_PATH=/home/aleksantari/ros2_snake_ws/install/yolo_ros:/home/aleksantari/ros2_snake_ws/install/yolo_msgs:${AMENT_PREFIX_PATH} CMAKE_PREFIX_PATH=/home/aleksantari/ros2_snake_ws/install/yolo_msgs:/opt/ros/humble LD_LIBRARY_PATH=/home/aleksantari/ros2_snake_ws/install/yolo_msgs/lib:${LD_LIBRARY_PATH} PYTHONPATH=/home/aleksantari/ros2_snake_ws/build/yolo_ros:/home/aleksantari/ros2_snake_ws/install/yolo_ros/lib/python3.10/site-packages:/home/aleksantari/ros2_snake_ws/install/yolo_msgs/local/lib/python3.10/dist-packages:${PYTHONPATH} /usr/bin/cmake --build /home/aleksantari/ros2_snake_ws/build/yolo_bringup -- -j2 -l2
[1.398s] DEBUG:colcon.colcon_core.event_handler.log_command:Invoking command in '/home/aleksantari/ros2_snake_ws/build/yolo_bringup': AMENT_PREFIX_PATH=/home/aleksantari/ros2_snake_ws/install/yolo_ros:/home/aleksantari/ros2_snake_ws/install/yolo_msgs:${AMENT_PREFIX_PATH} CMAKE_PREFIX_PATH=/home/aleksantari/ros2_snake_ws/install/yolo_msgs:/opt/ros/humble LD_LIBRARY_PATH=/home/aleksantari/ros2_snake_ws/install/yolo_msgs/lib:${LD_LIBRARY_PATH} PYTHONPATH=/home/aleksantari/ros2_snake_ws/build/yolo_ros:/home/aleksantari/ros2_snake_ws/install/yolo_ros/lib/python3.10/site-packages:/home/aleksantari/ros2_snake_ws/install/yolo_msgs/local/lib/python3.10/dist-packages:${PYTHONPATH} /usr/bin/cmake --install /home/aleksantari/ros2_snake_ws/build/yolo_bringup
[1.415s] Level 1:colcon.colcon_core.environment:create_environment_scripts_only(yolo_bringup)
[1.415s] Level 1:colcon.colcon_core.environment:checking '/home/aleksantari/ros2_snake_ws/install/yolo_bringup' for CMake module files
[1.416s] DEBUG:colcon.colcon_core.event_handler.log_command:Invoked command in '/home/aleksantari/ros2_snake_ws/build/yolo_bringup' returned '0': AMENT_PREFIX_PATH=/home/aleksantari/ros2_snake_ws/install/yolo_ros:/home/aleksantari/ros2_snake_ws/install/yolo_msgs:${AMENT_PREFIX_PATH} CMAKE_PREFIX_PATH=/home/aleksantari/ros2_snake_ws/install/yolo_msgs:/opt/ros/humble LD_LIBRARY_PATH=/home/aleksantari/ros2_snake_ws/install/yolo_msgs/lib:${LD_LIBRARY_PATH} PYTHONPATH=/home/aleksantari/ros2_snake_ws/build/yolo_ros:/home/aleksantari/ros2_snake_ws/install/yolo_ros/lib/python3.10/site-packages:/home/aleksantari/ros2_snake_ws/install/yolo_msgs/local/lib/python3.10/dist-packages:${PYTHONPATH} /usr/bin/cmake --install /home/aleksantari/ros2_snake_ws/build/yolo_bringup
[1.416s] Level 1:colcon.colcon_core.environment:checking '/home/aleksantari/ros2_snake_ws/install/yolo_bringup' for CMake config files
[1.416s] Level 1:colcon.colcon_core.shell:create_environment_hook('yolo_bringup', 'cmake_prefix_path')
[1.416s] INFO:colcon.colcon_core.shell:Creating environment hook '/home/aleksantari/ros2_snake_ws/install/yolo_bringup/share/yolo_bringup/hook/cmake_prefix_path.ps1'
[1.417s] INFO:colcon.colcon_core.shell:Creating environment descriptor '/home/aleksantari/ros2_snake_ws/install/yolo_bringup/share/yolo_bringup/hook/cmake_prefix_path.dsv'
[1.417s] INFO:colcon.colcon_core.shell:Creating environment hook '/home/aleksantari/ros2_snake_ws/install/yolo_bringup/share/yolo_bringup/hook/cmake_prefix_path.sh'
[1.417s] Level 1:colcon.colcon_core.environment:checking '/home/aleksantari/ros2_snake_ws/install/yolo_bringup/bin'
[1.417s] Level 1:colcon.colcon_core.environment:checking '/home/aleksantari/ros2_snake_ws/install/yolo_bringup/lib/pkgconfig/yolo_bringup.pc'
[1.417s] Level 1:colcon.colcon_core.environment:checking '/home/aleksantari/ros2_snake_ws/install/yolo_bringup/lib/python3.10/site-packages'
[1.417s] Level 1:colcon.colcon_core.environment:checking '/home/aleksantari/ros2_snake_ws/install/yolo_bringup/bin'
[1.417s] INFO:colcon.colcon_core.shell:Creating package script '/home/aleksantari/ros2_snake_ws/install/yolo_bringup/share/yolo_bringup/package.ps1'
[1.418s] INFO:colcon.colcon_core.shell:Creating package descriptor '/home/aleksantari/ros2_snake_ws/install/yolo_bringup/share/yolo_bringup/package.dsv'
[1.418s] INFO:colcon.colcon_core.shell:Creating package script '/home/aleksantari/ros2_snake_ws/install/yolo_bringup/share/yolo_bringup/package.sh'
[1.418s] INFO:colcon.colcon_core.shell:Creating package script '/home/aleksantari/ros2_snake_ws/install/yolo_bringup/share/yolo_bringup/package.bash'
[1.418s] INFO:colcon.colcon_core.shell:Creating package script '/home/aleksantari/ros2_snake_ws/install/yolo_bringup/share/yolo_bringup/package.zsh'
[1.418s] Level 1:colcon.colcon_core.environment:create_file_with_runtime_dependencies(/home/aleksantari/ros2_snake_ws/install/yolo_bringup/share/colcon-core/packages/yolo_bringup)
[1.419s] Level 1:colcon.colcon_core.environment:create_environment_scripts_only(yolo_bringup)
[1.419s] Level 1:colcon.colcon_core.environment:checking '/home/aleksantari/ros2_snake_ws/install/yolo_bringup' for CMake module files
[1.419s] Level 1:colcon.colcon_core.environment:checking '/home/aleksantari/ros2_snake_ws/install/yolo_bringup' for CMake config files
[1.419s] Level 1:colcon.colcon_core.shell:create_environment_hook('yolo_bringup', 'cmake_prefix_path')
[1.419s] INFO:colcon.colcon_core.shell:Creating environment hook '/home/aleksantari/ros2_snake_ws/install/yolo_bringup/share/yolo_bringup/hook/cmake_prefix_path.ps1'
[1.419s] INFO:colcon.colcon_core.shell:Creating environment descriptor '/home/aleksantari/ros2_snake_ws/install/yolo_bringup/share/yolo_bringup/hook/cmake_prefix_path.dsv'
[1.420s] INFO:colcon.colcon_core.shell:Creating environment hook '/home/aleksantari/ros2_snake_ws/install/yolo_bringup/share/yolo_bringup/hook/cmake_prefix_path.sh'
[1.420s] Level 1:colcon.colcon_core.environment:checking '/home/aleksantari/ros2_snake_ws/install/yolo_bringup/bin'
[1.420s] Level 1:colcon.colcon_core.environment:checking '/home/aleksantari/ros2_snake_ws/install/yolo_bringup/lib/pkgconfig/yolo_bringup.pc'
[1.420s] Level 1:colcon.colcon_core.environment:checking '/home/aleksantari/ros2_snake_ws/install/yolo_bringup/lib/python3.10/site-packages'
[1.420s] Level 1:colcon.colcon_core.environment:checking '/home/aleksantari/ros2_snake_ws/install/yolo_bringup/bin'
[1.420s] INFO:colcon.colcon_core.shell:Creating package script '/home/aleksantari/ros2_snake_ws/install/yolo_bringup/share/yolo_bringup/package.ps1'
[1.420s] INFO:colcon.colcon_core.shell:Creating package descriptor '/home/aleksantari/ros2_snake_ws/install/yolo_bringup/share/yolo_bringup/package.dsv'
[1.421s] INFO:colcon.colcon_core.shell:Creating package script '/home/aleksantari/ros2_snake_ws/install/yolo_bringup/share/yolo_bringup/package.sh'
[1.421s] INFO:colcon.colcon_core.shell:Creating package script '/home/aleksantari/ros2_snake_ws/install/yolo_bringup/share/yolo_bringup/package.bash'
[1.421s] INFO:colcon.colcon_core.shell:Creating package script '/home/aleksantari/ros2_snake_ws/install/yolo_bringup/share/yolo_bringup/package.zsh'
[1.421s] Level 1:colcon.colcon_core.environment:create_file_with_runtime_dependencies(/home/aleksantari/ros2_snake_ws/install/yolo_bringup/share/colcon-core/packages/yolo_bringup)
[1.421s] DEBUG:colcon.colcon_parallel_executor.executor.parallel:closing loop
[1.421s] DEBUG:colcon.colcon_parallel_executor.executor.parallel:loop closed
[1.422s] DEBUG:colcon.colcon_parallel_executor.executor.parallel:run_until_complete finished with '0'
[1.422s] DEBUG:colcon.colcon_core.event_reactor:joining thread
[1.425s] INFO:colcon.colcon_core.plugin_system:Skipping extension 'colcon_notification.desktop_notification.terminal_notifier': Not used on non-Darwin systems
[1.425s] INFO:colcon.colcon_core.plugin_system:Skipping extension 'colcon_notification.desktop_notification.win32': Not used on non-Windows systems
[1.425s] INFO:colcon.colcon_notification.desktop_notification:Sending desktop notification using 'notify2'
[1.443s] DEBUG:colcon.colcon_core.event_reactor:joined thread
[1.444s] INFO:colcon.colcon_core.shell:Creating prefix script '/home/aleksantari/ros2_snake_ws/install/local_setup.ps1'
[1.444s] INFO:colcon.colcon_core.shell:Creating prefix util module '/home/aleksantari/ros2_snake_ws/install/_local_setup_util_ps1.py'
[1.447s] INFO:colcon.colcon_core.shell:Creating prefix chain script '/home/aleksantari/ros2_snake_ws/install/setup.ps1'
[1.447s] INFO:colcon.colcon_core.shell:Creating prefix script '/home/aleksantari/ros2_snake_ws/install/local_setup.sh'
[1.448s] INFO:colcon.colcon_core.shell:Creating prefix util module '/home/aleksantari/ros2_snake_ws/install/_local_setup_util_sh.py'
[1.448s] INFO:colcon.colcon_core.shell:Creating prefix chain script '/home/aleksantari/ros2_snake_ws/install/setup.sh'
[1.448s] INFO:colcon.colcon_core.shell:Creating prefix script '/home/aleksantari/ros2_snake_ws/install/local_setup.bash'
[1.449s] INFO:colcon.colcon_core.shell:Creating prefix chain script '/home/aleksantari/ros2_snake_ws/install/setup.bash'
[1.449s] INFO:colcon.colcon_core.shell:Creating prefix script '/home/aleksantari/ros2_snake_ws/install/local_setup.zsh'
[1.449s] INFO:colcon.colcon_core.shell:Creating prefix chain script '/home/aleksantari/ros2_snake_ws/install/setup.zsh'
