[0.005s] Invoking command in '/home/aleksantari/ros2_snake_ws/build/yolo_bringup': AMENT_PREFIX_PATH=/home/aleksantari/ros2_snake_ws/install/yolo_ros:/home/aleksantari/ros2_snake_ws/install/yolo_msgs:${AMENT_PREFIX_PATH} CMAKE_PREFIX_PATH=/home/aleksantari/ros2_snake_ws/install/yolo_msgs:/home/aleksantari/ros2_snake_ws/install/snake_segmentation:/home/aleksantari/ros2_ws/install/my_robot_controller:/opt/ros/humble LD_LIBRARY_PATH=/home/aleksantari/ros2_snake_ws/install/yolo_msgs/lib:${LD_LIBRARY_PATH} PYTHONPATH=/home/aleksantari/ros2_snake_ws/build/yolo_ros:/home/aleksantari/ros2_snake_ws/install/yolo_ros/lib/python3.10/site-packages:/home/aleksantari/ros2_snake_ws/install/yolo_msgs/local/lib/python3.10/dist-packages:${PYTHONPATH} /usr/bin/cmake /home/aleksantari/ros2_snake_ws/src/yolo_ros/yolo_bringup -DAMENT_CMAKE_SYMLINK_INSTALL=1 -DCMAKE_INSTALL_PREFIX=/home/aleksantari/ros2_snake_ws/install/yolo_bringup
[0.047s] -- The C compiler identification is GNU 11.4.0
[0.077s] -- The CXX compiler identification is GNU 11.4.0
[0.081s] -- Detecting C compiler ABI info
[0.116s] -- Detecting C compiler ABI info - done
[0.121s] -- Check for working C compiler: /usr/bin/cc - skipped
[0.121s] -- Detecting C compile features
[0.122s] -- Detecting C compile features - done
[0.124s] -- Detecting CXX compiler ABI info
[0.179s] -- Detecting CXX compiler ABI info - done
[0.184s] -- Check for working CXX compiler: /usr/bin/c++ - skipped
[0.184s] -- Detecting CXX compile features
[0.185s] -- Detecting CXX compile features - done
[0.186s] -- Found ament_cmake: 1.3.11 (/opt/ros/humble/share/ament_cmake/cmake)
[0.279s] -- Found Python3: /usr/bin/python3 (found version "3.10.12") found components: Interpreter 
[0.315s] -- Override CMake install command with custom implementation using symlinks instead of copying resources
[0.377s] -- Configuring done
[0.379s] -- Generating done
[0.380s] -- Build files have been written to: /home/aleksantari/ros2_snake_ws/build/yolo_bringup
[0.384s] Invoked command in '/home/aleksantari/ros2_snake_ws/build/yolo_bringup' returned '0': AMENT_PREFIX_PATH=/home/aleksantari/ros2_snake_ws/install/yolo_ros:/home/aleksantari/ros2_snake_ws/install/yolo_msgs:${AMENT_PREFIX_PATH} CMAKE_PREFIX_PATH=/home/aleksantari/ros2_snake_ws/install/yolo_msgs:/home/aleksantari/ros2_snake_ws/install/snake_segmentation:/home/aleksantari/ros2_ws/install/my_robot_controller:/opt/ros/humble LD_LIBRARY_PATH=/home/aleksantari/ros2_snake_ws/install/yolo_msgs/lib:${LD_LIBRARY_PATH} PYTHONPATH=/home/aleksantari/ros2_snake_ws/build/yolo_ros:/home/aleksantari/ros2_snake_ws/install/yolo_ros/lib/python3.10/site-packages:/home/aleksantari/ros2_snake_ws/install/yolo_msgs/local/lib/python3.10/dist-packages:${PYTHONPATH} /usr/bin/cmake /home/aleksantari/ros2_snake_ws/src/yolo_ros/yolo_bringup -DAMENT_CMAKE_SYMLINK_INSTALL=1 -DCMAKE_INSTALL_PREFIX=/home/aleksantari/ros2_snake_ws/install/yolo_bringup
[0.384s] Invoking command in '/home/aleksantari/ros2_snake_ws/build/yolo_bringup': AMENT_PREFIX_PATH=/home/aleksantari/ros2_snake_ws/install/yolo_ros:/home/aleksantari/ros2_snake_ws/install/yolo_msgs:${AMENT_PREFIX_PATH} CMAKE_PREFIX_PATH=/home/aleksantari/ros2_snake_ws/install/yolo_msgs:/home/aleksantari/ros2_snake_ws/install/snake_segmentation:/home/aleksantari/ros2_ws/install/my_robot_controller:/opt/ros/humble LD_LIBRARY_PATH=/home/aleksantari/ros2_snake_ws/install/yolo_msgs/lib:${LD_LIBRARY_PATH} PYTHONPATH=/home/aleksantari/ros2_snake_ws/build/yolo_ros:/home/aleksantari/ros2_snake_ws/install/yolo_ros/lib/python3.10/site-packages:/home/aleksantari/ros2_snake_ws/install/yolo_msgs/local/lib/python3.10/dist-packages:${PYTHONPATH} /usr/bin/cmake --build /home/aleksantari/ros2_snake_ws/build/yolo_bringup -- -j2 -l2
[0.402s] Invoked command in '/home/aleksantari/ros2_snake_ws/build/yolo_bringup' returned '0': AMENT_PREFIX_PATH=/home/aleksantari/ros2_snake_ws/install/yolo_ros:/home/aleksantari/ros2_snake_ws/install/yolo_msgs:${AMENT_PREFIX_PATH} CMAKE_PREFIX_PATH=/home/aleksantari/ros2_snake_ws/install/yolo_msgs:/home/aleksantari/ros2_snake_ws/install/snake_segmentation:/home/aleksantari/ros2_ws/install/my_robot_controller:/opt/ros/humble LD_LIBRARY_PATH=/home/aleksantari/ros2_snake_ws/install/yolo_msgs/lib:${LD_LIBRARY_PATH} PYTHONPATH=/home/aleksantari/ros2_snake_ws/build/yolo_ros:/home/aleksantari/ros2_snake_ws/install/yolo_ros/lib/python3.10/site-packages:/home/aleksantari/ros2_snake_ws/install/yolo_msgs/local/lib/python3.10/dist-packages:${PYTHONPATH} /usr/bin/cmake --build /home/aleksantari/ros2_snake_ws/build/yolo_bringup -- -j2 -l2
[0.403s] Invoking command in '/home/aleksantari/ros2_snake_ws/build/yolo_bringup': AMENT_PREFIX_PATH=/home/aleksantari/ros2_snake_ws/install/yolo_ros:/home/aleksantari/ros2_snake_ws/install/yolo_msgs:${AMENT_PREFIX_PATH} CMAKE_PREFIX_PATH=/home/aleksantari/ros2_snake_ws/install/yolo_msgs:/home/aleksantari/ros2_snake_ws/install/snake_segmentation:/home/aleksantari/ros2_ws/install/my_robot_controller:/opt/ros/humble LD_LIBRARY_PATH=/home/aleksantari/ros2_snake_ws/install/yolo_msgs/lib:${LD_LIBRARY_PATH} PYTHONPATH=/home/aleksantari/ros2_snake_ws/build/yolo_ros:/home/aleksantari/ros2_snake_ws/install/yolo_ros/lib/python3.10/site-packages:/home/aleksantari/ros2_snake_ws/install/yolo_msgs/local/lib/python3.10/dist-packages:${PYTHONPATH} /usr/bin/cmake --install /home/aleksantari/ros2_snake_ws/build/yolo_bringup
[0.406s] -- Install configuration: ""
[0.407s] -- Execute custom install script
[0.407s] -- Symlinking: /home/aleksantari/ros2_snake_ws/install/yolo_bringup/share/yolo_bringup//launch/yolo-world.launch.py
[0.411s] -- Symlinking: /home/aleksantari/ros2_snake_ws/install/yolo_bringup/share/yolo_bringup//launch/yolo.launch.py
[0.415s] -- Symlinking: /home/aleksantari/ros2_snake_ws/install/yolo_bringup/share/yolo_bringup//launch/yolov10.launch.py
[0.419s] -- Symlinking: /home/aleksantari/ros2_snake_ws/install/yolo_bringup/share/yolo_bringup//launch/yolov11.launch.py
[0.422s] -- Symlinking: /home/aleksantari/ros2_snake_ws/install/yolo_bringup/share/yolo_bringup//launch/yolov12.launch.py
[0.426s] -- Symlinking: /home/aleksantari/ros2_snake_ws/install/yolo_bringup/share/yolo_bringup//launch/yolov5.launch.py
[0.437s] -- Symlinking: /home/aleksantari/ros2_snake_ws/install/yolo_bringup/share/yolo_bringup//launch/yolov8.launch.py
[0.442s] -- Symlinking: /home/aleksantari/ros2_snake_ws/install/yolo_bringup/share/yolo_bringup//launch/yolov9.launch.py
[0.446s] -- Symlinking: /home/aleksantari/ros2_snake_ws/install/yolo_bringup/share/ament_index/resource_index/package_run_dependencies/yolo_bringup
[0.451s] -- Symlinking: /home/aleksantari/ros2_snake_ws/install/yolo_bringup/share/ament_index/resource_index/parent_prefix_path/yolo_bringup
[0.454s] -- Symlinking: /home/aleksantari/ros2_snake_ws/install/yolo_bringup/share/yolo_bringup/environment/ament_prefix_path.sh
[0.458s] -- Symlinking: /home/aleksantari/ros2_snake_ws/install/yolo_bringup/share/yolo_bringup/environment/ament_prefix_path.dsv
[0.462s] -- Symlinking: /home/aleksantari/ros2_snake_ws/install/yolo_bringup/share/yolo_bringup/environment/path.sh
[0.466s] -- Symlinking: /home/aleksantari/ros2_snake_ws/install/yolo_bringup/share/yolo_bringup/environment/path.dsv
[0.469s] -- Symlinking: /home/aleksantari/ros2_snake_ws/install/yolo_bringup/share/yolo_bringup/local_setup.bash
[0.473s] -- Symlinking: /home/aleksantari/ros2_snake_ws/install/yolo_bringup/share/yolo_bringup/local_setup.sh
[0.477s] -- Symlinking: /home/aleksantari/ros2_snake_ws/install/yolo_bringup/share/yolo_bringup/local_setup.zsh
[0.481s] -- Symlinking: /home/aleksantari/ros2_snake_ws/install/yolo_bringup/share/yolo_bringup/local_setup.dsv
[0.486s] -- Symlinking: /home/aleksantari/ros2_snake_ws/install/yolo_bringup/share/yolo_bringup/package.dsv
[0.490s] -- Symlinking: /home/aleksantari/ros2_snake_ws/install/yolo_bringup/share/ament_index/resource_index/packages/yolo_bringup
[0.494s] -- Symlinking: /home/aleksantari/ros2_snake_ws/install/yolo_bringup/share/yolo_bringup/cmake/yolo_bringupConfig.cmake
[0.499s] -- Symlinking: /home/aleksantari/ros2_snake_ws/install/yolo_bringup/share/yolo_bringup/cmake/yolo_bringupConfig-version.cmake
[0.503s] -- Symlinking: /home/aleksantari/ros2_snake_ws/install/yolo_bringup/share/yolo_bringup/package.xml
[0.509s] Invoked command in '/home/aleksantari/ros2_snake_ws/build/yolo_bringup' returned '0': AMENT_PREFIX_PATH=/home/aleksantari/ros2_snake_ws/install/yolo_ros:/home/aleksantari/ros2_snake_ws/install/yolo_msgs:${AMENT_PREFIX_PATH} CMAKE_PREFIX_PATH=/home/aleksantari/ros2_snake_ws/install/yolo_msgs:/home/aleksantari/ros2_snake_ws/install/snake_segmentation:/home/aleksantari/ros2_ws/install/my_robot_controller:/opt/ros/humble LD_LIBRARY_PATH=/home/aleksantari/ros2_snake_ws/install/yolo_msgs/lib:${LD_LIBRARY_PATH} PYTHONPATH=/home/aleksantari/ros2_snake_ws/build/yolo_ros:/home/aleksantari/ros2_snake_ws/install/yolo_ros/lib/python3.10/site-packages:/home/aleksantari/ros2_snake_ws/install/yolo_msgs/local/lib/python3.10/dist-packages:${PYTHONPATH} /usr/bin/cmake --install /home/aleksantari/ros2_snake_ws/build/yolo_bringup
